Archive member included to satisfy reference by file (symbol)

c:/devkitPro/libctru/lib\libarchive.a(archive_entry.o)
                              archive.o (archive_entry_pathname)
c:/devkitPro/libctru/lib\libarchive.a(archive_entry_sparse.o)
                              c:/devkitPro/libctru/lib\libarchive.a(archive_entry.o) (archive_entry_sparse_clear)
c:/devkitPro/libctru/lib\libarchive.a(archive_entry_xattr.o)
                              c:/devkitPro/libctru/lib\libarchive.a(archive_entry.o) (archive_entry_xattr_clear)
c:/devkitPro/libctru/lib\libarchive.a(archive_read.o)
                              archive.o (archive_read_new)
c:/devkitPro/libctru/lib\libarchive.a(archive_read_open_memory.o)
                              archive.o (archive_read_open_memory)
c:/devkitPro/libctru/lib\libarchive.a(archive_read_support_format_7zip.o)
                              archive.o (archive_read_support_format_7zip)
c:/devkitPro/libctru/lib\libarchive.a(archive_read_support_format_zip.o)
                              archive.o (archive_read_support_format_zip)
c:/devkitPro/libctru/lib\libarchive.a(archive_string.o)
                              c:/devkitPro/libctru/lib\libarchive.a(archive_read.o) (archive_string_free)
c:/devkitPro/libctru/lib\libarchive.a(archive_util.o)
                              c:/devkitPro/libctru/lib\libarchive.a(archive_read.o) (__archive_clean)
c:/devkitPro/libctru/lib\libarchive.a(archive_virtual.o)
                              c:/devkitPro/libctru/lib\libarchive.a(archive_util.o) (archive_filter_code)
c:/devkitPro/libctru/lib\libarchive.a(archive_write_disk_posix.o)
                              archive.o (archive_write_disk_set_options)
c:/devkitPro/libctru/lib\libarchive.a(archive_acl.o)
                              c:/devkitPro/libctru/lib\libarchive.a(archive_entry.o) (archive_acl_clear)
c:/devkitPro/libctru/lib\libarchive.a(archive_check_magic.o)
                              c:/devkitPro/libctru/lib\libarchive.a(archive_read.o) (__archive_check_magic)
c:/devkitPro/libctru/lib\libarchive.a(archive_ppmd7.o)
                              c:/devkitPro/libctru/lib\libarchive.a(archive_read_support_format_7zip.o) (__archive_ppmd7_functions)
c:/devkitPro/libctru/lib\libarchive.a(archive_rb.o)
                              c:/devkitPro/libctru/lib\libarchive.a(archive_read_support_format_zip.o) (__archive_rb_tree_init)
c:/devkitPro/libctru/lib\libarchive.a(archive_string_sprintf.o)
                              c:/devkitPro/libctru/lib\libarchive.a(archive_util.o) (archive_string_vsprintf)
c:/devkitPro/libctru/lib\libarchive.a(archive_write_disk_acl.o)
                              c:/devkitPro/libctru/lib\libarchive.a(archive_write_disk_posix.o) (archive_write_disk_set_acls)
c:/devkitPro/libctru/lib\liblzma.a(liblzma_la-common.o)
                              c:/devkitPro/libctru/lib\libarchive.a(archive_read_support_format_7zip.o) (lzma_code)
c:/devkitPro/libctru/lib\liblzma.a(liblzma_la-filter_decoder.o)
                              c:/devkitPro/libctru/lib\libarchive.a(archive_read_support_format_7zip.o) (lzma_raw_decoder)
c:/devkitPro/libctru/lib\liblzma.a(liblzma_la-lzma_decoder.o)
                              c:/devkitPro/libctru/lib\liblzma.a(liblzma_la-filter_decoder.o) (lzma_lzma_decoder_init)
c:/devkitPro/libctru/lib\liblzma.a(liblzma_la-lzma2_decoder.o)
                              c:/devkitPro/libctru/lib\liblzma.a(liblzma_la-filter_decoder.o) (lzma_lzma2_decoder_init)
c:/devkitPro/libctru/lib\liblzma.a(liblzma_la-delta_common.o)
                              c:/devkitPro/libctru/lib\liblzma.a(liblzma_la-filter_decoder.o) (lzma_delta_coder_memusage)
c:/devkitPro/libctru/lib\liblzma.a(liblzma_la-delta_decoder.o)
                              c:/devkitPro/libctru/lib\liblzma.a(liblzma_la-filter_decoder.o) (lzma_delta_decoder_init)
c:/devkitPro/libctru/lib\liblzma.a(liblzma_la-simple_decoder.o)
                              c:/devkitPro/libctru/lib\liblzma.a(liblzma_la-filter_decoder.o) (lzma_simple_props_decode)
c:/devkitPro/libctru/lib\liblzma.a(liblzma_la-x86.o)
                              c:/devkitPro/libctru/lib\liblzma.a(liblzma_la-filter_decoder.o) (lzma_simple_x86_decoder_init)
c:/devkitPro/libctru/lib\liblzma.a(liblzma_la-powerpc.o)
                              c:/devkitPro/libctru/lib\liblzma.a(liblzma_la-filter_decoder.o) (lzma_simple_powerpc_decoder_init)
c:/devkitPro/libctru/lib\liblzma.a(liblzma_la-ia64.o)
                              c:/devkitPro/libctru/lib\liblzma.a(liblzma_la-filter_decoder.o) (lzma_simple_ia64_decoder_init)
c:/devkitPro/libctru/lib\liblzma.a(liblzma_la-arm.o)
                              c:/devkitPro/libctru/lib\liblzma.a(liblzma_la-filter_decoder.o) (lzma_simple_arm_decoder_init)
c:/devkitPro/libctru/lib\liblzma.a(liblzma_la-armthumb.o)
                              c:/devkitPro/libctru/lib\liblzma.a(liblzma_la-filter_decoder.o) (lzma_simple_armthumb_decoder_init)
c:/devkitPro/libctru/lib\liblzma.a(liblzma_la-sparc.o)
[...]
Memory Configuration

Name             Origin             Length             Attributes
*default*        0x00000000         0xffffffff

Linker script and memory map

                0x00100000                PROVIDE (__start__, 0x100000)
                0x00100000                . = __start__

.text           0x00100000    0x6ad1c
 *(.crt0)
 .crt0          0x00100000       0x94 c:/devkitpro/devkitarm/bin/../lib/gcc/arm-none-eabi/7.1.0/../../../../arm-none-eabi/lib/armv6k/fpu/3dsx_crt0.o
                0x00100000                _start
                0x00100008                __service_ptr
                0x0010000c                __apt_appid
                0x00100010                __heap_size
                0x00100014                __linear_heap_size
                0x00100018                __system_arglist
                0x0010001c                __system_runflags
 *(.init)
 .init          0x00100094        0xc c:/devkitpro/devkitarm/bin/../lib/gcc/arm-none-eabi/7.1.0/armv6k/fpu/crti.o
                0x00100094                _init
 .init          0x001000a0        0xc c:/devkitpro/devkitarm/bin/../lib/gcc/arm-none-eabi/7.1.0/armv6k/fpu/crtn.o
                0x001000ac                . = ALIGN (0x4)
 *(.text)
 *fill*         0x001000ac        0x4 
 .text          0x001000b0       0x88 asm.o
                0x001000b0                flush_dcache
                0x001000bc                invalidate_icache
                0x001000c8                svcGlobalBackdoor
                0x001000d0                svc_30
                0x00100110                checkSvcGlobalBackdoor
                0x00100130                checkRunningCFW
 .text          0x00100138      0x5d8 c:/devkitPro/libctru/lib\libz.a(crc32.o)
                0x0010034c                get_crc_table
                0x00100358                crc32
                0x00100708                crc32_combine
                0x0010070c                crc32_combine64
 .text          0x00100710     0x40e0 c:/devkitPro/libctru/lib\libz.a(deflate.o)
                0x00101d8c                deflateSetDictionary
                0x00101fa4                deflateResetKeep
                0x0010207c                deflateReset
                0x001021e4                deflateSetHeader
                0x00102218                deflatePending
                0x00102264                deflatePrime
                0x0010230c                deflateTune
                0x00102344                deflateBound
                0x00102458                deflate
                0x00103ca8                deflateParams
                0x00103dc4                deflateEnd
                0x00103ee4                deflateInit2_
                0x001042ac                deflateInit_
                0x001045ec                deflateCopy
 .text          0x001047f0     0x2c58 c:/devkitPro/libctru/lib\libz.a(inflate.o)
                0x001047f0                inflateResetKeep
                0x00104880                inflateReset
                0x0010491c                inflateReset2
                0x00104a3c                inflateInit2_
                0x00104bc4                inflateInit_
                0x00104d28                inflatePrime
                0x00104da0                inflate
                0x00106c3c                inflateEnd
                0x00106ca0                inflateGetDictionary
                0x00106d38                inflateSetDictionary
                0x00106ee0                inflateGetHeader
                0x00106f1c                inflateSync
                0x001071d4                inflateSyncPoint
                0x00107214                inflateCopy
                0x001073c0                inflateUndermine
                0x001073f0                inflateMark
 .text          0x00107448      0xbf4 c:/devkitPro/libctru/lib\libz.a(inftrees.o)
                0x00107448                inflate_table
 .text          0x0010803c     0x257c c:/devkitPro/libctru/lib\libz.a(trees.o)
                0x0010956c                _tr_init
                0x00109638                _tr_stored_block
                0x001097cc                _tr_flush_bits
                0x00109868                _tr_align
                0x001099ec                _tr_flush_block
                0x0010a500                _tr_tally
 .text          0x0010a5b8       0x38 c:/devkitPro/libctru/lib\libz.a(zutil.o)
                0x0010a5b8                zlibVersion
                0x0010a5c4                zlibCompileFlags
                0x0010a5cc                zError
                0x0010a5e0                zcalloc
                0x0010a5e8                zcfree
 .text          0x0010a5f0      0x5c0 c:/devkitPro/libctru/lib\libz.a(adler32.o)
                0x0010a5f0                adler32
                0x0010aa38                adler32_combine
                0x0010aaf4                adler32_combine64
 .text          0x0010abb0      0xbe4 c:/devkitPro/libctru/lib\libz.a(inffast.o)
                0x0010abb0                inflate_fast
 .text          0x0010b794       0x64 c:/devkitPro/libctru/lib\libctru.a(stack_adjust.o)
                0x0010b794                initSystem
                0x0010b7d8                __ctru_exit
 .text          0x0010b7f8      0x20c c:/devkitpro/devkitarm/bin/../lib/gcc/arm-none-eabi/7.1.0/armv6k/fpu\libgcc.a(_udivsi3.o)
                0x0010b7f8                __aeabi_uidiv
                0x0010b7f8                __udivsi3
                0x0010b9e4                __aeabi_uidivmod
 .text          0x0010ba04      0x240 c:/devkitpro/devkitarm/bin/../lib/gcc/arm-none-eabi/7.1.0/armv6k/fpu\libgcc.a(_divsi3.o)
                0x0010ba04                __divsi3
                0x0010ba04                __aeabi_idiv
                0x0010bc24                __aeabi_idivmod
 .text          0x0010bc44        0x4 c:/devkitpro/devkitarm/bin/../lib/gcc/arm-none-eabi/7.1.0/armv6k/fpu\libgcc.a(_dvmd_tls.o)
                0x0010bc44                __aeabi_idiv0
                0x0010bc44                __aeabi_ldiv0
 .text          0x0010bc48       0xd4 c:/devkitpro/devkitarm/bin/../lib/gcc/arm-none-eabi/7.1.0/armv6k/fpu\libgcc.a(_aeabi_ldivmod.o)
                0x0010bc48                __aeabi_ldivmod
 .text          0x0010bd1c       0x3c c:/devkitpro/devkitarm/bin/../lib/gcc/arm-none-eabi/7.1.0/armv6k/fpu\libgcc.a(_aeabi_uldivmod.o)
                0x0010bd1c                __aeabi_uldivmod
 *fill*         0x0010bd58        0x8 
 .text          0x0010bd60      0x390 c:/devkitpro/devkitarm/bin/../lib/gcc/arm-none-eabi/7.1.0/../../../../arm-none-eabi/lib/armv6k/fpu\libg.a(lib_a-strcmp.o)
                0x0010bd68                strcmp
 *(.text.*)
 .text.deregister_tm_clones
                0x0010c0f0       0x2c c:/devkitpro/devkitarm/bin/../lib/gcc/arm-none-eabi/7.1.0/armv6k/fpu/crtbegin.o
 .text.register_tm_clones
                0x0010c11c       0x38 c:/devkitpro/devkitarm/bin/../lib/gcc/arm-none-eabi/7.1.0/armv6k/fpu/crtbegin.o
 .text.__do_global_dtors_aux
                0x0010c154       0x44 c:/devkitpro/devkitarm/bin/../lib/gcc/arm-none-eabi/7.1.0/armv6k/fpu/crtbegin.o
 .text.frame_dummy
                0x0010c198       0x34 c:/devkitpro/devkitarm/bin/../lib/gcc/arm-none-eabi/7.1.0/armv6k/fpu/crtbegin.o
 .text.copy_data
                0x0010c1cc       0x84 archive.o
 .text.archiveExtractFile
                0x0010c250      0x194 archive.o
                0x0010c250                archiveExtractFile
 .text.fsOpenAndWrite
                0x0010c3e4       0xa0 fs.o
                0x0010c3e4                fsOpenAndWrite
 .text.fsOpenAndRead
                0x0010c484       0x94 fs.o
                0x0010c484                fsOpenAndRead
 .text.checkFileExists
                0x0010c518       0x2c fs.o
                0x0010c518                checkFileExists
 *fill*         0x0010c544        0x4 
 .text.progressbar
                0x0010c548       0xd4 httpc.o
                0x0010c548                progressbar
 .text.httpDownloadData
                0x0010c61c      0x238 httpc.o
                0x0010c61c                httpDownloadData
 .text.httpRetrieveData
                0x0010c854       0x10 httpc.o
                0x0010c854                httpRetrieveData
 .text.httpBufSize
                0x0010c864       0x10 httpc.o
                0x0010c864                httpBufSize
 .text.httpFree
                0x0010c874       0x10 httpc.o
                0x0010c874                httpFree
 .text.jsmn_parse
                0x0010c884      0x670 jsmn.o
                0x0010c884                jsmn_parse
 .text.jsmn_init
                0x0010cef4       0x18 jsmn.o
                0x0010cef4                jsmn_init
 .text.print    0x0010cf0c       0x50 log.o
                0x0010cf0c                print
 .text.jsoneq   0x0010cf5c       0x60 main.o
                0x0010cf5c                jsoneq
 .text.parseApi
                0x0010cfbc      0x188 main.o
                0x0010cfbc                parseApi
 *fill*         0x0010d144        0x4 
 .text.downloadExtractStep1
                0x0010d148      0x2e0 main.o
                0x0010d148                downloadExtractStep1
 .text.ciaInstall
                0x0010d428      0x234 main.o
                0x0010d428                ciaInstall
 *fill*         0x0010d65c        0x4 
 .text.doExploitsStep1
                0x0010d660      0x150 main.o
                0x0010d660                doExploitsStep1
 .text.downloadExtractStep2
                0x0010d7b0      0xa68 main.o
                0x0010d7b0                downloadExtractStep2
 .text.startup.main
                0x0010e218      0x1c0 main.o
                0x0010e218                main
 .text.K_PatchPID
                0x0010e3d8       0x34 kernel.o
 .text.K_RestorePID
                0x0010e40c       0x2c kernel.o
 .text.initial_kernel_function
                0x0010e438       0x14 kernel.o
                0x0010e438                initial_kernel_function
 .text.K_PatchACL
                0x0010e44c       0x54 kernel.o
 .text.gspSetTextureCopy
                0x0010e4a0       0xdc kernel.o
                0x0010e4a0                gspSetTextureCopy
 *fill*         0x0010e57c        0x4 
 .text.hook_kernel
                0x0010e580      0x344 kernel.o
                0x0010e580                hook_kernel
 .text.initsrv_allservices
                0x0010e8c4       0x58 kernel.o
                0x0010e8c4                initsrv_allservices
 .text.patch_svcaccesstable
                0x0010e91c       0x2c kernel.o
                0x0010e91c                patch_svcaccesstable
 .text.patch_arm11_codeflow
                0x0010e948      0x164 safehax.o
                0x0010e948                patch_arm11_codeflow
 .text.FileRead
                0x0010eaac       0xa4 safehax.o
                0x0010eaac                FileRead
 .text.safehax  0x0010eb50      0x368 safehax.o
                0x0010eb50                safehax
 .text.__system_allocateHeaps
                0x0010eeb8       0xac udsploit.o
                0x0010eeb8                __system_allocateHeaps
 .text.allocHeapWithLa
                0x0010ef64      0x1b4 udsploit.o
                0x0010ef64                allocHeapWithLa
 .text.udsploit
                0x0010f118      0x3fc udsploit.o
                0x0010f118                udsploit
 .text.archive_entry_clear
                0x0010f514       0x90 c:/devkitPro/libctru/lib\libarchive.a(archive_entry.o)
                0x0010f514                archive_entry_clear
 .text.archive_entry_clone
                0x0010f5a4      0x15c c:/devkitPro/libctru/lib\libarchive.a(archive_entry.o)
                0x0010f5a4                archive_entry_clone
 .text.archive_entry_free
                0x0010f700       0x84 c:/devkitPro/libctru/lib\libarchive.a(archive_entry.o)
                0x0010f700                archive_entry_free
 .text.archive_entry_new2
                0x0010f784       0x20 c:/devkitPro/libctru/lib\libarchive.a(archive_entry.o)
                0x0010f784                archive_entry_new2
 .text.archive_entry_atime
                0x0010f7a4        0x8 c:/devkitPro/libctru/lib\libarchive.a(archive_entry.o)
                0x0010f7a4                archive_entry_atime
 .text.archive_entry_atime_nsec
                0x0010f7ac        0x8 c:/devkitPro/libctru/lib\libarchive.a(archive_entry.o)
                0x0010f7ac                archive_entry_atime_nsec
 .text.archive_entry_atime_is_set
                0x0010f7b4        0xc c:/devkitPro/libctru/lib\libarchive.a(archive_entry.o)
                0x0010f7b4                archive_entry_atime_is_set
 .text.archive_entry_birthtime
                0x0010f7c0        0x8 c:/devkitPro/libctru/lib\libarchive.a(archive_entry.o)
                0x0010f7c0                archive_entry_birthtime
 .text.archive_entry_birthtime_nsec
                0x0010f7c8        0x8 c:/devkitPro/libctru/lib\libarchive.a(archive_entry.o)
                0x0010f7c8                archive_entry_birthtime_nsec
 .text.archive_entry_birthtime_is_set
                0x0010f7d0        0xc c:/devkitPro/libctru/lib\libarchive.a(archive_entry.o)
                0x0010f7d0                archive_entry_birthtime_is_set
 .text.archive_entry_ctime
                0x0010f7dc        0x8 c:/devkitPro/libctru/lib\libarchive.a(archive_entry.o)
                0x0010f7dc                archive_entry_ctime
 .text.archive_entry_ctime_is_set
                0x0010f7e4        0xc c:/devkitPro/libctru/lib\libarchive.a(archive_entry.o)
                0x0010f7e4                archive_entry_ctime_is_set
 .text.archive_entry_ctime_nsec
                0x0010f7f0        0x8 c:/devkitPro/libctru/lib\libarchive.a(archive_entry.o)
                0x0010f7f0                archive_entry_ctime_nsec
 .text.archive_entry_filetype
                0x0010f7f8        0xc c:/devkitPro/libctru/lib\libarchive.a(archive_entry.o)
                0x0010f7f8                archive_entry_filetype
 .text.archive_entry_fflags
                0x0010f804       0x14 c:/devkitPro/libctru/lib\libarchive.a(archive_entry.o)
                0x0010f804                archive_entry_fflags
 .text.archive_entry_gid
                0x0010f818        0x8 c:/devkitPro/libctru/lib\libarchive.a(archive_entry.o)
                0x0010f818                archive_entry_gid
 .text.archive_entry_gname
                0x0010f820       0x50 c:/devkitPro/libctru/lib\libarchive.a(archive_entry.o)
                0x0010f820                archive_entry_gname
 .text.archive_entry_hardlink
                0x0010f870       0x64 c:/devkitPro/libctru/lib\libarchive.a(archive_entry.o)
                0x0010f870                archive_entry_hardlink
 .text.archive_entry_mode
                0x0010f8d4        0x8 c:/devkitPro/libctru/lib\libarchive.a(archive_entry.o)
                0x0010f8d4                archive_entry_mode
 .text.archive_entry_mtime
                0x0010f8dc        0x8 c:/devkitPro/libctru/lib\libarchive.a(archive_entry.o)
                0x0010f8dc                archive_entry_mtime
 .text.archive_entry_mtime_nsec
                0x0010f8e4        0x8 c:/devkitPro/libctru/lib\libarchive.a(archive_entry.o)
                0x0010f8e4                archive_entry_mtime_nsec
 .text.archive_entry_mtime_is_set
                0x0010f8ec        0xc c:/devkitPro/libctru/lib\libarchive.a(archive_entry.o)
                0x0010f8ec                archive_entry_mtime_is_set
 .text.archive_entry_pathname
                0x0010f8f8       0x50 c:/devkitPro/libctru/lib\libarchive.a(archive_entry.o)
                0x0010f8f8                archive_entry_pathname
 .text.archive_entry_pathname_w
                0x0010f948       0x50 c:/devkitPro/libctru/lib\libarchive.a(archive_entry.o)
                0x0010f948                archive_entry_pathname_w
 .text.archive_entry_size
                0x0010f998        0x8 c:/devkitPro/libctru/lib\libarchive.a(archive_entry.o)
                0x0010f998                archive_entry_size
 .text.archive_entry_size_is_set
                0x0010f9a0        0xc c:/devkitPro/libctru/lib\libarchive.a(archive_entry.o)
                0x0010f9a0                archive_entry_size_is_set
 .text.archive_entry_symlink
                0x0010f9ac       0x64 c:/devkitPro/libctru/lib\libarchive.a(archive_entry.o)
                0x0010f9ac                archive_entry_symlink
 .text.archive_entry_uid
                0x0010fa10        0x8 c:/devkitPro/libctru/lib\libarchive.a(archive_entry.o)
                0x0010fa10                archive_entry_uid
 .text.archive_entry_uname
                0x0010fa18       0x50 c:/devkitPro/libctru/lib\libarchive.a(archive_entry.o)
                0x0010fa18                archive_entry_uname
 .text.archive_entry_set_gid
                0x0010fa68       0x10 c:/devkitPro/libctru/lib\libarchive.a(archive_entry.o)
                0x0010fa68                archive_entry_set_gid
 .text.archive_entry_set_atime
                0x0010fa78       0x5c c:/devkitPro/libctru/lib\libarchive.a(archive_entry.o)
                0x0010fa78                archive_entry_set_atime
 .text.archive_entry_set_ctime
                0x0010fad4       0x5c c:/devkitPro/libctru/lib\libarchive.a(archive_entry.o)
                0x0010fad4                archive_entry_set_ctime
 .text.archive_entry_set_mode
                0x0010fb30       0x10 c:/devkitPro/libctru/lib\libarchive.a(archive_entry.o)
                0x0010fb30                archive_entry_set_mode
 .text.archive_entry_set_mtime
                0x0010fb40       0x5c c:/devkitPro/libctru/lib\libarchive.a(archive_entry.o)
                0x0010fb40                archive_entry_set_mtime
 .text.archive_entry_set_pathname
                0x0010fb9c        0x8 c:/devkitPro/libctru/lib\libarchive.a(archive_entry.o)
                0x0010fb9c                archive_entry_set_pathname
 .text._archive_entry_copy_pathname_l
                0x0010fba4        0x8 c:/devkitPro/libctru/lib\libarchive.a(archive_entry.o)
                0x0010fba4                _archive_entry_copy_pathname_l
 .text.archive_entry_set_size
                0x0010fbac       0x1c c:/devkitPro/libctru/lib\libarchive.a(archive_entry.o)
                0x0010fbac                archive_entry_set_size
 .text.archive_entry_unset_size
                0x0010fbc8       0x2c c:/devkitPro/libctru/lib\libarchive.a(archive_entry.o)
                0x0010fbc8                archive_entry_unset_size
 .text.archive_entry_copy_symlink
                0x0010fbf4       0x2c c:/devkitPro/libctru/lib\libarchive.a(archive_entry.o)
                0x0010fbf4                archive_entry_copy_symlink
 .text._archive_entry_copy_symlink_l
                0x0010fc20       0x3c c:/devkitPro/libctru/lib\libarchive.a(archive_entry.o)
                0x0010fc20                _archive_entry_copy_symlink_l
 .text.archive_entry_set_uid
                0x0010fc5c       0x10 c:/devkitPro/libctru/lib\libarchive.a(archive_entry.o)
                0x0010fc5c                archive_entry_set_uid
 .text.archive_entry_mac_metadata
                0x0010fc6c       0x10 c:/devkitPro/libctru/lib\libarchive.a(archive_entry.o)
                0x0010fc6c                archive_entry_mac_metadata
 .text.archive_entry_copy_mac_metadata
                0x0010fc7c       0x60 c:/devkitPro/libctru/lib\libarchive.a(archive_entry.o)
                0x0010fc7c                archive_entry_copy_mac_metadata
 .text.archive_entry_acl
                0x0010fcdc        0x8 c:/devkitPro/libctru/lib\libarchive.a(archive_entry.o)
                0x0010fcdc                archive_entry_acl
 .text.archive_entry_sparse_clear
                0x0010fce4       0x34 c:/devkitPro/libctru/lib\libarchive.a(archive_entry_sparse.o)
                0x0010fce4                archive_entry_sparse_clear
 .text.archive_entry_sparse_add_entry
                0x0010fd18       0xd4 c:/devkitPro/libctru/lib\libarchive.a(archive_entry_sparse.o)
                0x0010fd18                archive_entry_sparse_add_entry
 .text.archive_entry_xattr_clear
                0x0010fdec       0x4c c:/devkitPro/libctru/lib\libarchive.a(archive_entry_xattr.o)
                0x0010fdec                archive_entry_xattr_clear
 .text.archive_entry_xattr_add_entry
                0x0010fe38       0x80 c:/devkitPro/libctru/lib\libarchive.a(archive_entry_xattr.o)
                0x0010fe38                archive_entry_xattr_add_entry
 .text.archive_entry_xattr_count
                0x0010feb8       0x2c c:/devkitPro/libctru/lib\libarchive.a(archive_entry_xattr.o)
                0x0010feb8                archive_entry_xattr_count
 .text.client_read_proxy
                0x0010fee4       0x24 c:/devkitPro/libctru/lib\libarchive.a(archive_read.o)
 .text.client_seek_proxy
                0x0010ff08       0x34 c:/devkitPro/libctru/lib\libarchive.a(archive_read.o)
 .text.client_open_proxy
                0x0010ff3c       0x24 c:/devkitPro/libctru/lib\libarchive.a(archive_read.o)
 .text.client_switch_proxy
                0x0010ff60       0xac c:/devkitPro/libctru/lib\libarchive.a(archive_read.o)
 .text._archive_filter_count
                0x0011000c       0x2c c:/devkitPro/libctru/lib\libarchive.a(archive_read.o)
 .text._archive_filter_bytes
                0x00110038       0x90 c:/devkitPro/libctru/lib\libarchive.a(archive_read.o)
 .text.client_close_proxy
                0x001100c8       0x74 c:/devkitPro/libctru/lib\libarchive.a(archive_read.o)
 .text.client_skip_proxy
                0x0011013c      0x128 c:/devkitPro/libctru/lib\libarchive.a(archive_read.o)
 .text._archive_read_free
                0x00110264      0x134 c:/devkitPro/libctru/lib\libarchive.a(archive_read.o)
 .text._archive_read_data_block
                0x00110398       0x7c c:/devkitPro/libctru/lib\libarchive.a(archive_read.o)
 .text._archive_filter_code
                0x00110414       0x90 c:/devkitPro/libctru/lib\libarchive.a(archive_read.o)
 .text._archive_filter_name
                0x001104a4       0x90 c:/devkitPro/libctru/lib\libarchive.a(archive_read.o)
 .text._archive_read_close
                0x00110534       0xb0 c:/devkitPro/libctru/lib\libarchive.a(archive_read.o)
 .text._archive_read_next_header
                0x001105e4      0x238 c:/devkitPro/libctru/lib\libarchive.a(archive_read.o)
 .text._archive_read_next_header2
                0x0011081c      0x244 c:/devkitPro/libctru/lib\libarchive.a(archive_read.o)
 .text.archive_read_new
                0x00110a60       0xcc c:/devkitPro/libctru/lib\libarchive.a(archive_read.o)
                0x00110a60                archive_read_new
 .text.archive_read_set_open_callback
                0x00110b2c       0x34 c:/devkitPro/libctru/lib\libarchive.a(archive_read.o)
                0x00110b2c                archive_read_set_open_callback
 .text.archive_read_set_read_callback
                0x00110b60       0x34 c:/devkitPro/libctru/lib\libarchive.a(archive_read.o)
                0x00110b60                archive_read_set_read_callback
 .text.archive_read_set_skip_callback
                0x00110b94       0x34 c:/devkitPro/libctru/lib\libarchive.a(archive_read.o)
                0x00110b94                archive_read_set_skip_callback
 .text.archive_read_set_seek_callback
                0x00110bc8       0x34 c:/devkitPro/libctru/lib\libarchive.a(archive_read.o)
                0x00110bc8                archive_read_set_seek_callback
 .text.archive_read_set_close_callback
                0x00110bfc       0x34 c:/devkitPro/libctru/lib\libarchive.a(archive_read.o)
                0x00110bfc                archive_read_set_close_callback
 .text.archive_read_set_callback_data
                0x00110c30       0x98 c:/devkitPro/libctru/lib\libarchive.a(archive_read.o)
                0x00110c30                archive_read_set_callback_data
 .text.__archive_read_close_filters
                0x00110cc8       0x6c c:/devkitPro/libctru/lib\libarchive.a(archive_read.o)
                0x00110cc8                __archive_read_close_filters
 .text.archive_read_open1
                0x00110d34      0xa38 c:/devkitPro/libctru/lib\libarchive.a(archive_read.o)
                0x00110d34                archive_read_open1
 .text.__archive_read_register_format
                0x0011176c      0x254 c:/devkitPro/libctru/lib\libarchive.a(archive_read.o)
                0x0011176c                __archive_read_register_format
 .text.__archive_read_ahead
                0x001119c0      0x3a8 c:/devkitPro/libctru/lib\libarchive.a(archive_read.o)
                0x001119c0                __archive_read_ahead
 .text.__archive_read_consume
                0x00111d68      0x3f8 c:/devkitPro/libctru/lib\libarchive.a(archive_read.o)
                0x00111d68                __archive_read_consume
 .text.__archive_read_filter_seek
                0x00112160      0x6f8 c:/devkitPro/libctru/lib\libarchive.a(archive_read.o)
                0x00112160                __archive_read_filter_seek
 .text.__archive_read_seek
                0x00112858        0x8 c:/devkitPro/libctru/lib\libarchive.a(archive_read.o)
                0x00112858                __archive_read_seek
 .text.memory_read_open
                0x00112860        0x8 c:/devkitPro/libctru/lib\libarchive.a(archive_read_open_memory.o)
 .text.memory_read
                0x00112868       0x2c c:/devkitPro/libctru/lib\libarchive.a(archive_read_open_memory.o)
 .text.memory_read_skip
                0x00112894       0x64 c:/devkitPro/libctru/lib\libarchive.a(archive_read_open_memory.o)
 .text.memory_read_seek
                0x001128f8       0x90 c:/devkitPro/libctru/lib\libarchive.a(archive_read_open_memory.o)
 .text.memory_read_close
                0x00112988       0x14 c:/devkitPro/libctru/lib\libarchive.a(archive_read_open_memory.o)
 .text.archive_read_open_memory
                0x0011299c       0xb8 c:/devkitPro/libctru/lib\libarchive.a(archive_read_open_memory.o)
                0x0011299c                archive_read_open_memory
 .text.Bcj2_Decode
                0x00112a54      0x574 c:/devkitPro/libctru/lib\libarchive.a(archive_read_support_format_7zip.o)
 .text.set_error
                0x00112fc8       0xac c:/devkitPro/libctru/lib\libarchive.a(archive_read_support_format_7zip.o)
 .text.ppmd_read
                0x00113074       0x7c c:/devkitPro/libctru/lib\libarchive.a(archive_read_support_format_7zip.o)
 .text.ppmd_free
                0x001130f0        0x8 c:/devkitPro/libctru/lib\libarchive.a(archive_read_support_format_7zip.o)
 .text.ppmd_alloc
                0x001130f8        0x8 c:/devkitPro/libctru/lib\libarchive.a(archive_read_support_format_7zip.o)
 .text.init_decompression
                0x00113100      0x638 c:/devkitPro/libctru/lib\libarchive.a(archive_read_support_format_7zip.o)
 .text.seek_pack
                0x00113738       0xb8 c:/devkitPro/libctru/lib\libarchive.a(archive_read_support_format_7zip.o)
 .text.free_StreamsInfo
                0x001137f0       0xf8 c:/devkitPro/libctru/lib\libarchive.a(archive_read_support_format_7zip.o)
 .text.archive_read_format_7zip_cleanup
                0x001138e8       0xf8 c:/devkitPro/libctru/lib\libarchive.a(archive_read_support_format_7zip.o)
 .text.archive_read_format_7zip_bid
                0x001139e0      0x1d0 c:/devkitPro/libctru/lib\libarchive.a(archive_read_support_format_7zip.o)
 .text.extract_pack_stream
                0x00113bb0      0xdb4 c:/devkitPro/libctru/lib\libarchive.a(archive_read_support_format_7zip.o)
 .text.get_uncompressed_data
                0x00114964      0x12c c:/devkitPro/libctru/lib\libarchive.a(archive_read_support_format_7zip.o)
 .text.setup_decode_folder
                0x00114a90      0x874 c:/devkitPro/libctru/lib\libarchive.a(archive_read_support_format_7zip.o)
 .text.read_stream
                0x00115304      0x350 c:/devkitPro/libctru/lib\libarchive.a(archive_read_support_format_7zip.o)
 .text.read_Bools
                0x00115654      0x154 c:/devkitPro/libctru/lib\libarchive.a(archive_read_support_format_7zip.o)
 .text.archive_read_format_7zip_read_data_skip
                0x001157a8      0x474 c:/devkitPro/libctru/lib\libarchive.a(archive_read_support_format_7zip.o)
 .text.header_bytes
                0x00115c1c      0x3dc c:/devkitPro/libctru/lib\libarchive.a(archive_read_support_format_7zip.o)
 .text.header_bytes.constprop.3
                0x00115ff8      0x3ac c:/devkitPro/libctru/lib\libarchive.a(archive_read_support_format_7zip.o)
 .text.parse_7zip_uint64
                0x001163a4      0x424 c:/devkitPro/libctru/lib\libarchive.a(archive_read_support_format_7zip.o)
 .text.read_Digests
                0x001167c8      0x220 c:/devkitPro/libctru/lib\libarchive.a(archive_read_support_format_7zip.o)
 .text.read_StreamsInfo
                0x001169e8      0xf48 c:/devkitPro/libctru/lib\libarchive.a(archive_read_support_format_7zip.o)
 .text.archive_read_format_7zip_read_header
                0x00117930     0x1744 c:/devkitPro/libctru/lib\libarchive.a(archive_read_support_format_7zip.o)
 .text.archive_read_format_7zip_read_data
                0x00119074      0x4bc c:/devkitPro/libctru/lib\libarchive.a(archive_read_support_format_7zip.o)
 .text.archive_read_support_format_7zip
                0x00119530       0xd4 c:/devkitPro/libctru/lib\libarchive.a(archive_read_support_format_7zip.o)
                0x00119530                archive_read_support_format_7zip
 .text.cmp_node
                0x00119604       0x10 c:/devkitPro/libctru/lib\libarchive.a(archive_read_support_format_zip.o)
 .text.cmp_key  0x00119614        0x8 c:/devkitPro/libctru/lib\libarchive.a(archive_read_support_format_zip.o)
 .text.archive_read_format_zip_cleanup
                0x0011961c       0x9c c:/devkitPro/libctru/lib\libarchive.a(archive_read_support_format_zip.o)
 .text.archive_read_format_zip_streamable_bid
                0x001196b8       0xd0 c:/devkitPro/libctru/lib\libarchive.a(archive_read_support_format_zip.o)
 .text.archive_read_format_zip_options
                0x00119788       0xd8 c:/devkitPro/libctru/lib\libarchive.a(archive_read_support_format_zip.o)
 .text.rsrc_cmp_key
                0x00119860       0x10 c:/devkitPro/libctru/lib\libarchive.a(archive_read_support_format_zip.o)
 .text.rsrc_cmp_node
                0x00119870       0x10 c:/devkitPro/libctru/lib\libarchive.a(archive_read_support_format_zip.o)
 .text.archive_read_format_zip_seekable_bid
                0x00119880      0x258 c:/devkitPro/libctru/lib\libarchive.a(archive_read_support_format_zip.o)
 .text.zip_read_local_file_header
                0x00119ad8      0x9bc c:/devkitPro/libctru/lib\libarchive.a(archive_read_support_format_zip.o)
 .text.archive_read_format_zip_streamable_read_header
                0x0011a494      0x1f0 c:/devkitPro/libctru/lib\libarchive.a(archive_read_support_format_zip.o)
 .text.zip_read_data_deflate.isra.2
                0x0011a684      0x304 c:/devkitPro/libctru/lib\libarchive.a(archive_read_support_format_zip.o)
 .text.archive_read_format_zip_read_data_skip
                0x0011a988      0x224 c:/devkitPro/libctru/lib\libarchive.a(archive_read_support_format_zip.o)
 .text.archive_read_format_zip_read_data
                0x0011abac      0x464 c:/devkitPro/libctru/lib\libarchive.a(archive_read_support_format_zip.o)
 .text.archive_read_format_zip_seekable_read_header
                0x0011b010      0xbdc c:/devkitPro/libctru/lib\libarchive.a(archive_read_support_format_zip.o)
 .text.archive_read_support_format_zip
                0x0011bbec      0x150 c:/devkitPro/libctru/lib\libarchive.a(archive_read_support_format_zip.o)
                0x0011bbec                archive_read_support_format_zip
 .text.unicode_to_utf8
                0x0011bd3c      0x124 c:/devkitPro/libctru/lib\libarchive.a(archive_string.o)
 .text.utf16be_to_unicode
                0x0011be60       0xa8 c:/devkitPro/libctru/lib\libarchive.a(archive_string.o)
 .text.unicode_to_utf16be
                0x0011bf08       0x7c c:/devkitPro/libctru/lib\libarchive.a(archive_string.o)
 .text.unicode_to_utf16le
                0x0011bf84       0x7c c:/devkitPro/libctru/lib\libarchive.a(archive_string.o)
 .text.unlikely.add_converter.part.8
                0x0011c000       0x14 c:/devkitPro/libctru/lib\libarchive.a(archive_string.o)
 .text.canonical_charset_name.part.11
                0x0011c014      0x148 c:/devkitPro/libctru/lib\libarchive.a(archive_string.o)
 .text.unlikely.archive_string_concat.part.14
                0x0011c15c       0x14 c:/devkitPro/libctru/lib\libarchive.a(archive_string.o)
 .text.utf16le_to_unicode
                0x0011c170       0xa8 c:/devkitPro/libctru/lib\libarchive.a(archive_string.o)
 .text.get_sconv_object.part.12
                0x0011c218      0x47c c:/devkitPro/libctru/lib\libarchive.a(archive_string.o)
 .text.best_effort_strncat_from_utf16be
                0x0011c694      0x218 c:/devkitPro/libctru/lib\libarchive.a(archive_string.o)
 .text.best_effort_strncat_to_utf16le
                0x0011c8ac      0x16c c:/devkitPro/libctru/lib\libarchive.a(archive_string.o)
 .text.best_effort_strncat_from_utf16le
                0x0011ca18      0x218 c:/devkitPro/libctru/lib\libarchive.a(archive_string.o)
 .text.best_effort_strncat_to_utf16be
                0x0011cc30      0x16c c:/devkitPro/libctru/lib\libarchive.a(archive_string.o)
 .text.archive_string_append_unicode
                0x0011cd9c      0x368 c:/devkitPro/libctru/lib\libarchive.a(archive_string.o)
 .text.best_effort_strncat_in_locale
                0x0011d104      0x370 c:/devkitPro/libctru/lib\libarchive.a(archive_string.o)
 .text.cesu8_to_unicode
                0x0011d474      0x568 c:/devkitPro/libctru/lib\libarchive.a(archive_string.o)
 .text.strncat_from_utf8_to_utf8
                0x0011d9dc      0x770 c:/devkitPro/libctru/lib\libarchive.a(archive_string.o)
 .text.archive_string_normalize_C
                0x0011e14c     0x1c4c c:/devkitPro/libctru/lib\libarchive.a(archive_string.o)
 .text.archive_string_free
                0x0011fd98       0x24 c:/devkitPro/libctru/lib\libarchive.a(archive_string.o)
                0x0011fd98                archive_string_free
 .text.archive_string_ensure
                0x0011fdbc       0xc0 c:/devkitPro/libctru/lib\libarchive.a(archive_string.o)
                0x0011fdbc                archive_string_ensure
 .text.archive_strncat
                0x0011fe7c      0x138 c:/devkitPro/libctru/lib\libarchive.a(archive_string.o)
                0x0011fe7c                archive_strncat
 .text.archive_strcat
                0x0011ffb4      0x118 c:/devkitPro/libctru/lib\libarchive.a(archive_string.o)
                0x0011ffb4                archive_strcat
 .text.archive_strappend_char
                0x001200cc       0xf0 c:/devkitPro/libctru/lib\libarchive.a(archive_string.o)
                0x001200cc                archive_strappend_char
 .text.archive_wstring_append_from_mbs
                0x001201bc      0x284 c:/devkitPro/libctru/lib\libarchive.a(archive_string.o)
                0x001201bc                archive_wstring_append_from_mbs
 .text.archive_string_append_from_wcs
                0x00120440      0x290 c:/devkitPro/libctru/lib\libarchive.a(archive_string.o)
                0x00120440                archive_string_append_from_wcs
 .text.archive_string_conversion_from_charset
                0x001206d0       0xd0 c:/devkitPro/libctru/lib\libarchive.a(archive_string.o)
                0x001206d0                archive_string_conversion_from_charset
 .text.archive_string_default_conversion_for_read
                0x001207a0        0x8 c:/devkitPro/libctru/lib\libarchive.a(archive_string.o)
                0x001207a0                archive_string_default_conversion_for_read
 .text.archive_string_conversion_free
                0x001207a8       0x58 c:/devkitPro/libctru/lib\libarchive.a(archive_string.o)
                0x001207a8                archive_string_conversion_free
 .text.archive_string_conversion_charset_name
                0x00120800       0x18 c:/devkitPro/libctru/lib\libarchive.a(archive_string.o)
                0x00120800                archive_string_conversion_charset_name
 .text.archive_mstring_clean
                0x00120818       0x64 c:/devkitPro/libctru/lib\libarchive.a(archive_string.o)
                0x00120818                archive_mstring_clean
 .text.archive_mstring_copy
                0x0012087c      0x2d0 c:/devkitPro/libctru/lib\libarchive.a(archive_string.o)
                0x0012087c                archive_mstring_copy
 .text.archive_mstring_get_mbs
                0x00120b4c       0x68 c:/devkitPro/libctru/lib\libarchive.a(archive_string.o)
                0x00120b4c                archive_mstring_get_mbs
 .text.archive_mstring_get_wcs
                0x00120bb4       0x68 c:/devkitPro/libctru/lib\libarchive.a(archive_string.o)
                0x00120bb4                archive_mstring_get_wcs
 .text.archive_mstring_copy_mbs
                0x00120c1c      0x15c c:/devkitPro/libctru/lib\libarchive.a(archive_string.o)
                0x00120c1c                archive_mstring_copy_mbs
 .text.archive_mstring_copy_mbs_len_l
                0x00120d78      0x390 c:/devkitPro/libctru/lib\libarchive.a(archive_string.o)
                0x00120d78                archive_mstring_copy_mbs_len_l
 .text.__archive_clean
                0x00121108       0x10 c:/devkitPro/libctru/lib\libarchive.a(archive_util.o)
                0x00121108                __archive_clean
 .text.archive_error_string
                0x00121118       0x1c c:/devkitPro/libctru/lib\libarchive.a(archive_util.o)
                0x00121118                archive_error_string
 .text.archive_clear_error
                0x00121134       0x14 c:/devkitPro/libctru/lib\libarchive.a(archive_util.o)
                0x00121134                archive_clear_error
 .text.archive_set_error
                0x00121148       0x5c c:/devkitPro/libctru/lib\libarchive.a(archive_util.o)
                0x00121148                archive_set_error
 .text.__archive_errx
                0x001211a4       0x54 c:/devkitPro/libctru/lib\libarchive.a(archive_util.o)
                0x001211a4                __archive_errx
 .text.__archive_ensure_cloexec_flag
                0x001211f8       0x3c c:/devkitPro/libctru/lib\libarchive.a(archive_util.o)
                0x001211f8                __archive_ensure_cloexec_flag
 .text.archive_write_close
                0x00121234        0xc c:/devkitPro/libctru/lib\libarchive.a(archive_virtual.o)
                0x00121234                archive_write_close
 .text.archive_read_close
                0x00121240        0xc c:/devkitPro/libctru/lib\libarchive.a(archive_virtual.o)
                0x00121240                archive_read_close
 .text.archive_write_free
                0x0012124c       0x14 c:/devkitPro/libctru/lib\libarchive.a(archive_virtual.o)
                0x0012124c                archive_write_free
 .text.archive_read_free
                0x00121260       0x14 c:/devkitPro/libctru/lib\libarchive.a(archive_virtual.o)
                0x00121260                archive_read_free
 .text.archive_write_header
                0x00121274       0x18 c:/devkitPro/libctru/lib\libarchive.a(archive_virtual.o)
                0x00121274                archive_write_header
 .text.archive_write_finish_entry
                0x0012128c        0xc c:/devkitPro/libctru/lib\libarchive.a(archive_virtual.o)
                0x0012128c                archive_write_finish_entry
 .text.archive_write_data_block
                0x00121298       0x3c c:/devkitPro/libctru/lib\libarchive.a(archive_virtual.o)
                0x00121298                archive_write_data_block
 .text.archive_read_next_header
                0x001212d4        0xc c:/devkitPro/libctru/lib\libarchive.a(archive_virtual.o)
                0x001212d4                archive_read_next_header
 .text.archive_read_data_block
                0x001212e0       0x18 c:/devkitPro/libctru/lib\libarchive.a(archive_virtual.o)
                0x001212e0                archive_read_data_block
 .text._archive_write_disk_filter_bytes
                0x001212f8       0x24 c:/devkitPro/libctru/lib\libarchive.a(archive_write_disk_posix.o)
 .text.create_filesystem_object
                0x0012131c      0x1a8 c:/devkitPro/libctru/lib\libarchive.a(archive_write_disk_posix.o)
 .text.sort_dir_list
                0x001214c4      0x16c c:/devkitPro/libctru/lib\libarchive.a(archive_write_disk_posix.o)
 .text._archive_write_disk_finish_entry
                0x00121630      0x7f4 c:/devkitPro/libctru/lib\libarchive.a(archive_write_disk_posix.o)
 .text._archive_write_disk_close
                0x00121e24      0x114 c:/devkitPro/libctru/lib\libarchive.a(archive_write_disk_posix.o)
 .text._archive_write_disk_free
                0x00121f38      0x180 c:/devkitPro/libctru/lib\libarchive.a(archive_write_disk_posix.o)
 .text.create_dir
                0x001220b8      0x28c c:/devkitPro/libctru/lib\libarchive.a(archive_write_disk_posix.o)
 .text._archive_write_disk_data
                0x00122344      0x57c c:/devkitPro/libctru/lib\libarchive.a(archive_write_disk_posix.o)
 .text._archive_write_disk_data_block
                0x001228c0      0x5dc c:/devkitPro/libctru/lib\libarchive.a(archive_write_disk_posix.o)
 .text._archive_write_disk_header
                0x00122e9c      0xa84 c:/devkitPro/libctru/lib\libarchive.a(archive_write_disk_posix.o)
 .text.archive_write_disk_set_options
                0x00123920        0xc c:/devkitPro/libctru/lib\libarchive.a(archive_write_disk_posix.o)
                0x00123920                archive_write_disk_set_options
 .text.archive_write_disk_new
                0x0012392c       0xf0 c:/devkitPro/libctru/lib\libarchive.a(archive_write_disk_posix.o)
                0x0012392c                archive_write_disk_new
 .text.archive_acl_clear
                0x00123a1c       0x70 c:/devkitPro/libctru/lib\libarchive.a(archive_acl.o)
                0x00123a1c                archive_acl_clear
 .text.archive_acl_copy
                0x00123a8c      0x234 c:/devkitPro/libctru/lib\libarchive.a(archive_acl.o)
                0x00123a8c                archive_acl_copy
 .text.unlikely.errmsg
                0x00123cc0       0x44 c:/devkitPro/libctru/lib\libarchive.a(archive_check_magic.o)
 .text.__archive_check_magic
                0x00123d04      0x2e4 c:/devkitPro/libctru/lib\libarchive.a(archive_check_magic.o)
                0x00123d04                __archive_check_magic
 .text.Ppmd7_Free
                0x00123fe8       0x28 c:/devkitPro/libctru/lib\libarchive.a(archive_ppmd7.o)
 .text.Ppmd7_Alloc
                0x00124010       0x80 c:/devkitPro/libctru/lib\libarchive.a(archive_ppmd7.o)
 .text.GlueFreeBlocks
                0x00124090      0x1fc c:/devkitPro/libctru/lib\libarchive.a(archive_ppmd7.o)
 .text.PpmdRAR_RangeDec_Init
                0x0012428c       0x58 c:/devkitPro/libctru/lib\libarchive.a(archive_ppmd7.o)
 .text.Range_GetThreshold
                0x001242e4       0x30 c:/devkitPro/libctru/lib\libarchive.a(archive_ppmd7.o)
 .text.Range_DecodeBit_7z
                0x00124314       0xa4 c:/devkitPro/libctru/lib\libarchive.a(archive_ppmd7.o)
 .text.Ppmd7z_RangeDec_CreateVTable
                0x001243b8       0x20 c:/devkitPro/libctru/lib\libarchive.a(archive_ppmd7.o)
 .text.PpmdRAR_RangeDec_CreateVTable
                0x001243d8       0x20 c:/devkitPro/libctru/lib\libarchive.a(archive_ppmd7.o)
 .text.Ppmd7z_RangeEnc_Init
                0x001243f8       0x34 c:/devkitPro/libctru/lib\libarchive.a(archive_ppmd7.o)
 .text.RestartModel
                0x0012442c      0x334 c:/devkitPro/libctru/lib\libarchive.a(archive_ppmd7.o)
 .text.Ppmd7_Init
                0x00124760       0x20 c:/devkitPro/libctru/lib\libarchive.a(archive_ppmd7.o)
 .text.Ppmd7_Construct
                0x00124780      0x154 c:/devkitPro/libctru/lib\libarchive.a(archive_ppmd7.o)
 .text.Ppmd7z_RangeDec_Init
                0x001248d4       0x64 c:/devkitPro/libctru/lib\libarchive.a(archive_ppmd7.o)
 .text.Range_DecodeBit_RAR
                0x00124938       0x58 c:/devkitPro/libctru/lib\libarchive.a(archive_ppmd7.o)
 .text.Range_Decode_7z
                0x00124990       0x88 c:/devkitPro/libctru/lib\libarchive.a(archive_ppmd7.o)
 .text.Range_Decode_RAR
                0x00124a18       0x88 c:/devkitPro/libctru/lib\libarchive.a(archive_ppmd7.o)
 .text.Ppmd7z_RangeEnc_FlushData
                0x00124aa0       0x98 c:/devkitPro/libctru/lib\libarchive.a(archive_ppmd7.o)
 .text.CreateSuccessors
                0x00124b38      0x33c c:/devkitPro/libctru/lib\libarchive.a(archive_ppmd7.o)
 .text.UpdateModel
                0x00124e74      0x718 c:/devkitPro/libctru/lib\libarchive.a(archive_ppmd7.o)
 .text.Rescale  0x0012558c      0x384 c:/devkitPro/libctru/lib\libarchive.a(archive_ppmd7.o)
 .text.Ppmd7_DecodeSymbol
                0x00125910      0x83c c:/devkitPro/libctru/lib\libarchive.a(archive_ppmd7.o)
 .text.Ppmd7_EncodeSymbol
                0x0012614c      0xd10 c:/devkitPro/libctru/lib\libarchive.a(archive_ppmd7.o)
 .text.__archive_rb_tree_removal_rebalance.isra.1
                0x00126e5c      0x39c c:/devkitPro/libctru/lib\libarchive.a(archive_rb.o)
 .text.__archive_rb_tree_init
                0x001271f8       0x10 c:/devkitPro/libctru/lib\libarchive.a(archive_rb.o)
                0x001271f8                __archive_rb_tree_init
 .text.__archive_rb_tree_find_node
                0x00127208       0x5c c:/devkitPro/libctru/lib\libarchive.a(archive_rb.o)
                0x00127208                __archive_rb_tree_find_node
 .text.__archive_rb_tree_insert_node
                0x00127264      0x334 c:/devkitPro/libctru/lib\libarchive.a(archive_rb.o)
                0x00127264                __archive_rb_tree_insert_node
 .text.__archive_rb_tree_remove_node
                0x00127598      0x208 c:/devkitPro/libctru/lib\libarchive.a(archive_rb.o)
                0x00127598                __archive_rb_tree_remove_node
 .text.__archive_rb_tree_iterate
                0x001277a0       0xb0 c:/devkitPro/libctru/lib\libarchive.a(archive_rb.o)
                0x001277a0                __archive_rb_tree_iterate
 .text.append_uint
                0x00127850       0xd0 c:/devkitPro/libctru/lib\libarchive.a(archive_string_sprintf.o)
 .text.archive_string_vsprintf
                0x00127920      0xa5c c:/devkitPro/libctru/lib\libarchive.a(archive_string_sprintf.o)
                0x00127920                archive_string_vsprintf
 .text.archive_write_disk_set_acls
                0x0012837c        0x8 c:/devkitPro/libctru/lib\libarchive.a(archive_write_disk_acl.o)
                0x0012837c                archive_write_disk_set_acls
 .text.lzma_alloc
                0x00128384       0x34 c:/devkitPro/libctru/lib\liblzma.a(liblzma_la-common.o)
                0x00128384                lzma_alloc
 .text.lzma_free
                0x001283b8       0x24 c:/devkitPro/libctru/lib\liblzma.a(liblzma_la-common.o)
                0x001283b8                lzma_free
 .text.lzma_bufcpy
                0x001283dc       0x50 c:/devkitPro/libctru/lib\liblzma.a(liblzma_la-common.o)
                0x001283dc                lzma_bufcpy
 .text.lzma_next_filter_init
                0x0012842c       0xa4 c:/devkitPro/libctru/lib\liblzma.a(liblzma_la-common.o)
                0x0012842c                lzma_next_filter_init
 .text.lzma_next_filter_update
                0x001284d0       0x58 c:/devkitPro/libctru/lib\liblzma.a(liblzma_la-common.o)
                0x001284d0                lzma_next_filter_update
 .text.lzma_next_end
                0x00128528       0x70 c:/devkitPro/libctru/lib\liblzma.a(liblzma_la-common.o)
                0x00128528                lzma_next_end
 .text.lzma_strm_init
                0x00128598       0xc0 c:/devkitPro/libctru/lib\liblzma.a(liblzma_la-common.o)
                0x00128598                lzma_strm_init
 .text.lzma_code
                0x00128658      0x2fc c:/devkitPro/libctru/lib\liblzma.a(liblzma_la-common.o)
                0x00128658                lzma_code
 .text.lzma_end
                0x00128954       0xd0 c:/devkitPro/libctru/lib\liblzma.a(liblzma_la-common.o)
                0x00128954                lzma_end
 .text.decoder_find
                0x00128a24       0xc8 c:/devkitPro/libctru/lib\liblzma.a(liblzma_la-filter_decoder.o)
 .text.lzma_raw_decoder
                0x00128aec       0x7c c:/devkitPro/libctru/lib\liblzma.a(liblzma_la-filter_decoder.o)
                0x00128aec                lzma_raw_decoder
 .text.lzma_properties_decode
                0x00128b68      0x104 c:/devkitPro/libctru/lib\liblzma.a(liblzma_la-filter_decoder.o)
                0x00128b68                lzma_properties_decode
 .text.lzma_decoder_uncompressed
                0x00128c6c        0xc c:/devkitPro/libctru/lib\liblzma.a(liblzma_la-lzma_decoder.o)
 .text.lzma_decoder_reset
                0x00128c78      0x384 c:/devkitPro/libctru/lib\liblzma.a(liblzma_la-lzma_decoder.o)
 .text.lzma_decode
                0x00128ffc     0x34cc c:/devkitPro/libctru/lib\liblzma.a(liblzma_la-lzma_decoder.o)
 .text.lzma_decoder_init
                0x0012c4c8      0x444 c:/devkitPro/libctru/lib\liblzma.a(liblzma_la-lzma_decoder.o)
 .text.lzma_lzma_decoder_create
                0x0012c90c       0x7c c:/devkitPro/libctru/lib\liblzma.a(liblzma_la-lzma_decoder.o)
                0x0012c90c                lzma_lzma_decoder_create
 .text.lzma_lzma_decoder_init
                0x0012c988        0xc c:/devkitPro/libctru/lib\liblzma.a(liblzma_la-lzma_decoder.o)
                0x0012c988                lzma_lzma_decoder_init
 .text.lzma_lzma_lclppb_decode
                0x0012c994       0x84 c:/devkitPro/libctru/lib\liblzma.a(liblzma_la-lzma_decoder.o)
                0x0012c994                lzma_lzma_lclppb_decode
 .text.lzma_lzma_decoder_memusage_nocheck
                0x0012ca18       0x24 c:/devkitPro/libctru/lib\liblzma.a(liblzma_la-lzma_decoder.o)
                0x0012ca18                lzma_lzma_decoder_memusage_nocheck
 .text.lzma_lzma_decoder_memusage
                0x0012ca3c       0x68 c:/devkitPro/libctru/lib\liblzma.a(liblzma_la-lzma_decoder.o)
                0x0012ca3c                lzma_lzma_decoder_memusage
 .text.lzma_lzma_props_decode
                0x0012caa4       0xd4 c:/devkitPro/libctru/lib\liblzma.a(liblzma_la-lzma_decoder.o)
                0x0012caa4                lzma_lzma_props_decode
 .text.lzma2_decoder_init
                0x0012cb78       0xbc c:/devkitPro/libctru/lib\liblzma.a(liblzma_la-lzma2_decoder.o)
 .text.lzma2_decoder_end
                0x0012cc34       0x24 c:/devkitPro/libctru/lib\liblzma.a(liblzma_la-lzma2_decoder.o)
 .text.lzma2_decode
                0x0012cc58      0x328 c:/devkitPro/libctru/lib\liblzma.a(liblzma_la-lzma2_decoder.o)
 .text.lzma_lzma2_decoder_init
                0x0012cf80        0xc c:/devkitPro/libctru/lib\liblzma.a(liblzma_la-lzma2_decoder.o)
                0x0012cf80                lzma_lzma2_decoder_init
 .text.lzma_lzma2_decoder_memusage
                0x0012cf8c       0x14 c:/devkitPro/libctru/lib\liblzma.a(liblzma_la-lzma2_decoder.o)
                0x0012cf8c                lzma_lzma2_decoder_memusage
 .text.lzma_lzma2_props_decode
                0x0012cfa0       0x80 c:/devkitPro/libctru/lib\liblzma.a(liblzma_la-lzma2_decoder.o)
                0x0012cfa0                lzma_lzma2_props_decode
 .text.delta_coder_end
                0x0012d020       0x20 c:/devkitPro/libctru/lib\liblzma.a(liblzma_la-delta_common.o)
 .text.lzma_delta_coder_init
                0x0012d040       0xc0 c:/devkitPro/libctru/lib\liblzma.a(liblzma_la-delta_common.o)
                0x0012d040                lzma_delta_coder_init
 .text.lzma_delta_coder_memusage
                0x0012d100       0x3c c:/devkitPro/libctru/lib\liblzma.a(liblzma_la-delta_common.o)
                0x0012d100                lzma_delta_coder_memusage
 .text.delta_decode
                0x0012d13c       0xa4 c:/devkitPro/libctru/lib\liblzma.a(liblzma_la-delta_decoder.o)
 .text.lzma_delta_decoder_init
                0x0012d1e0       0x10 c:/devkitPro/libctru/lib\liblzma.a(liblzma_la-delta_decoder.o)
                0x0012d1e0                lzma_delta_decoder_init
 .text.lzma_delta_props_decode
                0x0012d1f0       0x50 c:/devkitPro/libctru/lib\liblzma.a(liblzma_la-delta_decoder.o)
                0x0012d1f0                lzma_delta_props_decode
 .text.lzma_simple_props_decode
                0x0012d240       0x74 c:/devkitPro/libctru/lib\liblzma.a(liblzma_la-simple_decoder.o)
                0x0012d240                lzma_simple_props_decode
 .text.x86_code
                0x0012d2b4      0x264 c:/devkitPro/libctru/lib\liblzma.a(liblzma_la-x86.o)
 .text.lzma_simple_x86_decoder_init
                0x0012d518       0x48 c:/devkitPro/libctru/lib\liblzma.a(liblzma_la-x86.o)
                0x0012d518                lzma_simple_x86_decoder_init
 .text.powerpc_code
                0x0012d560      0x134 c:/devkitPro/libctru/lib\liblzma.a(liblzma_la-powerpc.o)
 .text.lzma_simple_powerpc_decoder_init
                0x0012d694       0x34 c:/devkitPro/libctru/lib\liblzma.a(liblzma_la-powerpc.o)
                0x0012d694                lzma_simple_powerpc_decoder_init
 .text.ia64_code
                0x0012d6c8      0x4e4 c:/devkitPro/libctru/lib\liblzma.a(liblzma_la-ia64.o)
 .text.lzma_simple_ia64_decoder_init
                0x0012dbac       0x34 c:/devkitPro/libctru/lib\liblzma.a(liblzma_la-ia64.o)
                0x0012dbac                lzma_simple_ia64_decoder_init
 .text.arm_code
                0x0012dbe0       0xd8 c:/devkitPro/libctru/lib\liblzma.a(liblzma_la-arm.o)
 .text.lzma_simple_arm_decoder_init
                0x0012dcb8       0x34 c:/devkitPro/libctru/lib\liblzma.a(liblzma_la-arm.o)
                0x0012dcb8                lzma_simple_arm_decoder_init
 .text.armthumb_code
                0x0012dcec      0x180 c:/devkitPro/libctru/lib\liblzma.a(liblzma_la-armthumb.o)
 .text.lzma_simple_armthumb_decoder_init
                0x0012de6c       0x30 c:/devkitPro/libctru/lib\liblzma.a(liblzma_la-armthumb.o)
                0x0012de6c                lzma_simple_armthumb_decoder_init
 .text.sparc_code
                0x0012de9c       0xd8 c:/devkitPro/libctru/lib\liblzma.a(liblzma_la-sparc.o)
 .text.lzma_simple_sparc_decoder_init
                0x0012df74       0x34 c:/devkitPro/libctru/lib\liblzma.a(liblzma_la-sparc.o)
                0x0012df74                lzma_simple_sparc_decoder_init
 .text.lzma_raw_coder_init
                0x0012dfa8      0x28c c:/devkitPro/libctru/lib\liblzma.a(liblzma_la-filter_common.o)
                0x0012dfa8                lzma_raw_coder_init
 .text.lz_decoder_end
                0x0012e234       0x50 c:/devkitPro/libctru/lib\liblzma.a(liblzma_la-lz_decoder.o)
 .text.lz_decode
                0x0012e284      0x334 c:/devkitPro/libctru/lib\liblzma.a(liblzma_la-lz_decoder.o)
 .text.lzma_lz_decoder_init
                0x0012e5b8      0x1c8 c:/devkitPro/libctru/lib\liblzma.a(liblzma_la-lz_decoder.o)
                0x0012e5b8                lzma_lz_decoder_init
 .text.lzma_lz_decoder_memusage
                0x0012e780       0x18 c:/devkitPro/libctru/lib\liblzma.a(liblzma_la-lz_decoder.o)
                0x0012e780                lzma_lz_decoder_memusage
 .text.simple_coder_update
                0x0012e798        0x8 c:/devkitPro/libctru/lib\liblzma.a(liblzma_la-simple_coder.o)
 .text.simple_coder_end
                0x0012e7a0       0x2c c:/devkitPro/libctru/lib\liblzma.a(liblzma_la-simple_coder.o)
 .text.simple_code
                0x0012e7cc      0x388 c:/devkitPro/libctru/lib\liblzma.a(liblzma_la-simple_coder.o)
 .text.lzma_simple_coder_init
                0x0012eb54      0x140 c:/devkitPro/libctru/lib\liblzma.a(liblzma_la-simple_coder.o)
                0x0012eb54                lzma_simple_coder_init
 .text._ZL21addrMapNodeComparatorPK11rbtree_nodeS1_
                0x0012ec94       0x24 c:/devkitPro/libctru/lib\libctru.a(linear.o)
 .text._ZL21addrMapNodeDestructorP11rbtree_node
                0x0012ecb8        0x4 c:/devkitPro/libctru/lib\libctru.a(linear.o)
 .text.linearMemAlign
                0x0012ecbc      0x11c c:/devkitPro/libctru/lib\libctru.a(linear.o)
                0x0012ecbc                linearMemAlign
 .text.linearAlloc
                0x0012edd8        0x8 c:/devkitPro/libctru/lib\libctru.a(linear.o)
                0x0012edd8                linearAlloc
 .text.linearFree
                0x0012ede0       0x50 c:/devkitPro/libctru/lib\libctru.a(linear.o)
                0x0012ede0                linearFree
 .text._ZN7MemPool13CoalesceRightEP8MemBlock
                0x0012ee30       0x98 c:/devkitPro/libctru/lib\libctru.a(mem_pool.o)
                0x0012ee30                MemPool::CoalesceRight(MemBlock*)
 .text._ZN7MemPool8AllocateER8MemChunkmi
                0x0012eec8      0x16c c:/devkitPro/libctru/lib\libctru.a(mem_pool.o)
                0x0012eec8                MemPool::Allocate(MemChunk&, unsigned long, int)
 .text._ZN7MemPool10DeallocateERK8MemChunk
                0x0012f034       0xfc c:/devkitPro/libctru/lib\libctru.a(mem_pool.o)
                0x0012f034                MemPool::Deallocate(MemChunk const&)
 .text.consoleSelect
                0x0012f130       0x18 c:/devkitPro/libctru/lib\libctru.a(console.o)
                0x0012f130                consoleSelect
 .text.consoleDrawChar
                0x0012f148      0x1c0 c:/devkitPro/libctru/lib\libctru.a(console.o)
                0x0012f148                consoleDrawChar
 .text.consolePrintChar
                0x0012f308      0x128 c:/devkitPro/libctru/lib\libctru.a(console.o)
                0x0012f308                consolePrintChar
 .text.consoleCls
                0x0012f430      0x184 c:/devkitPro/libctru/lib\libctru.a(console.o)
 .text.consoleInit
                0x0012f5b4      0x104 c:/devkitPro/libctru/lib\libctru.a(console.o)
                0x0012f5b4                consoleInit
 .text.consoleClearLine
                0x0012f6b8      0x138 c:/devkitPro/libctru/lib\libctru.a(console.o)
 .text.newRow   0x0012f7f0       0xc0 c:/devkitPro/libctru/lib\libctru.a(console.o)
 .text.con_write
                0x0012f8b0      0x810 c:/devkitPro/libctru/lib\libctru.a(console.o)
                0x0012f8b0                con_write
 .text.consoleClear
                0x001300c0        0xc c:/devkitPro/libctru/lib\libctru.a(console.o)
                0x001300c0                consoleClear
 .text.gfxSetFramebufferInfo.part.0
                0x001300cc       0x8c c:/devkitPro/libctru/lib\libctru.a(gfx.o)
 .text.__get_bytes_per_pixel
                0x00130158       0x18 c:/devkitPro/libctru/lib\libctru.a(gfx.o)
                0x00130158                __get_bytes_per_pixel
 .text.gfxSetScreenFormat
                0x00130170      0x184 c:/devkitPro/libctru/lib\libctru.a(gfx.o)
                0x00130170                gfxSetScreenFormat
 .text.gfxSetDoubleBuffering
                0x001302f4       0x10 c:/devkitPro/libctru/lib\libctru.a(gfx.o)
                0x001302f4                gfxSetDoubleBuffering
 .text.gfxSetFramebufferInfo
                0x00130304       0x6c c:/devkitPro/libctru/lib\libctru.a(gfx.o)
                0x00130304                gfxSetFramebufferInfo
 .text.gfxWriteFramebufferInfo
                0x00130370       0xb0 c:/devkitPro/libctru/lib\libctru.a(gfx.o)
                0x00130370                gfxWriteFramebufferInfo
 .text.gfxInit  0x00130420      0x210 c:/devkitPro/libctru/lib\libctru.a(gfx.o)
                0x00130420                gfxInit
 .text.gfxInitDefault
                0x00130630       0x10 c:/devkitPro/libctru/lib\libctru.a(gfx.o)
                0x00130630                gfxInitDefault
 .text.gfxExit  0x00130640       0xe0 c:/devkitPro/libctru/lib\libctru.a(gfx.o)
                0x00130640                gfxExit
 .text.gfxGetFramebuffer
                0x00130720       0xa8 c:/devkitPro/libctru/lib\libctru.a(gfx.o)
                0x00130720                gfxGetFramebuffer
 .text.gfxFlushBuffers
                0x001307c8       0xe8 c:/devkitPro/libctru/lib\libctru.a(gfx.o)
                0x001307c8                gfxFlushBuffers
 .text.gfxConfigScreen
                0x001308b0       0x60 c:/devkitPro/libctru/lib\libctru.a(gfx.o)
                0x001308b0                gfxConfigScreen
 .text.gfxSwapBuffers
                0x00130910       0x20 c:/devkitPro/libctru/lib\libctru.a(gfx.o)
                0x00130910                gfxSwapBuffers
 .text.gfxSwapBuffersGpu
                0x00130930       0x20 c:/devkitPro/libctru/lib\libctru.a(gfx.o)
                0x00130930                gfxSwapBuffersGpu
 .text.getSysTime
                0x00130950       0x58 c:/devkitPro/libctru/lib\libctru.a(os.o)
 .text.__ctru_speedup_config.part.0
                0x001309a8       0x28 c:/devkitPro/libctru/lib\libctru.a(os.o)
 .text.osConvertVirtToPhys
                0x001309d0       0x4c c:/devkitPro/libctru/lib\libctru.a(os.o)
                0x001309d0                osConvertVirtToPhys
 *fill*         0x00130a1c        0x4 
 .text.__libctru_gtod
                0x00130a20      0x128 c:/devkitPro/libctru/lib\libctru.a(os.o)
                0x00130a20                __libctru_gtod
 .text.__ctru_speedup_config
                0x00130b48       0x18 c:/devkitPro/libctru/lib\libctru.a(os.o)
                0x00130b48                __ctru_speedup_config
 .text.romfs_close
                0x00130b60        0x8 c:/devkitPro/libctru/lib\libctru.a(romfs_dev.o)
 .text.romfs_seek
                0x00130b68       0xcc c:/devkitPro/libctru/lib\libctru.a(romfs_dev.o)
 .text.romfs_dirreset
                0x00130c34       0x28 c:/devkitPro/libctru/lib\libctru.a(romfs_dev.o)
 .text.romfs_fstat
                0x00130c5c       0x78 c:/devkitPro/libctru/lib\libctru.a(romfs_dev.o)
 .text._romfs_read_chk
                0x00130cd4       0x5c c:/devkitPro/libctru/lib\libctru.a(romfs_dev.o)
 .text.romfs_read
                0x00130d30       0xe8 c:/devkitPro/libctru/lib\libctru.a(romfs_dev.o)
 .text.romfs_free
                0x00130e18       0x7c c:/devkitPro/libctru/lib\libctru.a(romfs_dev.o)
 .text.romfsMountCommon
                0x00130e94      0x16c c:/devkitPro/libctru/lib\libctru.a(romfs_dev.o)
 .text.romfs_dirnext
                0x00131000      0x254 c:/devkitPro/libctru/lib\libctru.a(romfs_dev.o)
 *fill*         0x00131254        0x4 
 .text.romfsInitMtime.isra.4
                0x00131258       0xd0 c:/devkitPro/libctru/lib\libctru.a(romfs_dev.o)
 .text.searchForFile.constprop.7
                0x00131328       0xb4 c:/devkitPro/libctru/lib\libctru.a(romfs_dev.o)
 .text.searchForDir.constprop.8
                0x001313dc       0xb8 c:/devkitPro/libctru/lib\libctru.a(romfs_dev.o)
 .text.navigateToDir.constprop.6
                0x00131494      0x1b8 c:/devkitPro/libctru/lib\libctru.a(romfs_dev.o)
 .text.romfs_open
                0x0013164c      0x130 c:/devkitPro/libctru/lib\libctru.a(romfs_dev.o)
 .text.romfs_stat
                0x0013177c      0x210 c:/devkitPro/libctru/lib\libctru.a(romfs_dev.o)
 .text.romfs_chdir
                0x0013198c       0x54 c:/devkitPro/libctru/lib\libctru.a(romfs_dev.o)
 .text.romfs_diropen
                0x001319e0       0x78 c:/devkitPro/libctru/lib\libctru.a(romfs_dev.o)
 .text.romfs_dirclose
                0x00131a58        0x8 c:/devkitPro/libctru/lib\libctru.a(romfs_dev.o)
 .text.romfsMount
                0x00131a60      0x344 c:/devkitPro/libctru/lib\libctru.a(romfs_dev.o)
                0x00131a60                romfsMount
 .text.srvExit  0x00131da4       0x58 c:/devkitPro/libctru/lib\libctru.a(srv.o)
                0x00131da4                srvExit
 .text.srvRegisterClient
                0x00131dfc       0x38 c:/devkitPro/libctru/lib\libctru.a(srv.o)
                0x00131dfc                srvRegisterClient
 .text.srvInit  0x00131e34       0xc4 c:/devkitPro/libctru/lib\libctru.a(srv.o)
                0x00131e34                srvInit
 .text.srvGetServiceHandleDirect
                0x00131ef8       0x6c c:/devkitPro/libctru/lib\libctru.a(srv.o)
                0x00131ef8                srvGetServiceHandleDirect
 .text.srvGetServiceHandle
                0x00131f64       0x38 c:/devkitPro/libctru/lib\libctru.a(srv.o)
                0x00131f64                srvGetServiceHandle
 .text.gxCmdQueueAdd
                0x00131f9c        0x4 c:/devkitPro/libctru/lib\libctru.a(gx.o)
                0x00131f9c                gxCmdQueueAdd
 .text.submitGxCommand
                0x00131fa0       0x38 c:/devkitPro/libctru/lib\libctru.a(gx.o)
 .text.GX_TextureCopy
                0x00131fd8       0x4c c:/devkitPro/libctru/lib\libctru.a(gx.o)
                0x00131fd8                GX_TextureCopy
 .text.ACU_GetWifiStatus
                0x00132024       0x38 c:/devkitPro/libctru/lib\libctru.a(ac.o)
                0x00132024                ACU_GetWifiStatus
 .text.acWaitInternetConnection
                0x0013205c       0x3c c:/devkitPro/libctru/lib\libctru.a(ac.o)
                0x0013205c                acWaitInternetConnection
 .text.amInit   0x00132098       0xa4 c:/devkitPro/libctru/lib\libctru.a(am.o)
                0x00132098                amInit
 .text.amExit   0x0013213c       0x3c c:/devkitPro/libctru/lib\libctru.a(am.o)
                0x0013213c                amExit
 .text.AM_StartCiaInstall
                0x00132178       0x48 c:/devkitPro/libctru/lib\libctru.a(am.o)
                0x00132178                AM_StartCiaInstall
 .text.AM_FinishCiaInstall
                0x001321c0       0x3c c:/devkitPro/libctru/lib\libctru.a(am.o)
                0x001321c0                AM_FinishCiaInstall
 .text.AM_InitializeExternalTitleDatabase
                0x001321fc       0x3c c:/devkitPro/libctru/lib\libctru.a(am.o)
                0x001321fc                AM_InitializeExternalTitleDatabase
 .text._aptDebug
                0x00132238        0x4 c:/devkitPro/libctru/lib\libctru.a(apt.o)
                0x00132238                _aptDebug
 .text.aptSendCommand
                0x0013223c      0x15c c:/devkitPro/libctru/lib\libctru.a(apt.o)
                0x0013223c                aptSendCommand
 .text.aptExitProcess
                0x00132398       0x3c c:/devkitPro/libctru/lib\libctru.a(apt.o)
 .text.APT_InquireNotification
                0x001323d4       0x4c c:/devkitPro/libctru/lib\libctru.a(apt.o)
                0x001323d4                APT_InquireNotification
 .text.aptEventHandler
                0x00132420      0x19c c:/devkitPro/libctru/lib\libctru.a(apt.o)
 .text.APT_AppletUtility
                0x001325bc       0x74 c:/devkitPro/libctru/lib\libctru.a(apt.o)
                0x001325bc                APT_AppletUtility
 .text.aptSetSleepAllowed
                0x00132630       0xb0 c:/devkitPro/libctru/lib\libctru.a(apt.o)
                0x00132630                aptSetSleepAllowed
 .text.APT_GlanceParameter
                0x001326e0       0xb0 c:/devkitPro/libctru/lib\libctru.a(apt.o)
                0x001326e0                APT_GlanceParameter
 .text.APT_ReceiveParameter
                0x00132790       0xc4 c:/devkitPro/libctru/lib\libctru.a(apt.o)
                0x00132790                APT_ReceiveParameter
 .text.aptReceiveParameter.constprop.1
                0x00132854       0xbc c:/devkitPro/libctru/lib\libctru.a(apt.o)
 .text.aptScreenTransfer
                0x00132910      0x1e8 c:/devkitPro/libctru/lib\libctru.a(apt.o)
 .text.aptWaitForWakeUp
                0x00132af8      0x210 c:/devkitPro/libctru/lib\libctru.a(apt.o)
 .text.APT_CancelParameter
                0x00132d08       0x70 c:/devkitPro/libctru/lib\libctru.a(apt.o)
                0x00132d08                APT_CancelParameter
 .text.aptInit  0x00132d78      0x270 c:/devkitPro/libctru/lib\libctru.a(apt.o)
                0x00132d78                aptInit
 .text.aptClearParamQueue
                0x00132fe8       0x88 c:/devkitPro/libctru/lib\libctru.a(apt.o)
 .text.aptMainLoop.part.0
                0x00133070      0x1e4 c:/devkitPro/libctru/lib\libctru.a(apt.o)
 .text.aptMainLoop
                0x00133254       0x1c c:/devkitPro/libctru/lib\libctru.a(apt.o)
                0x00133254                aptMainLoop
 .text.aptExit  0x00133270      0x24c c:/devkitPro/libctru/lib\libctru.a(apt.o)
                0x00133270                aptExit
 .text.APT_CheckNew3DS
                0x001334bc       0x7c c:/devkitPro/libctru/lib\libctru.a(apt.o)
                0x001334bc                APT_CheckNew3DS
 .text.fsSessionForArchive.part.0
                0x00133538       0x28 c:/devkitPro/libctru/lib\libctru.a(fs.o)
 .text.fsInit   0x00133560       0xd0 c:/devkitPro/libctru/lib\libctru.a(fs.o)
                0x00133560                fsInit
 .text.fsExit   0x00133630       0x3c c:/devkitPro/libctru/lib\libctru.a(fs.o)
                0x00133630                fsExit
 .text.fsExemptFromSession
                0x0013366c       0x74 c:/devkitPro/libctru/lib\libctru.a(fs.o)
                0x0013366c                fsExemptFromSession
 .text.fsUnexemptFromSession
                0x001336e0       0x50 c:/devkitPro/libctru/lib\libctru.a(fs.o)
                0x001336e0                fsUnexemptFromSession
 .text.fsMakePath
                0x00133730       0x88 c:/devkitPro/libctru/lib\libctru.a(fs.o)
                0x00133730                fsMakePath
 .text.FSUSER_OpenFile
                0x001337b8       0xc0 c:/devkitPro/libctru/lib\libctru.a(fs.o)
                0x001337b8                FSUSER_OpenFile
 .text.FSUSER_OpenFileDirectly
                0x00133878       0xd4 c:/devkitPro/libctru/lib\libctru.a(fs.o)
                0x00133878                FSUSER_OpenFileDirectly
 .text.FSUSER_DeleteFile
                0x0013394c       0xa8 c:/devkitPro/libctru/lib\libctru.a(fs.o)
                0x0013394c                FSUSER_DeleteFile
 .text.FSUSER_RenameFile
                0x001339f4       0xe0 c:/devkitPro/libctru/lib\libctru.a(fs.o)
                0x001339f4                FSUSER_RenameFile
 .text.FSUSER_DeleteDirectory
                0x00133ad4       0xa8 c:/devkitPro/libctru/lib\libctru.a(fs.o)
                0x00133ad4                FSUSER_DeleteDirectory
 .text.FSUSER_CreateFile
                0x00133b7c       0xc0 c:/devkitPro/libctru/lib\libctru.a(fs.o)
                0x00133b7c                FSUSER_CreateFile
 .text.FSUSER_CreateDirectory
                0x00133c3c       0xb0 c:/devkitPro/libctru/lib\libctru.a(fs.o)
                0x00133c3c                FSUSER_CreateDirectory
 .text.FSUSER_RenameDirectory
                0x00133cec       0xe0 c:/devkitPro/libctru/lib\libctru.a(fs.o)
                0x00133cec                FSUSER_RenameDirectory
 .text.FSUSER_OpenDirectory
                0x00133dcc       0xa4 c:/devkitPro/libctru/lib\libctru.a(fs.o)
                0x00133dcc                FSUSER_OpenDirectory
 .text.FSUSER_OpenArchive
                0x00133e70       0x98 c:/devkitPro/libctru/lib\libctru.a(fs.o)
                0x00133e70                FSUSER_OpenArchive
 .text.FSUSER_ControlArchive
                0x00133f08       0x9c c:/devkitPro/libctru/lib\libctru.a(fs.o)
                0x00133f08                FSUSER_ControlArchive
 .text.FSUSER_CloseArchive
                0x00133fa4       0x74 c:/devkitPro/libctru/lib\libctru.a(fs.o)
                0x00133fa4                FSUSER_CloseArchive
 .text.FSUSER_GetSdmcArchiveResource
                0x00134018       0x78 c:/devkitPro/libctru/lib\libctru.a(fs.o)
                0x00134018                FSUSER_GetSdmcArchiveResource
 .text.FSUSER_IsSdmcWritable
                0x00134090       0x64 c:/devkitPro/libctru/lib\libctru.a(fs.o)
                0x00134090                FSUSER_IsSdmcWritable
 .text.FSFILE_Read
                0x001340f4       0x58 c:/devkitPro/libctru/lib\libctru.a(fs.o)
                0x001340f4                FSFILE_Read
 .text.FSFILE_Write
                0x0013414c       0x64 c:/devkitPro/libctru/lib\libctru.a(fs.o)
                0x0013414c                FSFILE_Write
 .text.FSFILE_GetSize
                0x001341b0       0x38 c:/devkitPro/libctru/lib\libctru.a(fs.o)
                0x001341b0                FSFILE_GetSize
 .text.FSFILE_SetSize
                0x001341e8       0x28 c:/devkitPro/libctru/lib\libctru.a(fs.o)
                0x001341e8                FSFILE_SetSize
 .text.FSFILE_Close
                0x00134210       0x3c c:/devkitPro/libctru/lib\libctru.a(fs.o)
                0x00134210                FSFILE_Close
 .text.FSFILE_Flush
                0x0013424c       0x24 c:/devkitPro/libctru/lib\libctru.a(fs.o)
                0x0013424c                FSFILE_Flush
 .text.FSDIR_Read
                0x00134270       0x54 c:/devkitPro/libctru/lib\libctru.a(fs.o)
                0x00134270                FSDIR_Read
 .text.FSDIR_Close
                0x001342c4       0x3c c:/devkitPro/libctru/lib\libctru.a(fs.o)
                0x001342c4                FSDIR_Close
 .text.gspInit  0x00134300       0x74 c:/devkitPro/libctru/lib\libctru.a(gspgpu.o)
                0x00134300                gspInit
 .text.gspExit  0x00134374       0x3c c:/devkitPro/libctru/lib\libctru.a(gspgpu.o)
                0x00134374                gspExit
 .text.gspInitEventHandler
                0x001343b0       0xa0 c:/devkitPro/libctru/lib\libctru.a(gspgpu.o)
                0x001343b0                gspInitEventHandler
 .text.gspExitEventHandler
                0x00134450       0x40 c:/devkitPro/libctru/lib\libctru.a(gspgpu.o)
                0x00134450                gspExitEventHandler
 .text.gspWaitForEvent
                0x00134490       0x44 c:/devkitPro/libctru/lib\libctru.a(gspgpu.o)
                0x00134490                gspWaitForEvent
 .text.gxCmdQueueInterrupt
                0x001344d4        0x4 c:/devkitPro/libctru/lib\libctru.a(gspgpu.o)
                0x001344d4                gxCmdQueueInterrupt
 .text.gspEventThreadMain
                0x001344d8      0x174 c:/devkitPro/libctru/lib\libctru.a(gspgpu.o)
 .text.gspSubmitGxCommand
                0x0013464c      0x124 c:/devkitPro/libctru/lib\libctru.a(gspgpu.o)
                0x0013464c                gspSubmitGxCommand
 .text.GSPGPU_WriteHWRegs
                0x00134770       0x68 c:/devkitPro/libctru/lib\libctru.a(gspgpu.o)
                0x00134770                GSPGPU_WriteHWRegs
 .text.GSPGPU_ReadHWRegs
                0x001347d8       0x68 c:/devkitPro/libctru/lib\libctru.a(gspgpu.o)
                0x001347d8                GSPGPU_ReadHWRegs
 .text.GSPGPU_SetBufferSwap
                0x00134840       0x6c c:/devkitPro/libctru/lib\libctru.a(gspgpu.o)
                0x00134840                GSPGPU_SetBufferSwap
 .text.GSPGPU_FlushDataCache
                0x001348ac       0x4c c:/devkitPro/libctru/lib\libctru.a(gspgpu.o)
                0x001348ac                GSPGPU_FlushDataCache
 .text.GSPGPU_InvalidateDataCache
                0x001348f8       0x4c c:/devkitPro/libctru/lib\libctru.a(gspgpu.o)
                0x001348f8                GSPGPU_InvalidateDataCache
 .text.GSPGPU_SetLcdForceBlack
                0x00134944       0x34 c:/devkitPro/libctru/lib\libctru.a(gspgpu.o)
                0x00134944                GSPGPU_SetLcdForceBlack
 .text.GSPGPU_RegisterInterruptRelayQueue
                0x00134978       0x64 c:/devkitPro/libctru/lib\libctru.a(gspgpu.o)
                0x00134978                GSPGPU_RegisterInterruptRelayQueue
 .text.GSPGPU_UnregisterInterruptRelayQueue
                0x001349dc       0x2c c:/devkitPro/libctru/lib\libctru.a(gspgpu.o)
                0x001349dc                GSPGPU_UnregisterInterruptRelayQueue
 .text.GSPGPU_AcquireRight
                0x00134a08       0x48 c:/devkitPro/libctru/lib\libctru.a(gspgpu.o)
                0x00134a08                GSPGPU_AcquireRight
 .text.GSPGPU_ReleaseRight
                0x00134a50       0x2c c:/devkitPro/libctru/lib\libctru.a(gspgpu.o)
                0x00134a50                GSPGPU_ReleaseRight
 .text.GSPGPU_ImportDisplayCaptureInfo
                0x00134a7c       0x80 c:/devkitPro/libctru/lib\libctru.a(gspgpu.o)
                0x00134a7c                GSPGPU_ImportDisplayCaptureInfo
 .text.GSPGPU_SaveVramSysArea
                0x00134afc       0x2c c:/devkitPro/libctru/lib\libctru.a(gspgpu.o)
                0x00134afc                GSPGPU_SaveVramSysArea
 .text.GSPGPU_RestoreVramSysArea
                0x00134b28       0x2c c:/devkitPro/libctru/lib\libctru.a(gspgpu.o)
                0x00134b28                GSPGPU_RestoreVramSysArea
 .text.hidExit  0x00134b54       0xd0 c:/devkitPro/libctru/lib\libctru.a(hid.o)
                0x00134b54                hidExit
 .text.hidScanInput
                0x00134c24      0x26c c:/devkitPro/libctru/lib\libctru.a(hid.o)
                0x00134c24                hidScanInput
 .text.hidKeysDown
                0x00134e90       0x10 c:/devkitPro/libctru/lib\libctru.a(hid.o)
                0x00134e90                hidKeysDown
 .text.HIDUSER_GetHandles
                0x00134ea0       0x90 c:/devkitPro/libctru/lib\libctru.a(hid.o)
                0x00134ea0                HIDUSER_GetHandles
 .text.hidInit  0x00134f30      0x1a8 c:/devkitPro/libctru/lib\libctru.a(hid.o)
                0x00134f30                hidInit
 .text.httpcInit
                0x001350d8      0x19c c:/devkitPro/libctru/lib\libctru.a(httpc.o)
                0x001350d8                httpcInit
 .text.httpcExit
                0x00135274       0x94 c:/devkitPro/libctru/lib\libctru.a(httpc.o)
                0x00135274                httpcExit
 .text.httpcOpenContext
                0x00135308      0x138 c:/devkitPro/libctru/lib\libctru.a(httpc.o)
                0x00135308                httpcOpenContext
 .text.httpcCloseContext
                0x00135440       0x44 c:/devkitPro/libctru/lib\libctru.a(httpc.o)
                0x00135440                httpcCloseContext
 .text.httpcAddRequestHeaderField
                0x00135484       0x80 c:/devkitPro/libctru/lib\libctru.a(httpc.o)
                0x00135484                httpcAddRequestHeaderField
 .text.httpcBeginRequest
                0x00135504       0x30 c:/devkitPro/libctru/lib\libctru.a(httpc.o)
                0x00135504                httpcBeginRequest
 .text.httpcReceiveData
                0x00135534       0x44 c:/devkitPro/libctru/lib\libctru.a(httpc.o)
                0x00135534                httpcReceiveData
 .text.httpcDownloadData
                0x00135578      0x100 c:/devkitPro/libctru/lib\libctru.a(httpc.o)
                0x00135578                httpcDownloadData
 .text.httpcGetDownloadSizeState
                0x00135678       0x54 c:/devkitPro/libctru/lib\libctru.a(httpc.o)
                0x00135678                httpcGetDownloadSizeState
 .text.httpcGetResponseHeader
                0x001356cc       0x78 c:/devkitPro/libctru/lib\libctru.a(httpc.o)
                0x001356cc                httpcGetResponseHeader
 .text.httpcGetResponseStatusCode
                0x00135744       0x3c c:/devkitPro/libctru/lib\libctru.a(httpc.o)
                0x00135744                httpcGetResponseStatusCode
 .text.httpcSetSSLOpt
                0x00135780       0x34 c:/devkitPro/libctru/lib\libctru.a(httpc.o)
                0x00135780                httpcSetSSLOpt
 .text.irrstScanInput
                0x001357b4       0xac c:/devkitPro/libctru/lib\libctru.a(irrst.o)
                0x001357b4                irrstScanInput
 .text.irrstKeysHeld
                0x00135860       0x24 c:/devkitPro/libctru/lib\libctru.a(irrst.o)
                0x00135860                irrstKeysHeld
 .text.IRRST_GetHandles
                0x00135884       0x50 c:/devkitPro/libctru/lib\libctru.a(irrst.o)
                0x00135884                IRRST_GetHandles
 .text.irrstInit
                0x001358d4      0x158 c:/devkitPro/libctru/lib\libctru.a(irrst.o)
                0x001358d4                irrstInit
 .text.IRRST_Shutdown
                0x00135a2c       0x2c c:/devkitPro/libctru/lib\libctru.a(irrst.o)
                0x00135a2c                IRRST_Shutdown
 .text.irrstExit
                0x00135a58       0xac c:/devkitPro/libctru/lib\libctru.a(irrst.o)
                0x00135a58                irrstExit
 .text.pmInit   0x00135b04       0x74 c:/devkitPro/libctru/lib\libctru.a(pm.o)
                0x00135b04                pmInit
 .text.pmExit   0x00135b78       0x3c c:/devkitPro/libctru/lib\libctru.a(pm.o)
                0x00135b78                pmExit
 .text.PM_LaunchFIRMSetParams
                0x00135bb4       0x44 c:/devkitPro/libctru/lib\libctru.a(pm.o)
                0x00135bb4                PM_LaunchFIRMSetParams
 .text.ptmSysmInit
                0x00135bf8       0x74 c:/devkitPro/libctru/lib\libctru.a(ptmsysm.o)
                0x00135bf8                ptmSysmInit
 .text.ptmSysmExit
                0x00135c6c       0x3c c:/devkitPro/libctru/lib\libctru.a(ptmsysm.o)
                0x00135c6c                ptmSysmExit
 .text.PTMSYSM_ConfigureNew3DSCPU
                0x00135ca8       0x34 c:/devkitPro/libctru/lib\libctru.a(ptmsysm.o)
                0x00135ca8                PTMSYSM_ConfigureNew3DSCPU
 .text.srvPmGetSessionHandle
                0x00135cdc        0xc c:/devkitPro/libctru/lib\libctru.a(srvpm.o)
                0x00135cdc                srvPmGetSessionHandle
 .text.fcntl    0x00135ce8      0x15c c:/devkitPro/libctru/lib\libctru.a(soc_fcntl.o)
                0x00135ce8                fcntl
 .text.rbtree_find
                0x00135e44       0x6c c:/devkitPro/libctru/lib\libctru.a(rbtree_find.o)
                0x00135e44                rbtree_find
 .text.rbtree_init
                0x00135eb0       0x14 c:/devkitPro/libctru/lib\libctru.a(rbtree_init.o)
                0x00135eb0                rbtree_init
 .text.do_insert
                0x00135ec4      0x18c c:/devkitPro/libctru/lib\libctru.a(rbtree_insert.o)
 .text.rbtree_insert
                0x00136050        0x8 c:/devkitPro/libctru/lib\libctru.a(rbtree_insert.o)
                0x00136050                rbtree_insert
 .text.rbtree_remove
                0x00136058      0x32c c:/devkitPro/libctru/lib\libctru.a(rbtree_remove.o)
                0x00136058                rbtree_remove
 .text.rbtree_rotate
                0x00136384       0x94 c:/devkitPro/libctru/lib\libctru.a(rbtree_rotate.o)
                0x00136384                rbtree_rotate
 .text.utf16_to_utf8
                0x00136418       0xe8 c:/devkitPro/libctru/lib\libctru.a(utf16_to_utf8.o)
                0x00136418                utf16_to_utf8
 .text.utf8_to_utf16
                0x00136500       0xc0 c:/devkitPro/libctru/lib\libctru.a(utf8_to_utf16.o)
                0x00136500                utf8_to_utf16
 .text.__system_initArgv
                0x001365c0       0xec c:/devkitPro/libctru/lib\libctru.a(initArgv.o)
                0x001365c0                __system_initArgv
 .text.__libctru_init
                0x001366ac       0x38 c:/devkitPro/libctru/lib\libctru.a(initSystem.o)
                0x001366ac                __libctru_init
 .text.__ctru_get_reent
                0x001366e4       0x30 c:/devkitPro/libctru/lib\libctru.a(syscalls.o)
 .text.__system_initSyscalls
                0x00136714       0xe4 c:/devkitPro/libctru/lib\libctru.a(syscalls.o)
                0x00136714                __system_initSyscalls
 .text.svcControlMemory
                0x001367f8       0x20 c:/devkitPro/libctru/lib\libctru.a(svc.o)
                0x001367f8                svcControlMemory
 .text.svcExitProcess
                0x00136818        0x8 c:/devkitPro/libctru/lib\libctru.a(svc.o)
                0x00136818                svcExitProcess
 .text.svcCreateThread
                0x00136820       0x20 c:/devkitPro/libctru/lib\libctru.a(svc.o)
                0x00136820                svcCreateThread
 .text.svcExitThread
                0x00136840        0x8 c:/devkitPro/libctru/lib\libctru.a(svc.o)
                0x00136840                svcExitThread
 .text.svcSleepThread
                0x00136848        0x8 c:/devkitPro/libctru/lib\libctru.a(svc.o)
                0x00136848                svcSleepThread
 .text.svcReleaseMutex
                0x00136850        0x8 c:/devkitPro/libctru/lib\libctru.a(svc.o)
                0x00136850                svcReleaseMutex
 .text.svcCreateEvent
                0x00136858       0x14 c:/devkitPro/libctru/lib\libctru.a(svc.o)
                0x00136858                svcCreateEvent
 .text.svcSignalEvent
                0x0013686c        0x8 c:/devkitPro/libctru/lib\libctru.a(svc.o)
                0x0013686c                svcSignalEvent
 .text.svcClearEvent
                0x00136874        0x8 c:/devkitPro/libctru/lib\libctru.a(svc.o)
                0x00136874                svcClearEvent
 .text.svcCreateMemoryBlock
                0x0013687c       0x18 c:/devkitPro/libctru/lib\libctru.a(svc.o)
                0x0013687c                svcCreateMemoryBlock
 .text.svcMapMemoryBlock
                0x00136894        0x8 c:/devkitPro/libctru/lib\libctru.a(svc.o)
                0x00136894                svcMapMemoryBlock
 .text.svcUnmapMemoryBlock
                0x0013689c        0x8 c:/devkitPro/libctru/lib\libctru.a(svc.o)
                0x0013689c                svcUnmapMemoryBlock
 .text.svcCreateAddressArbiter
                0x001368a4       0x14 c:/devkitPro/libctru/lib\libctru.a(svc.o)
                0x001368a4                svcCreateAddressArbiter
 .text.svcArbitrateAddress
                0x001368b8       0x18 c:/devkitPro/libctru/lib\libctru.a(svc.o)
                0x001368b8                svcArbitrateAddress
 .text.svcCloseHandle
                0x001368d0        0x8 c:/devkitPro/libctru/lib\libctru.a(svc.o)
                0x001368d0                svcCloseHandle
 .text.svcWaitSynchronization
                0x001368d8        0x8 c:/devkitPro/libctru/lib\libctru.a(svc.o)
                0x001368d8                svcWaitSynchronization
 .text.svcWaitSynchronizationN
                0x001368e0       0x28 c:/devkitPro/libctru/lib\libctru.a(svc.o)
                0x001368e0                svcWaitSynchronizationN
 .text.svcDuplicateHandle
                0x00136908       0x14 c:/devkitPro/libctru/lib\libctru.a(svc.o)
                0x00136908                svcDuplicateHandle
 .text.svcGetSystemTick
                0x0013691c        0x8 c:/devkitPro/libctru/lib\libctru.a(svc.o)
                0x0013691c                svcGetSystemTick
 .text.svcGetSystemInfo
                0x00136924       0x18 c:/devkitPro/libctru/lib\libctru.a(svc.o)
                0x00136924                svcGetSystemInfo
 .text.svcConnectToPort
                0x0013693c       0x14 c:/devkitPro/libctru/lib\libctru.a(svc.o)
                0x0013693c                svcConnectToPort
 .text.svcSendSyncRequest
                0x00136950        0x8 c:/devkitPro/libctru/lib\libctru.a(svc.o)
                0x00136950                svcSendSyncRequest
 .text.svcBreak
                0x00136958        0x8 c:/devkitPro/libctru/lib\libctru.a(svc.o)
                0x00136958                svcBreak
 .text.svcBackdoor
                0x00136960        0x8 c:/devkitPro/libctru/lib\libctru.a(svc.o)
                0x00136960                svcBackdoor
 .text._ZL21addrMapNodeComparatorPK11rbtree_nodeS1_
                0x00136968       0x24 c:/devkitPro/libctru/lib\libctru.a(mappable.o)
 .text._ZL21addrMapNodeDestructorP11rbtree_node
                0x0013698c        0x4 c:/devkitPro/libctru/lib\libctru.a(mappable.o)
 .text.mappableAlloc
                0x00136990       0xe4 c:/devkitPro/libctru/lib\libctru.a(mappable.o)
                0x00136990                mappableAlloc
 .text.mappableFree
                0x00136a74       0x50 c:/devkitPro/libctru/lib\libctru.a(mappable.o)
                0x00136a74                mappableFree
 .text._ZL21addrMapNodeComparatorPK11rbtree_nodeS1_
                0x00136ac4       0x24 c:/devkitPro/libctru/lib\libctru.a(vram.o)
 .text._ZL21addrMapNodeDestructorP11rbtree_node
                0x00136ae8        0x4 c:/devkitPro/libctru/lib\libctru.a(vram.o)
 .text.vramMemAlign
                0x00136aec      0x110 c:/devkitPro/libctru/lib\libctru.a(vram.o)
                0x00136aec                vramMemAlign
 .text.vramAlloc
                0x00136bfc        0x8 c:/devkitPro/libctru/lib\libctru.a(vram.o)
                0x00136bfc                vramAlloc
 .text.vramFree
                0x00136c04       0x50 c:/devkitPro/libctru/lib\libctru.a(vram.o)
                0x00136c04                vramFree
 .text.envGetHandle
                0x00136c54       0x84 c:/devkitPro/libctru/lib\libctru.a(env.o)
                0x00136c54                envGetHandle
 .text.envDestroyHandles
                0x00136cd8       0x4c c:/devkitPro/libctru/lib\libctru.a(env.o)
                0x00136cd8                envDestroyHandles
 .text.LightLock_Unlock.part.1
                0x00136d24       0x34 c:/devkitPro/libctru/lib\libctru.a(synchronization.o)
 .text.__sync_init
                0x00136d58        0xc c:/devkitPro/libctru/lib\libctru.a(synchronization.o)
                0x00136d58                __sync_init
 .text.__sync_fini
                0x00136d64       0x18 c:/devkitPro/libctru/lib\libctru.a(synchronization.o)
                0x00136d64                __sync_fini
 .text.__sync_get_arbiter
                0x00136d7c       0x10 c:/devkitPro/libctru/lib\libctru.a(synchronization.o)
                0x00136d7c                __sync_get_arbiter
 .text.LightLock_Init
                0x00136d8c       0x18 c:/devkitPro/libctru/lib\libctru.a(synchronization.o)
                0x00136d8c                LightLock_Init
 .text.LightLock_Lock
                0x00136da4       0x9c c:/devkitPro/libctru/lib\libctru.a(synchronization.o)
                0x00136da4                LightLock_Lock
 .text.LightLock_TryLock
                0x00136e40       0x34 c:/devkitPro/libctru/lib\libctru.a(synchronization.o)
                0x00136e40                LightLock_TryLock
 .text.LightLock_Unlock
                0x00136e74       0x20 c:/devkitPro/libctru/lib\libctru.a(synchronization.o)
                0x00136e74                LightLock_Unlock
 .text.RecursiveLock_Init
                0x00136e94       0x24 c:/devkitPro/libctru/lib\libctru.a(synchronization.o)
                0x00136e94                RecursiveLock_Init
 .text.RecursiveLock_Lock
                0x00136eb8       0x30 c:/devkitPro/libctru/lib\libctru.a(synchronization.o)
                0x00136eb8                RecursiveLock_Lock
 .text.RecursiveLock_TryLock
                0x00136ee8       0x58 c:/devkitPro/libctru/lib\libctru.a(synchronization.o)
                0x00136ee8                RecursiveLock_TryLock
 .text.RecursiveLock_Unlock
                0x00136f40       0x38 c:/devkitPro/libctru/lib\libctru.a(synchronization.o)
                0x00136f40                RecursiveLock_Unlock
 .text.LightEvent_Init
                0x00136f78       0x38 c:/devkitPro/libctru/lib\libctru.a(synchronization.o)
                0x00136f78                LightEvent_Init
 .text.LightEvent_Clear
                0x00136fb0       0x7c c:/devkitPro/libctru/lib\libctru.a(synchronization.o)
                0x00136fb0                LightEvent_Clear
 .text.LightEvent_Signal
                0x0013702c       0xdc c:/devkitPro/libctru/lib\libctru.a(synchronization.o)
                0x0013702c                LightEvent_Signal
 .text.LightEvent_Wait
                0x00137108       0xbc c:/devkitPro/libctru/lib\libctru.a(synchronization.o)
                0x00137108                LightEvent_Wait
 .text.threadFree.part.0
                0x001371c4       0x1c c:/devkitPro/libctru/lib\libctru.a(thread.o)
 .text.threadCreate
                0x001371e0      0x1ac c:/devkitPro/libctru/lib\libctru.a(thread.o)
                0x001371e0                threadCreate
 .text.threadJoin
                0x0013738c       0x24 c:/devkitPro/libctru/lib\libctru.a(thread.o)
                0x0013738c                threadJoin
 .text.threadExit
                0x001373b0       0x64 c:/devkitPro/libctru/lib\libctru.a(thread.o)
                0x001373b0                threadExit
 .text._thread_begin
                0x00137414       0x40 c:/devkitPro/libctru/lib\libctru.a(thread.o)
 .text._net_convert_error
                0x00137454       0x3c c:/devkitPro/libctru/lib\libctru.a(soc_common.o)
                0x00137454                _net_convert_error
 .text.rbtree_node_next
                0x00137490       0x74 c:/devkitPro/libctru/lib\libctru.a(rbtree_iterator.o)
                0x00137490                rbtree_node_next
 .text.decode_utf16
                0x00137504       0x60 c:/devkitPro/libctru/lib\libctru.a(decode_utf16.o)
                0x00137504                decode_utf16
 .text.decode_utf8
                0x00137564      0x138 c:/devkitPro/libctru/lib\libctru.a(decode_utf8.o)
                0x00137564                decode_utf8
 .text.encode_utf16
                0x0013769c       0x68 c:/devkitPro/libctru/lib\libctru.a(encode_utf16.o)
                0x0013769c                encode_utf16
 .text.encode_utf8
                0x00137704      0x104 c:/devkitPro/libctru/lib\libctru.a(encode_utf8.o)
                0x00137704                encode_utf8
 .text.__appExit
                0x00137808       0x1c c:/devkitPro/libctru/lib\libctru.a(appExit.o)
                0x00137808                __appExit
 .text.__appInit
                0x00137824       0x1c c:/devkitPro/libctru/lib\libctru.a(appInit.o)
                0x00137824                __appInit
 .text.__libctru_exit
                0x00137840       0xa4 c:/devkitPro/libctru/lib\libctru.a(ctru_exit.o)
                0x00137840                __libctru_exit
 .text.sdmc_link
                0x001378e4       0x10 c:/devkitPro/libctru/lib\libctru.a(sdmc_dev.o)
 .text.sdmc_dirreset
                0x001378f4       0x10 c:/devkitPro/libctru/lib\libctru.a(sdmc_dev.o)
 .text.sdmc_chmod
                0x00137904       0x10 c:/devkitPro/libctru/lib\libctru.a(sdmc_dev.o)
 .text.error_cmp
                0x00137914       0x24 c:/devkitPro/libctru/lib\libctru.a(sdmc_dev.o)
 .text.sdmc_translate_error
                0x00137938       0x50 c:/devkitPro/libctru/lib\libctru.a(sdmc_dev.o)
 .text.sdmc_fsync
                0x00137988       0x34 c:/devkitPro/libctru/lib\libctru.a(sdmc_dev.o)
 .text.sdmc_ftruncate
                0x001379bc       0x54 c:/devkitPro/libctru/lib\libctru.a(sdmc_dev.o)
 .text.sdmc_statvfs
                0x00137a10       0xb8 c:/devkitPro/libctru/lib\libctru.a(sdmc_dev.o)