Archive member included to satisfy reference by file (symbol)

c:/devkitPro/libctru/lib\libarchive.a(archive_entry.o)
                              archive.o (archive_entry_pathname)
c:/devkitPro/libctru/lib\libarchive.a(archive_entry_sparse.o)
                              c:/devkitPro/libctru/lib\libarchive.a(archive_entry.o) (archive_entry_sparse_clear)
c:/devkitPro/libctru/lib\libarchive.a(archive_entry_xattr.o)
                              c:/devkitPro/libctru/lib\libarchive.a(archive_entry.o) (archive_entry_xattr_clear)
c:/devkitPro/libctru/lib\libarchive.a(archive_read.o)
                              archive.o (archive_read_new)
c:/devkitPro/libctru/lib\libarchive.a(archive_read_open_memory.o)
                              archive.o (archive_read_open_memory)
c:/devkitPro/libctru/lib\libarchive.a(archive_read_support_format_7zip.o)
                              archive.o (archive_read_support_format_7zip)
c:/devkitPro/libctru/lib\libarchive.a(archive_read_support_format_zip.o)
                              archive.o (archive_read_support_format_zip)
c:/devkitPro/libctru/lib\libarchive.a(archive_string.o)
                              c:/devkitPro/libctru/lib\libarchive.a(archive_read.o) (archive_string_free)
c:/devkitPro/libctru/lib\libarchive.a(archive_util.o)
                              c:/devkitPro/libctru/lib\libarchive.a(archive_read.o) (__archive_clean)
c:/devkitPro/libctru/lib\libarchive.a(archive_virtual.o)
                              c:/devkitPro/libctru/lib\libarchive.a(archive_util.o) (archive_filter_code)
c:/devkitPro/libctru/lib\libarchive.a(archive_write_disk_posix.o)
                              archive.o (archive_write_disk_set_options)
c:/devkitPro/libctru/lib\libarchive.a(archive_acl.o)
                              c:/devkitPro/libctru/lib\libarchive.a(archive_entry.o) (archive_acl_clear)
c:/devkitPro/libctru/lib\libarchive.a(archive_check_magic.o)
                              c:/devkitPro/libctru/lib\libarchive.a(archive_read.o) (__archive_check_magic)
c:/devkitPro/libctru/lib\libarchive.a(archive_ppmd7.o)
                              c:/devkitPro/libctru/lib\libarchive.a(archive_read_support_format_7zip.o) (__archive_ppmd7_functions)
c:/devkitPro/libctru/lib\libarchive.a(archive_rb.o)
                              c:/devkitPro/libctru/lib\libarchive.a(archive_read_support_format_zip.o) (__archive_rb_tree_init)
c:/devkitPro/libctru/lib\libarchive.a(archive_string_sprintf.o)
                              c:/devkitPro/libctru/lib\libarchive.a(archive_util.o) (archive_string_vsprintf)
c:/devkitPro/libctru/lib\libarchive.a(archive_write_disk_acl.o)
                              c:/devkitPro/libctru/lib\libarchive.a(archive_write_disk_posix.o) (archive_write_disk_set_acls)
c:/devkitPro/libctru/lib\liblzma.a(liblzma_la-common.o)
                              c:/devkitPro/libctru/lib\libarchive.a(archive_read_support_format_7zip.o) (lzma_code)
c:/devkitPro/libctru/lib\liblzma.a(liblzma_la-filter_decoder.o)
                              c:/devkitPro/libctru/lib\libarchive.a(archive_read_support_format_7zip.o) (lzma_raw_decoder)
c:/devkitPro/libctru/lib\liblzma.a(liblzma_la-lzma_decoder.o)
                              c:/devkitPro/libctru/lib\liblzma.a(liblzma_la-filter_decoder.o) (lzma_lzma_decoder_init)
c:/devkitPro/libctru/lib\liblzma.a(liblzma_la-lzma2_decoder.o)
                              c:/devkitPro/libctru/lib\liblzma.a(liblzma_la-filter_decoder.o) (lzma_lzma2_decoder_init)
c:/devkitPro/libctru/lib\liblzma.a(liblzma_la-delta_common.o)
                              c:/devkitPro/libctru/lib\liblzma.a(liblzma_la-filter_decoder.o) (lzma_delta_coder_memusage)
c:/devkitPro/libctru/lib\liblzma.a(liblzma_la-delta_decoder.o)
                              c:/devkitPro/libctru/lib\liblzma.a(liblzma_la-filter_decoder.o) (lzma_delta_decoder_init)
c:/devkitPro/libctru/lib\liblzma.a(liblzma_la-simple_decoder.o)
                              c:/devkitPro/libctru/lib\liblzma.a(liblzma_la-filter_decoder.o) (lzma_simple_props_decode)
c:/devkitPro/libctru/lib\liblzma.a(liblzma_la-x86.o)
                              c:/devkitPro/libctru/lib\liblzma.a(liblzma_la-filter_decoder.o) (lzma_simple_x86_decoder_init)
c:/devkitPro/libctru/lib\liblzma.a(liblzma_la-powerpc.o)
                              c:/devkitPro/libctru/lib\liblzma.a(liblzma_la-filter_decoder.o) (lzma_simple_powerpc_decoder_init)
c:/devkitPro/libctru/lib\liblzma.a(liblzma_la-ia64.o)
                              c:/devkitPro/libctru/lib\liblzma.a(liblzma_la-filter_decoder.o) (lzma_simple_ia64_decoder_init)
c:/devkitPro/libctru/lib\liblzma.a(liblzma_la-arm.o)
                              c:/devkitPro/libctru/lib\liblzma.a(liblzma_la-filter_decoder.o) (lzma_simple_arm_decoder_init)
c:/devkitPro/libctru/lib\liblzma.a(liblzma_la-armthumb.o)
                              c:/devkitPro/libctru/lib\liblzma.a(liblzma_la-filter_decoder.o) (lzma_simple_armthumb_decoder_init)
c:/devkitPro/libctru/lib\liblzma.a(liblzma_la-sparc.o)
[...]
Memory Configuration

Name             Origin             Length             Attributes
*default*        0x00000000         0xffffffff

Linker script and memory map

                0x00100000                PROVIDE (__start__, 0x100000)
                0x00100000                . = __start__

.text           0x00100000    0x6ad04
 *(.crt0)
 .crt0          0x00100000       0x94 c:/devkitpro/devkitarm/bin/../lib/gcc/arm-none-eabi/7.1.0/../../../../arm-none-eabi/lib/armv6k/fpu/3dsx_crt0.o
                0x00100000                _start
                0x00100008                __service_ptr
                0x0010000c                __apt_appid
                0x00100010                __heap_size
                0x00100014                __linear_heap_size
                0x00100018                __system_arglist
                0x0010001c                __system_runflags
 *(.init)
 .init          0x00100094        0xc c:/devkitpro/devkitarm/bin/../lib/gcc/arm-none-eabi/7.1.0/armv6k/fpu/crti.o
                0x00100094                _init
 .init          0x001000a0        0xc c:/devkitpro/devkitarm/bin/../lib/gcc/arm-none-eabi/7.1.0/armv6k/fpu/crtn.o
                0x001000ac                . = ALIGN (0x4)
 *(.text)
 *fill*         0x001000ac        0x4 
 .text          0x001000b0       0x88 asm.o
                0x001000b0                flush_dcache
                0x001000bc                invalidate_icache
                0x001000c8                svcGlobalBackdoor
                0x001000d0                svc_30
                0x00100110                checkSvcGlobalBackdoor
                0x00100130                checkRunningCFW
 .text          0x00100138      0x5d8 c:/devkitPro/libctru/lib\libz.a(crc32.o)
                0x0010034c                get_crc_table
                0x00100358                crc32
                0x00100708                crc32_combine
                0x0010070c                crc32_combine64
 .text          0x00100710     0x40e0 c:/devkitPro/libctru/lib\libz.a(deflate.o)
                0x00101d8c                deflateSetDictionary
                0x00101fa4                deflateResetKeep
                0x0010207c                deflateReset
                0x001021e4                deflateSetHeader
                0x00102218                deflatePending
                0x00102264                deflatePrime
                0x0010230c                deflateTune
                0x00102344                deflateBound
                0x00102458                deflate
                0x00103ca8                deflateParams
                0x00103dc4                deflateEnd
                0x00103ee4                deflateInit2_
                0x001042ac                deflateInit_
                0x001045ec                deflateCopy
 .text          0x001047f0     0x2c58 c:/devkitPro/libctru/lib\libz.a(inflate.o)
                0x001047f0                inflateResetKeep
                0x00104880                inflateReset
                0x0010491c                inflateReset2
                0x00104a3c                inflateInit2_
                0x00104bc4                inflateInit_
                0x00104d28                inflatePrime
                0x00104da0                inflate
                0x00106c3c                inflateEnd
                0x00106ca0                inflateGetDictionary
                0x00106d38                inflateSetDictionary
                0x00106ee0                inflateGetHeader
                0x00106f1c                inflateSync
                0x001071d4                inflateSyncPoint
                0x00107214                inflateCopy
                0x001073c0                inflateUndermine
                0x001073f0                inflateMark
 .text          0x00107448      0xbf4 c:/devkitPro/libctru/lib\libz.a(inftrees.o)
                0x00107448                inflate_table
 .text          0x0010803c     0x257c c:/devkitPro/libctru/lib\libz.a(trees.o)
                0x0010956c                _tr_init
                0x00109638                _tr_stored_block
                0x001097cc                _tr_flush_bits
                0x00109868                _tr_align
                0x001099ec                _tr_flush_block
                0x0010a500                _tr_tally
 .text          0x0010a5b8       0x38 c:/devkitPro/libctru/lib\libz.a(zutil.o)
                0x0010a5b8                zlibVersion
                0x0010a5c4                zlibCompileFlags
                0x0010a5cc                zError
                0x0010a5e0                zcalloc
                0x0010a5e8                zcfree
 .text          0x0010a5f0      0x5c0 c:/devkitPro/libctru/lib\libz.a(adler32.o)
                0x0010a5f0                adler32
                0x0010aa38                adler32_combine
                0x0010aaf4                adler32_combine64
 .text          0x0010abb0      0xbe4 c:/devkitPro/libctru/lib\libz.a(inffast.o)
                0x0010abb0                inflate_fast
 .text          0x0010b794       0x64 c:/devkitPro/libctru/lib\libctru.a(stack_adjust.o)
                0x0010b794                initSystem
                0x0010b7d8                __ctru_exit
 .text          0x0010b7f8      0x20c c:/devkitpro/devkitarm/bin/../lib/gcc/arm-none-eabi/7.1.0/armv6k/fpu\libgcc.a(_udivsi3.o)
                0x0010b7f8                __aeabi_uidiv
                0x0010b7f8                __udivsi3
                0x0010b9e4                __aeabi_uidivmod
 .text          0x0010ba04      0x240 c:/devkitpro/devkitarm/bin/../lib/gcc/arm-none-eabi/7.1.0/armv6k/fpu\libgcc.a(_divsi3.o)
                0x0010ba04                __divsi3
                0x0010ba04                __aeabi_idiv
                0x0010bc24                __aeabi_idivmod
 .text          0x0010bc44        0x4 c:/devkitpro/devkitarm/bin/../lib/gcc/arm-none-eabi/7.1.0/armv6k/fpu\libgcc.a(_dvmd_tls.o)
                0x0010bc44                __aeabi_idiv0
                0x0010bc44                __aeabi_ldiv0
 .text          0x0010bc48       0xd4 c:/devkitpro/devkitarm/bin/../lib/gcc/arm-none-eabi/7.1.0/armv6k/fpu\libgcc.a(_aeabi_ldivmod.o)
                0x0010bc48                __aeabi_ldivmod
 .text          0x0010bd1c       0x3c c:/devkitpro/devkitarm/bin/../lib/gcc/arm-none-eabi/7.1.0/armv6k/fpu\libgcc.a(_aeabi_uldivmod.o)
                0x0010bd1c                __aeabi_uldivmod
 *fill*         0x0010bd58        0x8 
 .text          0x0010bd60      0x390 c:/devkitpro/devkitarm/bin/../lib/gcc/arm-none-eabi/7.1.0/../../../../arm-none-eabi/lib/armv6k/fpu\libg.a(lib_a-strcmp.o)
                0x0010bd68                strcmp
 *(.text.*)
 .text.deregister_tm_clones
                0x0010c0f0       0x2c c:/devkitpro/devkitarm/bin/../lib/gcc/arm-none-eabi/7.1.0/armv6k/fpu/crtbegin.o
 .text.register_tm_clones
                0x0010c11c       0x38 c:/devkitpro/devkitarm/bin/../lib/gcc/arm-none-eabi/7.1.0/armv6k/fpu/crtbegin.o
 .text.__do_global_dtors_aux
                0x0010c154       0x44 c:/devkitpro/devkitarm/bin/../lib/gcc/arm-none-eabi/7.1.0/armv6k/fpu/crtbegin.o
 .text.frame_dummy
                0x0010c198       0x34 c:/devkitpro/devkitarm/bin/../lib/gcc/arm-none-eabi/7.1.0/armv6k/fpu/crtbegin.o
 .text.copy_data
                0x0010c1cc       0x84 archive.o
 .text.archiveExtractFile
                0x0010c250      0x180 archive.o
                0x0010c250                archiveExtractFile
 .text.fsOpenAndWrite
                0x0010c3d0       0xa0 fs.o
                0x0010c3d0                fsOpenAndWrite
 .text.fsOpenAndRead
                0x0010c470       0x94 fs.o
                0x0010c470                fsOpenAndRead
 .text.checkFileExists
                0x0010c504       0x2c fs.o
                0x0010c504                checkFileExists
 .text.progressbar
                0x0010c530       0xd4 httpc.o
                0x0010c530                progressbar
 .text.httpDownloadData
                0x0010c604      0x238 httpc.o
                0x0010c604                httpDownloadData
 .text.httpRetrieveData
                0x0010c83c       0x10 httpc.o
                0x0010c83c                httpRetrieveData
 .text.httpBufSize
                0x0010c84c       0x10 httpc.o
                0x0010c84c                httpBufSize
 .text.httpFree
                0x0010c85c       0x10 httpc.o
                0x0010c85c                httpFree
 .text.jsmn_parse
                0x0010c86c      0x670 jsmn.o
                0x0010c86c                jsmn_parse
 .text.jsmn_init
                0x0010cedc       0x18 jsmn.o
                0x0010cedc                jsmn_init
 .text.print    0x0010cef4       0x50 log.o
                0x0010cef4                print
 .text.jsoneq   0x0010cf44       0x60 main.o
                0x0010cf44                jsoneq
 .text.parseApi
                0x0010cfa4      0x188 main.o
                0x0010cfa4                parseApi
 *fill*         0x0010d12c        0x4 
 .text.downloadExtractStep1
                0x0010d130      0x2e0 main.o
                0x0010d130                downloadExtractStep1
 .text.ciaInstall
                0x0010d410      0x234 main.o
                0x0010d410                ciaInstall
 *fill*         0x0010d644        0x4 
 .text.doExploitsStep1
                0x0010d648      0x150 main.o
                0x0010d648                doExploitsStep1
 .text.downloadExtractStep2
                0x0010d798      0xa68 main.o
                0x0010d798                downloadExtractStep2
 .text.startup.main
                0x0010e200      0x1c0 main.o
                0x0010e200                main
 .text.K_PatchPID
                0x0010e3c0       0x34 kernel.o
 .text.K_RestorePID
                0x0010e3f4       0x2c kernel.o
 .text.initial_kernel_function
                0x0010e420       0x14 kernel.o
                0x0010e420                initial_kernel_function
 .text.K_PatchACL
                0x0010e434       0x54 kernel.o
 .text.gspSetTextureCopy
                0x0010e488       0xdc kernel.o
                0x0010e488                gspSetTextureCopy
 *fill*         0x0010e564        0x4 
 .text.hook_kernel
                0x0010e568      0x344 kernel.o
                0x0010e568                hook_kernel
 .text.initsrv_allservices
                0x0010e8ac       0x58 kernel.o
                0x0010e8ac                initsrv_allservices
 .text.patch_svcaccesstable
                0x0010e904       0x2c kernel.o
                0x0010e904                patch_svcaccesstable
 .text.patch_arm11_codeflow
                0x0010e930      0x164 safehax.o
                0x0010e930                patch_arm11_codeflow
 .text.FileRead
                0x0010ea94       0xa4 safehax.o
                0x0010ea94                FileRead
 .text.safehax  0x0010eb38      0x368 safehax.o
                0x0010eb38                safehax
 .text.__system_allocateHeaps
                0x0010eea0       0xac udsploit.o
                0x0010eea0                __system_allocateHeaps
 .text.allocHeapWithLa
                0x0010ef4c      0x1b4 udsploit.o
                0x0010ef4c                allocHeapWithLa
 .text.udsploit
                0x0010f100      0x3fc udsploit.o
                0x0010f100                udsploit
 .text.archive_entry_clear
                0x0010f4fc       0x90 c:/devkitPro/libctru/lib\libarchive.a(archive_entry.o)
                0x0010f4fc                archive_entry_clear
 .text.archive_entry_clone
                0x0010f58c      0x15c c:/devkitPro/libctru/lib\libarchive.a(archive_entry.o)
                0x0010f58c                archive_entry_clone
 .text.archive_entry_free
                0x0010f6e8       0x84 c:/devkitPro/libctru/lib\libarchive.a(archive_entry.o)
                0x0010f6e8                archive_entry_free
 .text.archive_entry_new2
                0x0010f76c       0x20 c:/devkitPro/libctru/lib\libarchive.a(archive_entry.o)
                0x0010f76c                archive_entry_new2
 .text.archive_entry_atime
                0x0010f78c        0x8 c:/devkitPro/libctru/lib\libarchive.a(archive_entry.o)
                0x0010f78c                archive_entry_atime
 .text.archive_entry_atime_nsec
                0x0010f794        0x8 c:/devkitPro/libctru/lib\libarchive.a(archive_entry.o)
                0x0010f794                archive_entry_atime_nsec
 .text.archive_entry_atime_is_set
                0x0010f79c        0xc c:/devkitPro/libctru/lib\libarchive.a(archive_entry.o)
                0x0010f79c                archive_entry_atime_is_set
 .text.archive_entry_birthtime
                0x0010f7a8        0x8 c:/devkitPro/libctru/lib\libarchive.a(archive_entry.o)
                0x0010f7a8                archive_entry_birthtime
 .text.archive_entry_birthtime_nsec
                0x0010f7b0        0x8 c:/devkitPro/libctru/lib\libarchive.a(archive_entry.o)
                0x0010f7b0                archive_entry_birthtime_nsec
 .text.archive_entry_birthtime_is_set
                0x0010f7b8        0xc c:/devkitPro/libctru/lib\libarchive.a(archive_entry.o)
                0x0010f7b8                archive_entry_birthtime_is_set
 .text.archive_entry_ctime
                0x0010f7c4        0x8 c:/devkitPro/libctru/lib\libarchive.a(archive_entry.o)
                0x0010f7c4                archive_entry_ctime
 .text.archive_entry_ctime_is_set
                0x0010f7cc        0xc c:/devkitPro/libctru/lib\libarchive.a(archive_entry.o)
                0x0010f7cc                archive_entry_ctime_is_set
 .text.archive_entry_ctime_nsec
                0x0010f7d8        0x8 c:/devkitPro/libctru/lib\libarchive.a(archive_entry.o)
                0x0010f7d8                archive_entry_ctime_nsec
 .text.archive_entry_filetype
                0x0010f7e0        0xc c:/devkitPro/libctru/lib\libarchive.a(archive_entry.o)
                0x0010f7e0                archive_entry_filetype
 .text.archive_entry_fflags
                0x0010f7ec       0x14 c:/devkitPro/libctru/lib\libarchive.a(archive_entry.o)
                0x0010f7ec                archive_entry_fflags
 .text.archive_entry_gid
                0x0010f800        0x8 c:/devkitPro/libctru/lib\libarchive.a(archive_entry.o)
                0x0010f800                archive_entry_gid
 .text.archive_entry_gname
                0x0010f808       0x50 c:/devkitPro/libctru/lib\libarchive.a(archive_entry.o)
                0x0010f808                archive_entry_gname
 .text.archive_entry_hardlink
                0x0010f858       0x64 c:/devkitPro/libctru/lib\libarchive.a(archive_entry.o)
                0x0010f858                archive_entry_hardlink
 .text.archive_entry_mode
                0x0010f8bc        0x8 c:/devkitPro/libctru/lib\libarchive.a(archive_entry.o)
                0x0010f8bc                archive_entry_mode
 .text.archive_entry_mtime
                0x0010f8c4        0x8 c:/devkitPro/libctru/lib\libarchive.a(archive_entry.o)
                0x0010f8c4                archive_entry_mtime
 .text.archive_entry_mtime_nsec
                0x0010f8cc        0x8 c:/devkitPro/libctru/lib\libarchive.a(archive_entry.o)
                0x0010f8cc                archive_entry_mtime_nsec
 .text.archive_entry_mtime_is_set
                0x0010f8d4        0xc c:/devkitPro/libctru/lib\libarchive.a(archive_entry.o)
                0x0010f8d4                archive_entry_mtime_is_set
 .text.archive_entry_pathname
                0x0010f8e0       0x50 c:/devkitPro/libctru/lib\libarchive.a(archive_entry.o)
                0x0010f8e0                archive_entry_pathname
 .text.archive_entry_pathname_w
                0x0010f930       0x50 c:/devkitPro/libctru/lib\libarchive.a(archive_entry.o)
                0x0010f930                archive_entry_pathname_w
 .text.archive_entry_size
                0x0010f980        0x8 c:/devkitPro/libctru/lib\libarchive.a(archive_entry.o)
                0x0010f980                archive_entry_size
 .text.archive_entry_size_is_set
                0x0010f988        0xc c:/devkitPro/libctru/lib\libarchive.a(archive_entry.o)
                0x0010f988                archive_entry_size_is_set
 .text.archive_entry_symlink
                0x0010f994       0x64 c:/devkitPro/libctru/lib\libarchive.a(archive_entry.o)
                0x0010f994                archive_entry_symlink
 .text.archive_entry_uid
                0x0010f9f8        0x8 c:/devkitPro/libctru/lib\libarchive.a(archive_entry.o)
                0x0010f9f8                archive_entry_uid
 .text.archive_entry_uname
                0x0010fa00       0x50 c:/devkitPro/libctru/lib\libarchive.a(archive_entry.o)
                0x0010fa00                archive_entry_uname
 .text.archive_entry_set_gid
                0x0010fa50       0x10 c:/devkitPro/libctru/lib\libarchive.a(archive_entry.o)
                0x0010fa50                archive_entry_set_gid
 .text.archive_entry_set_atime
                0x0010fa60       0x5c c:/devkitPro/libctru/lib\libarchive.a(archive_entry.o)
                0x0010fa60                archive_entry_set_atime
 .text.archive_entry_set_ctime
                0x0010fabc       0x5c c:/devkitPro/libctru/lib\libarchive.a(archive_entry.o)
                0x0010fabc                archive_entry_set_ctime
 .text.archive_entry_set_mode
                0x0010fb18       0x10 c:/devkitPro/libctru/lib\libarchive.a(archive_entry.o)
                0x0010fb18                archive_entry_set_mode
 .text.archive_entry_set_mtime
                0x0010fb28       0x5c c:/devkitPro/libctru/lib\libarchive.a(archive_entry.o)
                0x0010fb28                archive_entry_set_mtime
 .text.archive_entry_set_pathname
                0x0010fb84        0x8 c:/devkitPro/libctru/lib\libarchive.a(archive_entry.o)
                0x0010fb84                archive_entry_set_pathname
 .text._archive_entry_copy_pathname_l
                0x0010fb8c        0x8 c:/devkitPro/libctru/lib\libarchive.a(archive_entry.o)
                0x0010fb8c                _archive_entry_copy_pathname_l
 .text.archive_entry_set_size
                0x0010fb94       0x1c c:/devkitPro/libctru/lib\libarchive.a(archive_entry.o)
                0x0010fb94                archive_entry_set_size
 .text.archive_entry_unset_size
                0x0010fbb0       0x2c c:/devkitPro/libctru/lib\libarchive.a(archive_entry.o)
                0x0010fbb0                archive_entry_unset_size
 .text.archive_entry_copy_symlink
                0x0010fbdc       0x2c c:/devkitPro/libctru/lib\libarchive.a(archive_entry.o)
                0x0010fbdc                archive_entry_copy_symlink
 .text._archive_entry_copy_symlink_l
                0x0010fc08       0x3c c:/devkitPro/libctru/lib\libarchive.a(archive_entry.o)
                0x0010fc08                _archive_entry_copy_symlink_l
 .text.archive_entry_set_uid
                0x0010fc44       0x10 c:/devkitPro/libctru/lib\libarchive.a(archive_entry.o)
                0x0010fc44                archive_entry_set_uid
 .text.archive_entry_mac_metadata
                0x0010fc54       0x10 c:/devkitPro/libctru/lib\libarchive.a(archive_entry.o)
                0x0010fc54                archive_entry_mac_metadata
 .text.archive_entry_copy_mac_metadata
                0x0010fc64       0x60 c:/devkitPro/libctru/lib\libarchive.a(archive_entry.o)
                0x0010fc64                archive_entry_copy_mac_metadata
 .text.archive_entry_acl
                0x0010fcc4        0x8 c:/devkitPro/libctru/lib\libarchive.a(archive_entry.o)
                0x0010fcc4                archive_entry_acl
 .text.archive_entry_sparse_clear
                0x0010fccc       0x34 c:/devkitPro/libctru/lib\libarchive.a(archive_entry_sparse.o)
                0x0010fccc                archive_entry_sparse_clear
 .text.archive_entry_sparse_add_entry
                0x0010fd00       0xd4 c:/devkitPro/libctru/lib\libarchive.a(archive_entry_sparse.o)
                0x0010fd00                archive_entry_sparse_add_entry
 .text.archive_entry_xattr_clear
                0x0010fdd4       0x4c c:/devkitPro/libctru/lib\libarchive.a(archive_entry_xattr.o)
                0x0010fdd4                archive_entry_xattr_clear
 .text.archive_entry_xattr_add_entry
                0x0010fe20       0x80 c:/devkitPro/libctru/lib\libarchive.a(archive_entry_xattr.o)
                0x0010fe20                archive_entry_xattr_add_entry
 .text.archive_entry_xattr_count
                0x0010fea0       0x2c c:/devkitPro/libctru/lib\libarchive.a(archive_entry_xattr.o)
                0x0010fea0                archive_entry_xattr_count
 .text.client_read_proxy
                0x0010fecc       0x24 c:/devkitPro/libctru/lib\libarchive.a(archive_read.o)
 .text.client_seek_proxy
                0x0010fef0       0x34 c:/devkitPro/libctru/lib\libarchive.a(archive_read.o)
 .text.client_open_proxy
                0x0010ff24       0x24 c:/devkitPro/libctru/lib\libarchive.a(archive_read.o)
 .text.client_switch_proxy
                0x0010ff48       0xac c:/devkitPro/libctru/lib\libarchive.a(archive_read.o)
 .text._archive_filter_count
                0x0010fff4       0x2c c:/devkitPro/libctru/lib\libarchive.a(archive_read.o)
 .text._archive_filter_bytes
                0x00110020       0x90 c:/devkitPro/libctru/lib\libarchive.a(archive_read.o)
 .text.client_close_proxy
                0x001100b0       0x74 c:/devkitPro/libctru/lib\libarchive.a(archive_read.o)
 .text.client_skip_proxy
                0x00110124      0x128 c:/devkitPro/libctru/lib\libarchive.a(archive_read.o)
 .text._archive_read_free
                0x0011024c      0x134 c:/devkitPro/libctru/lib\libarchive.a(archive_read.o)
 .text._archive_read_data_block
                0x00110380       0x7c c:/devkitPro/libctru/lib\libarchive.a(archive_read.o)
 .text._archive_filter_code
                0x001103fc       0x90 c:/devkitPro/libctru/lib\libarchive.a(archive_read.o)
 .text._archive_filter_name
                0x0011048c       0x90 c:/devkitPro/libctru/lib\libarchive.a(archive_read.o)
 .text._archive_read_close
                0x0011051c       0xb0 c:/devkitPro/libctru/lib\libarchive.a(archive_read.o)
 .text._archive_read_next_header
                0x001105cc      0x238 c:/devkitPro/libctru/lib\libarchive.a(archive_read.o)
 .text._archive_read_next_header2
                0x00110804      0x244 c:/devkitPro/libctru/lib\libarchive.a(archive_read.o)
 .text.archive_read_new
                0x00110a48       0xcc c:/devkitPro/libctru/lib\libarchive.a(archive_read.o)
                0x00110a48                archive_read_new
 .text.archive_read_set_open_callback
                0x00110b14       0x34 c:/devkitPro/libctru/lib\libarchive.a(archive_read.o)
                0x00110b14                archive_read_set_open_callback
 .text.archive_read_set_read_callback
                0x00110b48       0x34 c:/devkitPro/libctru/lib\libarchive.a(archive_read.o)
                0x00110b48                archive_read_set_read_callback
 .text.archive_read_set_skip_callback
                0x00110b7c       0x34 c:/devkitPro/libctru/lib\libarchive.a(archive_read.o)
                0x00110b7c                archive_read_set_skip_callback
 .text.archive_read_set_seek_callback
                0x00110bb0       0x34 c:/devkitPro/libctru/lib\libarchive.a(archive_read.o)
                0x00110bb0                archive_read_set_seek_callback
 .text.archive_read_set_close_callback
                0x00110be4       0x34 c:/devkitPro/libctru/lib\libarchive.a(archive_read.o)
                0x00110be4                archive_read_set_close_callback
 .text.archive_read_set_callback_data
                0x00110c18       0x98 c:/devkitPro/libctru/lib\libarchive.a(archive_read.o)
                0x00110c18                archive_read_set_callback_data
 .text.__archive_read_close_filters
                0x00110cb0       0x6c c:/devkitPro/libctru/lib\libarchive.a(archive_read.o)
                0x00110cb0                __archive_read_close_filters
 .text.archive_read_open1
                0x00110d1c      0xa38 c:/devkitPro/libctru/lib\libarchive.a(archive_read.o)
                0x00110d1c                archive_read_open1
 .text.__archive_read_register_format
                0x00111754      0x254 c:/devkitPro/libctru/lib\libarchive.a(archive_read.o)
                0x00111754                __archive_read_register_format
 .text.__archive_read_ahead
                0x001119a8      0x3a8 c:/devkitPro/libctru/lib\libarchive.a(archive_read.o)
                0x001119a8                __archive_read_ahead
 .text.__archive_read_consume
                0x00111d50      0x3f8 c:/devkitPro/libctru/lib\libarchive.a(archive_read.o)
                0x00111d50                __archive_read_consume
 .text.__archive_read_filter_seek
                0x00112148      0x6f8 c:/devkitPro/libctru/lib\libarchive.a(archive_read.o)
                0x00112148                __archive_read_filter_seek
 .text.__archive_read_seek
                0x00112840        0x8 c:/devkitPro/libctru/lib\libarchive.a(archive_read.o)
                0x00112840                __archive_read_seek
 .text.memory_read_open
                0x00112848        0x8 c:/devkitPro/libctru/lib\libarchive.a(archive_read_open_memory.o)
 .text.memory_read
                0x00112850       0x2c c:/devkitPro/libctru/lib\libarchive.a(archive_read_open_memory.o)
 .text.memory_read_skip
                0x0011287c       0x64 c:/devkitPro/libctru/lib\libarchive.a(archive_read_open_memory.o)
 .text.memory_read_seek
                0x001128e0       0x90 c:/devkitPro/libctru/lib\libarchive.a(archive_read_open_memory.o)
 .text.memory_read_close
                0x00112970       0x14 c:/devkitPro/libctru/lib\libarchive.a(archive_read_open_memory.o)
 .text.archive_read_open_memory
                0x00112984       0xb8 c:/devkitPro/libctru/lib\libarchive.a(archive_read_open_memory.o)
                0x00112984                archive_read_open_memory
 .text.Bcj2_Decode
                0x00112a3c      0x574 c:/devkitPro/libctru/lib\libarchive.a(archive_read_support_format_7zip.o)
 .text.set_error
                0x00112fb0       0xac c:/devkitPro/libctru/lib\libarchive.a(archive_read_support_format_7zip.o)
 .text.ppmd_read
                0x0011305c       0x7c c:/devkitPro/libctru/lib\libarchive.a(archive_read_support_format_7zip.o)
 .text.ppmd_free
                0x001130d8        0x8 c:/devkitPro/libctru/lib\libarchive.a(archive_read_support_format_7zip.o)
 .text.ppmd_alloc
                0x001130e0        0x8 c:/devkitPro/libctru/lib\libarchive.a(archive_read_support_format_7zip.o)
 .text.init_decompression
                0x001130e8      0x638 c:/devkitPro/libctru/lib\libarchive.a(archive_read_support_format_7zip.o)
 .text.seek_pack
                0x00113720       0xb8 c:/devkitPro/libctru/lib\libarchive.a(archive_read_support_format_7zip.o)
 .text.free_StreamsInfo
                0x001137d8       0xf8 c:/devkitPro/libctru/lib\libarchive.a(archive_read_support_format_7zip.o)
 .text.archive_read_format_7zip_cleanup
                0x001138d0       0xf8 c:/devkitPro/libctru/lib\libarchive.a(archive_read_support_format_7zip.o)
 .text.archive_read_format_7zip_bid
                0x001139c8      0x1d0 c:/devkitPro/libctru/lib\libarchive.a(archive_read_support_format_7zip.o)
 .text.extract_pack_stream
                0x00113b98      0xdb4 c:/devkitPro/libctru/lib\libarchive.a(archive_read_support_format_7zip.o)
 .text.get_uncompressed_data
                0x0011494c      0x12c c:/devkitPro/libctru/lib\libarchive.a(archive_read_support_format_7zip.o)
 .text.setup_decode_folder
                0x00114a78      0x874 c:/devkitPro/libctru/lib\libarchive.a(archive_read_support_format_7zip.o)
 .text.read_stream
                0x001152ec      0x350 c:/devkitPro/libctru/lib\libarchive.a(archive_read_support_format_7zip.o)
 .text.read_Bools
                0x0011563c      0x154 c:/devkitPro/libctru/lib\libarchive.a(archive_read_support_format_7zip.o)
 .text.archive_read_format_7zip_read_data_skip
                0x00115790      0x474 c:/devkitPro/libctru/lib\libarchive.a(archive_read_support_format_7zip.o)
 .text.header_bytes
                0x00115c04      0x3dc c:/devkitPro/libctru/lib\libarchive.a(archive_read_support_format_7zip.o)
 .text.header_bytes.constprop.3
                0x00115fe0      0x3ac c:/devkitPro/libctru/lib\libarchive.a(archive_read_support_format_7zip.o)
 .text.parse_7zip_uint64
                0x0011638c      0x424 c:/devkitPro/libctru/lib\libarchive.a(archive_read_support_format_7zip.o)
 .text.read_Digests
                0x001167b0      0x220 c:/devkitPro/libctru/lib\libarchive.a(archive_read_support_format_7zip.o)
 .text.read_StreamsInfo
                0x001169d0      0xf48 c:/devkitPro/libctru/lib\libarchive.a(archive_read_support_format_7zip.o)
 .text.archive_read_format_7zip_read_header
                0x00117918     0x1744 c:/devkitPro/libctru/lib\libarchive.a(archive_read_support_format_7zip.o)
 .text.archive_read_format_7zip_read_data
                0x0011905c      0x4bc c:/devkitPro/libctru/lib\libarchive.a(archive_read_support_format_7zip.o)
 .text.archive_read_support_format_7zip
                0x00119518       0xd4 c:/devkitPro/libctru/lib\libarchive.a(archive_read_support_format_7zip.o)
                0x00119518                archive_read_support_format_7zip
 .text.cmp_node
                0x001195ec       0x10 c:/devkitPro/libctru/lib\libarchive.a(archive_read_support_format_zip.o)
 .text.cmp_key  0x001195fc        0x8 c:/devkitPro/libctru/lib\libarchive.a(archive_read_support_format_zip.o)
 .text.archive_read_format_zip_cleanup
                0x00119604       0x9c c:/devkitPro/libctru/lib\libarchive.a(archive_read_support_format_zip.o)
 .text.archive_read_format_zip_streamable_bid
                0x001196a0       0xd0 c:/devkitPro/libctru/lib\libarchive.a(archive_read_support_format_zip.o)
 .text.archive_read_format_zip_options
                0x00119770       0xd8 c:/devkitPro/libctru/lib\libarchive.a(archive_read_support_format_zip.o)
 .text.rsrc_cmp_key
                0x00119848       0x10 c:/devkitPro/libctru/lib\libarchive.a(archive_read_support_format_zip.o)
 .text.rsrc_cmp_node
                0x00119858       0x10 c:/devkitPro/libctru/lib\libarchive.a(archive_read_support_format_zip.o)
 .text.archive_read_format_zip_seekable_bid
                0x00119868      0x258 c:/devkitPro/libctru/lib\libarchive.a(archive_read_support_format_zip.o)
 .text.zip_read_local_file_header
                0x00119ac0      0x9bc c:/devkitPro/libctru/lib\libarchive.a(archive_read_support_format_zip.o)
 .text.archive_read_format_zip_streamable_read_header
                0x0011a47c      0x1f0 c:/devkitPro/libctru/lib\libarchive.a(archive_read_support_format_zip.o)
 .text.zip_read_data_deflate.isra.2
                0x0011a66c      0x304 c:/devkitPro/libctru/lib\libarchive.a(archive_read_support_format_zip.o)
 .text.archive_read_format_zip_read_data_skip
                0x0011a970      0x224 c:/devkitPro/libctru/lib\libarchive.a(archive_read_support_format_zip.o)
 .text.archive_read_format_zip_read_data
                0x0011ab94      0x464 c:/devkitPro/libctru/lib\libarchive.a(archive_read_support_format_zip.o)
 .text.archive_read_format_zip_seekable_read_header
                0x0011aff8      0xbdc c:/devkitPro/libctru/lib\libarchive.a(archive_read_support_format_zip.o)
 .text.archive_read_support_format_zip
                0x0011bbd4      0x150 c:/devkitPro/libctru/lib\libarchive.a(archive_read_support_format_zip.o)
                0x0011bbd4                archive_read_support_format_zip
 .text.unicode_to_utf8
                0x0011bd24      0x124 c:/devkitPro/libctru/lib\libarchive.a(archive_string.o)
 .text.utf16be_to_unicode
                0x0011be48       0xa8 c:/devkitPro/libctru/lib\libarchive.a(archive_string.o)
 .text.unicode_to_utf16be
                0x0011bef0       0x7c c:/devkitPro/libctru/lib\libarchive.a(archive_string.o)
 .text.unicode_to_utf16le
                0x0011bf6c       0x7c c:/devkitPro/libctru/lib\libarchive.a(archive_string.o)
 .text.unlikely.add_converter.part.8
                0x0011bfe8       0x14 c:/devkitPro/libctru/lib\libarchive.a(archive_string.o)
 .text.canonical_charset_name.part.11
                0x0011bffc      0x148 c:/devkitPro/libctru/lib\libarchive.a(archive_string.o)
 .text.unlikely.archive_string_concat.part.14
                0x0011c144       0x14 c:/devkitPro/libctru/lib\libarchive.a(archive_string.o)
 .text.utf16le_to_unicode
                0x0011c158       0xa8 c:/devkitPro/libctru/lib\libarchive.a(archive_string.o)
 .text.get_sconv_object.part.12
                0x0011c200      0x47c c:/devkitPro/libctru/lib\libarchive.a(archive_string.o)
 .text.best_effort_strncat_from_utf16be
                0x0011c67c      0x218 c:/devkitPro/libctru/lib\libarchive.a(archive_string.o)
 .text.best_effort_strncat_to_utf16le
                0x0011c894      0x16c c:/devkitPro/libctru/lib\libarchive.a(archive_string.o)
 .text.best_effort_strncat_from_utf16le
                0x0011ca00      0x218 c:/devkitPro/libctru/lib\libarchive.a(archive_string.o)
 .text.best_effort_strncat_to_utf16be
                0x0011cc18      0x16c c:/devkitPro/libctru/lib\libarchive.a(archive_string.o)
 .text.archive_string_append_unicode
                0x0011cd84      0x368 c:/devkitPro/libctru/lib\libarchive.a(archive_string.o)
 .text.best_effort_strncat_in_locale
                0x0011d0ec      0x370 c:/devkitPro/libctru/lib\libarchive.a(archive_string.o)
 .text.cesu8_to_unicode
                0x0011d45c      0x568 c:/devkitPro/libctru/lib\libarchive.a(archive_string.o)
 .text.strncat_from_utf8_to_utf8
                0x0011d9c4      0x770 c:/devkitPro/libctru/lib\libarchive.a(archive_string.o)
 .text.archive_string_normalize_C
                0x0011e134     0x1c4c c:/devkitPro/libctru/lib\libarchive.a(archive_string.o)
 .text.archive_string_free
                0x0011fd80       0x24 c:/devkitPro/libctru/lib\libarchive.a(archive_string.o)
                0x0011fd80                archive_string_free
 .text.archive_string_ensure
                0x0011fda4       0xc0 c:/devkitPro/libctru/lib\libarchive.a(archive_string.o)
                0x0011fda4                archive_string_ensure
 .text.archive_strncat
                0x0011fe64      0x138 c:/devkitPro/libctru/lib\libarchive.a(archive_string.o)
                0x0011fe64                archive_strncat
 .text.archive_strcat
                0x0011ff9c      0x118 c:/devkitPro/libctru/lib\libarchive.a(archive_string.o)
                0x0011ff9c                archive_strcat
 .text.archive_strappend_char
                0x001200b4       0xf0 c:/devkitPro/libctru/lib\libarchive.a(archive_string.o)
                0x001200b4                archive_strappend_char
 .text.archive_wstring_append_from_mbs
                0x001201a4      0x284 c:/devkitPro/libctru/lib\libarchive.a(archive_string.o)
                0x001201a4                archive_wstring_append_from_mbs
 .text.archive_string_append_from_wcs
                0x00120428      0x290 c:/devkitPro/libctru/lib\libarchive.a(archive_string.o)
                0x00120428                archive_string_append_from_wcs
 .text.archive_string_conversion_from_charset
                0x001206b8       0xd0 c:/devkitPro/libctru/lib\libarchive.a(archive_string.o)
                0x001206b8                archive_string_conversion_from_charset
 .text.archive_string_default_conversion_for_read
                0x00120788        0x8 c:/devkitPro/libctru/lib\libarchive.a(archive_string.o)
                0x00120788                archive_string_default_conversion_for_read
 .text.archive_string_conversion_free
                0x00120790       0x58 c:/devkitPro/libctru/lib\libarchive.a(archive_string.o)
                0x00120790                archive_string_conversion_free
 .text.archive_string_conversion_charset_name
                0x001207e8       0x18 c:/devkitPro/libctru/lib\libarchive.a(archive_string.o)
                0x001207e8                archive_string_conversion_charset_name
 .text.archive_mstring_clean
                0x00120800       0x64 c:/devkitPro/libctru/lib\libarchive.a(archive_string.o)
                0x00120800                archive_mstring_clean
 .text.archive_mstring_copy
                0x00120864      0x2d0 c:/devkitPro/libctru/lib\libarchive.a(archive_string.o)
                0x00120864                archive_mstring_copy
 .text.archive_mstring_get_mbs
                0x00120b34       0x68 c:/devkitPro/libctru/lib\libarchive.a(archive_string.o)
                0x00120b34                archive_mstring_get_mbs
 .text.archive_mstring_get_wcs
                0x00120b9c       0x68 c:/devkitPro/libctru/lib\libarchive.a(archive_string.o)
                0x00120b9c                archive_mstring_get_wcs
 .text.archive_mstring_copy_mbs
                0x00120c04      0x15c c:/devkitPro/libctru/lib\libarchive.a(archive_string.o)
                0x00120c04                archive_mstring_copy_mbs
 .text.archive_mstring_copy_mbs_len_l
                0x00120d60      0x390 c:/devkitPro/libctru/lib\libarchive.a(archive_string.o)
                0x00120d60                archive_mstring_copy_mbs_len_l
 .text.__archive_clean
                0x001210f0       0x10 c:/devkitPro/libctru/lib\libarchive.a(archive_util.o)
                0x001210f0                __archive_clean
 .text.archive_error_string
                0x00121100       0x1c c:/devkitPro/libctru/lib\libarchive.a(archive_util.o)
                0x00121100                archive_error_string
 .text.archive_clear_error
                0x0012111c       0x14 c:/devkitPro/libctru/lib\libarchive.a(archive_util.o)
                0x0012111c                archive_clear_error
 .text.archive_set_error
                0x00121130       0x5c c:/devkitPro/libctru/lib\libarchive.a(archive_util.o)
                0x00121130                archive_set_error
 .text.__archive_errx
                0x0012118c       0x54 c:/devkitPro/libctru/lib\libarchive.a(archive_util.o)
                0x0012118c                __archive_errx
 .text.__archive_ensure_cloexec_flag
                0x001211e0       0x3c c:/devkitPro/libctru/lib\libarchive.a(archive_util.o)
                0x001211e0                __archive_ensure_cloexec_flag
 .text.archive_write_close
                0x0012121c        0xc c:/devkitPro/libctru/lib\libarchive.a(archive_virtual.o)
                0x0012121c                archive_write_close
 .text.archive_read_close
                0x00121228        0xc c:/devkitPro/libctru/lib\libarchive.a(archive_virtual.o)
                0x00121228                archive_read_close
 .text.archive_write_free
                0x00121234       0x14 c:/devkitPro/libctru/lib\libarchive.a(archive_virtual.o)
                0x00121234                archive_write_free
 .text.archive_read_free
                0x00121248       0x14 c:/devkitPro/libctru/lib\libarchive.a(archive_virtual.o)
                0x00121248                archive_read_free
 .text.archive_write_header
                0x0012125c       0x18 c:/devkitPro/libctru/lib\libarchive.a(archive_virtual.o)
                0x0012125c                archive_write_header
 .text.archive_write_finish_entry
                0x00121274        0xc c:/devkitPro/libctru/lib\libarchive.a(archive_virtual.o)
                0x00121274                archive_write_finish_entry
 .text.archive_write_data_block
                0x00121280       0x3c c:/devkitPro/libctru/lib\libarchive.a(archive_virtual.o)
                0x00121280                archive_write_data_block
 .text.archive_read_next_header
                0x001212bc        0xc c:/devkitPro/libctru/lib\libarchive.a(archive_virtual.o)
                0x001212bc                archive_read_next_header
 .text.archive_read_data_block
                0x001212c8       0x18 c:/devkitPro/libctru/lib\libarchive.a(archive_virtual.o)
                0x001212c8                archive_read_data_block
 .text._archive_write_disk_filter_bytes
                0x001212e0       0x24 c:/devkitPro/libctru/lib\libarchive.a(archive_write_disk_posix.o)
 .text.create_filesystem_object
                0x00121304      0x1a8 c:/devkitPro/libctru/lib\libarchive.a(archive_write_disk_posix.o)
 .text.sort_dir_list
                0x001214ac      0x16c c:/devkitPro/libctru/lib\libarchive.a(archive_write_disk_posix.o)
 .text._archive_write_disk_finish_entry
                0x00121618      0x7f4 c:/devkitPro/libctru/lib\libarchive.a(archive_write_disk_posix.o)
 .text._archive_write_disk_close
                0x00121e0c      0x114 c:/devkitPro/libctru/lib\libarchive.a(archive_write_disk_posix.o)
 .text._archive_write_disk_free
                0x00121f20      0x180 c:/devkitPro/libctru/lib\libarchive.a(archive_write_disk_posix.o)
 .text.create_dir
                0x001220a0      0x28c c:/devkitPro/libctru/lib\libarchive.a(archive_write_disk_posix.o)
 .text._archive_write_disk_data
                0x0012232c      0x57c c:/devkitPro/libctru/lib\libarchive.a(archive_write_disk_posix.o)
 .text._archive_write_disk_data_block
                0x001228a8      0x5dc c:/devkitPro/libctru/lib\libarchive.a(archive_write_disk_posix.o)
 .text._archive_write_disk_header
                0x00122e84      0xa84 c:/devkitPro/libctru/lib\libarchive.a(archive_write_disk_posix.o)
 .text.archive_write_disk_set_options
                0x00123908        0xc c:/devkitPro/libctru/lib\libarchive.a(archive_write_disk_posix.o)
                0x00123908                archive_write_disk_set_options
 .text.archive_write_disk_new
                0x00123914       0xf0 c:/devkitPro/libctru/lib\libarchive.a(archive_write_disk_posix.o)
                0x00123914                archive_write_disk_new
 .text.archive_acl_clear
                0x00123a04       0x70 c:/devkitPro/libctru/lib\libarchive.a(archive_acl.o)
                0x00123a04                archive_acl_clear
 .text.archive_acl_copy
                0x00123a74      0x234 c:/devkitPro/libctru/lib\libarchive.a(archive_acl.o)
                0x00123a74                archive_acl_copy
 .text.unlikely.errmsg
                0x00123ca8       0x44 c:/devkitPro/libctru/lib\libarchive.a(archive_check_magic.o)
 .text.__archive_check_magic
                0x00123cec      0x2e4 c:/devkitPro/libctru/lib\libarchive.a(archive_check_magic.o)
                0x00123cec                __archive_check_magic
 .text.Ppmd7_Free
                0x00123fd0       0x28 c:/devkitPro/libctru/lib\libarchive.a(archive_ppmd7.o)
 .text.Ppmd7_Alloc
                0x00123ff8       0x80 c:/devkitPro/libctru/lib\libarchive.a(archive_ppmd7.o)
 .text.GlueFreeBlocks
                0x00124078      0x1fc c:/devkitPro/libctru/lib\libarchive.a(archive_ppmd7.o)
 .text.PpmdRAR_RangeDec_Init
                0x00124274       0x58 c:/devkitPro/libctru/lib\libarchive.a(archive_ppmd7.o)
 .text.Range_GetThreshold
                0x001242cc       0x30 c:/devkitPro/libctru/lib\libarchive.a(archive_ppmd7.o)
 .text.Range_DecodeBit_7z
                0x001242fc       0xa4 c:/devkitPro/libctru/lib\libarchive.a(archive_ppmd7.o)
 .text.Ppmd7z_RangeDec_CreateVTable
                0x001243a0       0x20 c:/devkitPro/libctru/lib\libarchive.a(archive_ppmd7.o)
 .text.PpmdRAR_RangeDec_CreateVTable
                0x001243c0       0x20 c:/devkitPro/libctru/lib\libarchive.a(archive_ppmd7.o)
 .text.Ppmd7z_RangeEnc_Init
                0x001243e0       0x34 c:/devkitPro/libctru/lib\libarchive.a(archive_ppmd7.o)
 .text.RestartModel
                0x00124414      0x334 c:/devkitPro/libctru/lib\libarchive.a(archive_ppmd7.o)
 .text.Ppmd7_Init
                0x00124748       0x20 c:/devkitPro/libctru/lib\libarchive.a(archive_ppmd7.o)
 .text.Ppmd7_Construct
                0x00124768      0x154 c:/devkitPro/libctru/lib\libarchive.a(archive_ppmd7.o)
 .text.Ppmd7z_RangeDec_Init
                0x001248bc       0x64 c:/devkitPro/libctru/lib\libarchive.a(archive_ppmd7.o)
 .text.Range_DecodeBit_RAR
                0x00124920       0x58 c:/devkitPro/libctru/lib\libarchive.a(archive_ppmd7.o)
 .text.Range_Decode_7z
                0x00124978       0x88 c:/devkitPro/libctru/lib\libarchive.a(archive_ppmd7.o)
 .text.Range_Decode_RAR
                0x00124a00       0x88 c:/devkitPro/libctru/lib\libarchive.a(archive_ppmd7.o)
 .text.Ppmd7z_RangeEnc_FlushData
                0x00124a88       0x98 c:/devkitPro/libctru/lib\libarchive.a(archive_ppmd7.o)
 .text.CreateSuccessors
                0x00124b20      0x33c c:/devkitPro/libctru/lib\libarchive.a(archive_ppmd7.o)
 .text.UpdateModel
                0x00124e5c      0x718 c:/devkitPro/libctru/lib\libarchive.a(archive_ppmd7.o)
 .text.Rescale  0x00125574      0x384 c:/devkitPro/libctru/lib\libarchive.a(archive_ppmd7.o)
 .text.Ppmd7_DecodeSymbol
                0x001258f8      0x83c c:/devkitPro/libctru/lib\libarchive.a(archive_ppmd7.o)
 .text.Ppmd7_EncodeSymbol
                0x00126134      0xd10 c:/devkitPro/libctru/lib\libarchive.a(archive_ppmd7.o)
 .text.__archive_rb_tree_removal_rebalance.isra.1
                0x00126e44      0x39c c:/devkitPro/libctru/lib\libarchive.a(archive_rb.o)
 .text.__archive_rb_tree_init
                0x001271e0       0x10 c:/devkitPro/libctru/lib\libarchive.a(archive_rb.o)
                0x001271e0                __archive_rb_tree_init
 .text.__archive_rb_tree_find_node
                0x001271f0       0x5c c:/devkitPro/libctru/lib\libarchive.a(archive_rb.o)
                0x001271f0                __archive_rb_tree_find_node
 .text.__archive_rb_tree_insert_node
                0x0012724c      0x334 c:/devkitPro/libctru/lib\libarchive.a(archive_rb.o)
                0x0012724c                __archive_rb_tree_insert_node
 .text.__archive_rb_tree_remove_node
                0x00127580      0x208 c:/devkitPro/libctru/lib\libarchive.a(archive_rb.o)
                0x00127580                __archive_rb_tree_remove_node
 .text.__archive_rb_tree_iterate
                0x00127788       0xb0 c:/devkitPro/libctru/lib\libarchive.a(archive_rb.o)
                0x00127788                __archive_rb_tree_iterate
 .text.append_uint
                0x00127838       0xd0 c:/devkitPro/libctru/lib\libarchive.a(archive_string_sprintf.o)
 .text.archive_string_vsprintf
                0x00127908      0xa5c c:/devkitPro/libctru/lib\libarchive.a(archive_string_sprintf.o)
                0x00127908                archive_string_vsprintf
 .text.archive_write_disk_set_acls
                0x00128364        0x8 c:/devkitPro/libctru/lib\libarchive.a(archive_write_disk_acl.o)
                0x00128364                archive_write_disk_set_acls
 .text.lzma_alloc
                0x0012836c       0x34 c:/devkitPro/libctru/lib\liblzma.a(liblzma_la-common.o)
                0x0012836c                lzma_alloc
 .text.lzma_free
                0x001283a0       0x24 c:/devkitPro/libctru/lib\liblzma.a(liblzma_la-common.o)
                0x001283a0                lzma_free
 .text.lzma_bufcpy
                0x001283c4       0x50 c:/devkitPro/libctru/lib\liblzma.a(liblzma_la-common.o)
                0x001283c4                lzma_bufcpy
 .text.lzma_next_filter_init
                0x00128414       0xa4 c:/devkitPro/libctru/lib\liblzma.a(liblzma_la-common.o)
                0x00128414                lzma_next_filter_init
 .text.lzma_next_filter_update
                0x001284b8       0x58 c:/devkitPro/libctru/lib\liblzma.a(liblzma_la-common.o)
                0x001284b8                lzma_next_filter_update
 .text.lzma_next_end
                0x00128510       0x70 c:/devkitPro/libctru/lib\liblzma.a(liblzma_la-common.o)
                0x00128510                lzma_next_end
 .text.lzma_strm_init
                0x00128580       0xc0 c:/devkitPro/libctru/lib\liblzma.a(liblzma_la-common.o)
                0x00128580                lzma_strm_init
 .text.lzma_code
                0x00128640      0x2fc c:/devkitPro/libctru/lib\liblzma.a(liblzma_la-common.o)
                0x00128640                lzma_code
 .text.lzma_end
                0x0012893c       0xd0 c:/devkitPro/libctru/lib\liblzma.a(liblzma_la-common.o)
                0x0012893c                lzma_end
 .text.decoder_find
                0x00128a0c       0xc8 c:/devkitPro/libctru/lib\liblzma.a(liblzma_la-filter_decoder.o)
 .text.lzma_raw_decoder
                0x00128ad4       0x7c c:/devkitPro/libctru/lib\liblzma.a(liblzma_la-filter_decoder.o)
                0x00128ad4                lzma_raw_decoder
 .text.lzma_properties_decode
                0x00128b50      0x104 c:/devkitPro/libctru/lib\liblzma.a(liblzma_la-filter_decoder.o)
                0x00128b50                lzma_properties_decode
 .text.lzma_decoder_uncompressed
                0x00128c54        0xc c:/devkitPro/libctru/lib\liblzma.a(liblzma_la-lzma_decoder.o)
 .text.lzma_decoder_reset
                0x00128c60      0x384 c:/devkitPro/libctru/lib\liblzma.a(liblzma_la-lzma_decoder.o)
 .text.lzma_decode
                0x00128fe4     0x34cc c:/devkitPro/libctru/lib\liblzma.a(liblzma_la-lzma_decoder.o)
 .text.lzma_decoder_init
                0x0012c4b0      0x444 c:/devkitPro/libctru/lib\liblzma.a(liblzma_la-lzma_decoder.o)
 .text.lzma_lzma_decoder_create
                0x0012c8f4       0x7c c:/devkitPro/libctru/lib\liblzma.a(liblzma_la-lzma_decoder.o)
                0x0012c8f4                lzma_lzma_decoder_create
 .text.lzma_lzma_decoder_init
                0x0012c970        0xc c:/devkitPro/libctru/lib\liblzma.a(liblzma_la-lzma_decoder.o)
                0x0012c970                lzma_lzma_decoder_init
 .text.lzma_lzma_lclppb_decode
                0x0012c97c       0x84 c:/devkitPro/libctru/lib\liblzma.a(liblzma_la-lzma_decoder.o)
                0x0012c97c                lzma_lzma_lclppb_decode
 .text.lzma_lzma_decoder_memusage_nocheck
                0x0012ca00       0x24 c:/devkitPro/libctru/lib\liblzma.a(liblzma_la-lzma_decoder.o)
                0x0012ca00                lzma_lzma_decoder_memusage_nocheck
 .text.lzma_lzma_decoder_memusage
                0x0012ca24       0x68 c:/devkitPro/libctru/lib\liblzma.a(liblzma_la-lzma_decoder.o)
                0x0012ca24                lzma_lzma_decoder_memusage
 .text.lzma_lzma_props_decode
                0x0012ca8c       0xd4 c:/devkitPro/libctru/lib\liblzma.a(liblzma_la-lzma_decoder.o)
                0x0012ca8c                lzma_lzma_props_decode
 .text.lzma2_decoder_init
                0x0012cb60       0xbc c:/devkitPro/libctru/lib\liblzma.a(liblzma_la-lzma2_decoder.o)
 .text.lzma2_decoder_end
                0x0012cc1c       0x24 c:/devkitPro/libctru/lib\liblzma.a(liblzma_la-lzma2_decoder.o)
 .text.lzma2_decode
                0x0012cc40      0x328 c:/devkitPro/libctru/lib\liblzma.a(liblzma_la-lzma2_decoder.o)
 .text.lzma_lzma2_decoder_init
                0x0012cf68        0xc c:/devkitPro/libctru/lib\liblzma.a(liblzma_la-lzma2_decoder.o)
                0x0012cf68                lzma_lzma2_decoder_init
 .text.lzma_lzma2_decoder_memusage
                0x0012cf74       0x14 c:/devkitPro/libctru/lib\liblzma.a(liblzma_la-lzma2_decoder.o)
                0x0012cf74                lzma_lzma2_decoder_memusage
 .text.lzma_lzma2_props_decode
                0x0012cf88       0x80 c:/devkitPro/libctru/lib\liblzma.a(liblzma_la-lzma2_decoder.o)
                0x0012cf88                lzma_lzma2_props_decode
 .text.delta_coder_end
                0x0012d008       0x20 c:/devkitPro/libctru/lib\liblzma.a(liblzma_la-delta_common.o)
 .text.lzma_delta_coder_init
                0x0012d028       0xc0 c:/devkitPro/libctru/lib\liblzma.a(liblzma_la-delta_common.o)
                0x0012d028                lzma_delta_coder_init
 .text.lzma_delta_coder_memusage
                0x0012d0e8       0x3c c:/devkitPro/libctru/lib\liblzma.a(liblzma_la-delta_common.o)
                0x0012d0e8                lzma_delta_coder_memusage
 .text.delta_decode
                0x0012d124       0xa4 c:/devkitPro/libctru/lib\liblzma.a(liblzma_la-delta_decoder.o)
 .text.lzma_delta_decoder_init
                0x0012d1c8       0x10 c:/devkitPro/libctru/lib\liblzma.a(liblzma_la-delta_decoder.o)
                0x0012d1c8                lzma_delta_decoder_init
 .text.lzma_delta_props_decode
                0x0012d1d8       0x50 c:/devkitPro/libctru/lib\liblzma.a(liblzma_la-delta_decoder.o)
                0x0012d1d8                lzma_delta_props_decode
 .text.lzma_simple_props_decode
                0x0012d228       0x74 c:/devkitPro/libctru/lib\liblzma.a(liblzma_la-simple_decoder.o)
                0x0012d228                lzma_simple_props_decode
 .text.x86_code
                0x0012d29c      0x264 c:/devkitPro/libctru/lib\liblzma.a(liblzma_la-x86.o)
 .text.lzma_simple_x86_decoder_init
                0x0012d500       0x48 c:/devkitPro/libctru/lib\liblzma.a(liblzma_la-x86.o)
                0x0012d500                lzma_simple_x86_decoder_init
 .text.powerpc_code
                0x0012d548      0x134 c:/devkitPro/libctru/lib\liblzma.a(liblzma_la-powerpc.o)
 .text.lzma_simple_powerpc_decoder_init
                0x0012d67c       0x34 c:/devkitPro/libctru/lib\liblzma.a(liblzma_la-powerpc.o)
                0x0012d67c                lzma_simple_powerpc_decoder_init
 .text.ia64_code
                0x0012d6b0      0x4e4 c:/devkitPro/libctru/lib\liblzma.a(liblzma_la-ia64.o)
 .text.lzma_simple_ia64_decoder_init
                0x0012db94       0x34 c:/devkitPro/libctru/lib\liblzma.a(liblzma_la-ia64.o)
                0x0012db94                lzma_simple_ia64_decoder_init
 .text.arm_code
                0x0012dbc8       0xd8 c:/devkitPro/libctru/lib\liblzma.a(liblzma_la-arm.o)
 .text.lzma_simple_arm_decoder_init
                0x0012dca0       0x34 c:/devkitPro/libctru/lib\liblzma.a(liblzma_la-arm.o)
                0x0012dca0                lzma_simple_arm_decoder_init
 .text.armthumb_code
                0x0012dcd4      0x180 c:/devkitPro/libctru/lib\liblzma.a(liblzma_la-armthumb.o)
 .text.lzma_simple_armthumb_decoder_init
                0x0012de54       0x30 c:/devkitPro/libctru/lib\liblzma.a(liblzma_la-armthumb.o)
                0x0012de54                lzma_simple_armthumb_decoder_init
 .text.sparc_code
                0x0012de84       0xd8 c:/devkitPro/libctru/lib\liblzma.a(liblzma_la-sparc.o)
 .text.lzma_simple_sparc_decoder_init
                0x0012df5c       0x34 c:/devkitPro/libctru/lib\liblzma.a(liblzma_la-sparc.o)
                0x0012df5c                lzma_simple_sparc_decoder_init
 .text.lzma_raw_coder_init
                0x0012df90      0x28c c:/devkitPro/libctru/lib\liblzma.a(liblzma_la-filter_common.o)
                0x0012df90                lzma_raw_coder_init
 .text.lz_decoder_end
                0x0012e21c       0x50 c:/devkitPro/libctru/lib\liblzma.a(liblzma_la-lz_decoder.o)
 .text.lz_decode
                0x0012e26c      0x334 c:/devkitPro/libctru/lib\liblzma.a(liblzma_la-lz_decoder.o)
 .text.lzma_lz_decoder_init
                0x0012e5a0      0x1c8 c:/devkitPro/libctru/lib\liblzma.a(liblzma_la-lz_decoder.o)
                0x0012e5a0                lzma_lz_decoder_init
 .text.lzma_lz_decoder_memusage
                0x0012e768       0x18 c:/devkitPro/libctru/lib\liblzma.a(liblzma_la-lz_decoder.o)
                0x0012e768                lzma_lz_decoder_memusage
 .text.simple_coder_update
                0x0012e780        0x8 c:/devkitPro/libctru/lib\liblzma.a(liblzma_la-simple_coder.o)
 .text.simple_coder_end
                0x0012e788       0x2c c:/devkitPro/libctru/lib\liblzma.a(liblzma_la-simple_coder.o)
 .text.simple_code
                0x0012e7b4      0x388 c:/devkitPro/libctru/lib\liblzma.a(liblzma_la-simple_coder.o)
 .text.lzma_simple_coder_init
                0x0012eb3c      0x140 c:/devkitPro/libctru/lib\liblzma.a(liblzma_la-simple_coder.o)
                0x0012eb3c                lzma_simple_coder_init
 .text._ZL21addrMapNodeComparatorPK11rbtree_nodeS1_
                0x0012ec7c       0x24 c:/devkitPro/libctru/lib\libctru.a(linear.o)
 .text._ZL21addrMapNodeDestructorP11rbtree_node
                0x0012eca0        0x4 c:/devkitPro/libctru/lib\libctru.a(linear.o)
 .text.linearMemAlign
                0x0012eca4      0x11c c:/devkitPro/libctru/lib\libctru.a(linear.o)
                0x0012eca4                linearMemAlign
 .text.linearAlloc
                0x0012edc0        0x8 c:/devkitPro/libctru/lib\libctru.a(linear.o)
                0x0012edc0                linearAlloc
 .text.linearFree
                0x0012edc8       0x50 c:/devkitPro/libctru/lib\libctru.a(linear.o)
                0x0012edc8                linearFree
 .text._ZN7MemPool13CoalesceRightEP8MemBlock
                0x0012ee18       0x98 c:/devkitPro/libctru/lib\libctru.a(mem_pool.o)
                0x0012ee18                MemPool::CoalesceRight(MemBlock*)
 .text._ZN7MemPool8AllocateER8MemChunkmi
                0x0012eeb0      0x16c c:/devkitPro/libctru/lib\libctru.a(mem_pool.o)
                0x0012eeb0                MemPool::Allocate(MemChunk&, unsigned long, int)
 .text._ZN7MemPool10DeallocateERK8MemChunk
                0x0012f01c       0xfc c:/devkitPro/libctru/lib\libctru.a(mem_pool.o)
                0x0012f01c                MemPool::Deallocate(MemChunk const&)
 .text.consoleSelect
                0x0012f118       0x18 c:/devkitPro/libctru/lib\libctru.a(console.o)
                0x0012f118                consoleSelect
 .text.consoleDrawChar
                0x0012f130      0x1c0 c:/devkitPro/libctru/lib\libctru.a(console.o)
                0x0012f130                consoleDrawChar
 .text.consolePrintChar
                0x0012f2f0      0x128 c:/devkitPro/libctru/lib\libctru.a(console.o)
                0x0012f2f0                consolePrintChar
 .text.consoleCls
                0x0012f418      0x184 c:/devkitPro/libctru/lib\libctru.a(console.o)
 .text.consoleInit
                0x0012f59c      0x104 c:/devkitPro/libctru/lib\libctru.a(console.o)
                0x0012f59c                consoleInit
 .text.consoleClearLine
                0x0012f6a0      0x138 c:/devkitPro/libctru/lib\libctru.a(console.o)
 .text.newRow   0x0012f7d8       0xc0 c:/devkitPro/libctru/lib\libctru.a(console.o)
 .text.con_write
                0x0012f898      0x810 c:/devkitPro/libctru/lib\libctru.a(console.o)
                0x0012f898                con_write
 .text.consoleClear
                0x001300a8        0xc c:/devkitPro/libctru/lib\libctru.a(console.o)
                0x001300a8                consoleClear
 .text.gfxSetFramebufferInfo.part.0
                0x001300b4       0x8c c:/devkitPro/libctru/lib\libctru.a(gfx.o)
 .text.__get_bytes_per_pixel
                0x00130140       0x18 c:/devkitPro/libctru/lib\libctru.a(gfx.o)
                0x00130140                __get_bytes_per_pixel
 .text.gfxSetScreenFormat
                0x00130158      0x184 c:/devkitPro/libctru/lib\libctru.a(gfx.o)
                0x00130158                gfxSetScreenFormat
 .text.gfxSetDoubleBuffering
                0x001302dc       0x10 c:/devkitPro/libctru/lib\libctru.a(gfx.o)
                0x001302dc                gfxSetDoubleBuffering
 .text.gfxSetFramebufferInfo
                0x001302ec       0x6c c:/devkitPro/libctru/lib\libctru.a(gfx.o)
                0x001302ec                gfxSetFramebufferInfo
 .text.gfxWriteFramebufferInfo
                0x00130358       0xb0 c:/devkitPro/libctru/lib\libctru.a(gfx.o)
                0x00130358                gfxWriteFramebufferInfo
 .text.gfxInit  0x00130408      0x210 c:/devkitPro/libctru/lib\libctru.a(gfx.o)
                0x00130408                gfxInit
 .text.gfxInitDefault
                0x00130618       0x10 c:/devkitPro/libctru/lib\libctru.a(gfx.o)
                0x00130618                gfxInitDefault
 .text.gfxExit  0x00130628       0xe0 c:/devkitPro/libctru/lib\libctru.a(gfx.o)
                0x00130628                gfxExit
 .text.gfxGetFramebuffer
                0x00130708       0xa8 c:/devkitPro/libctru/lib\libctru.a(gfx.o)
                0x00130708                gfxGetFramebuffer
 .text.gfxFlushBuffers
                0x001307b0       0xe8 c:/devkitPro/libctru/lib\libctru.a(gfx.o)
                0x001307b0                gfxFlushBuffers
 .text.gfxConfigScreen
                0x00130898       0x60 c:/devkitPro/libctru/lib\libctru.a(gfx.o)
                0x00130898                gfxConfigScreen
 .text.gfxSwapBuffers
                0x001308f8       0x20 c:/devkitPro/libctru/lib\libctru.a(gfx.o)
                0x001308f8                gfxSwapBuffers
 .text.gfxSwapBuffersGpu
                0x00130918       0x20 c:/devkitPro/libctru/lib\libctru.a(gfx.o)
                0x00130918                gfxSwapBuffersGpu
 .text.getSysTime
                0x00130938       0x58 c:/devkitPro/libctru/lib\libctru.a(os.o)
 .text.__ctru_speedup_config.part.0
                0x00130990       0x28 c:/devkitPro/libctru/lib\libctru.a(os.o)
 .text.osConvertVirtToPhys
                0x001309b8       0x4c c:/devkitPro/libctru/lib\libctru.a(os.o)
                0x001309b8                osConvertVirtToPhys
 *fill*         0x00130a04        0x4 
 .text.__libctru_gtod
                0x00130a08      0x128 c:/devkitPro/libctru/lib\libctru.a(os.o)
                0x00130a08                __libctru_gtod
 .text.__ctru_speedup_config
                0x00130b30       0x18 c:/devkitPro/libctru/lib\libctru.a(os.o)
                0x00130b30                __ctru_speedup_config
 .text.romfs_close
                0x00130b48        0x8 c:/devkitPro/libctru/lib\libctru.a(romfs_dev.o)
 .text.romfs_seek
                0x00130b50       0xcc c:/devkitPro/libctru/lib\libctru.a(romfs_dev.o)
 .text.romfs_dirreset
                0x00130c1c       0x28 c:/devkitPro/libctru/lib\libctru.a(romfs_dev.o)
 .text.romfs_fstat
                0x00130c44       0x78 c:/devkitPro/libctru/lib\libctru.a(romfs_dev.o)
 .text._romfs_read_chk
                0x00130cbc       0x5c c:/devkitPro/libctru/lib\libctru.a(romfs_dev.o)
 .text.romfs_read
                0x00130d18       0xe8 c:/devkitPro/libctru/lib\libctru.a(romfs_dev.o)
 .text.romfs_free
                0x00130e00       0x7c c:/devkitPro/libctru/lib\libctru.a(romfs_dev.o)
 .text.romfsMountCommon
                0x00130e7c      0x16c c:/devkitPro/libctru/lib\libctru.a(romfs_dev.o)
 .text.romfs_dirnext
                0x00130fe8      0x254 c:/devkitPro/libctru/lib\libctru.a(romfs_dev.o)
 *fill*         0x0013123c        0x4 
 .text.romfsInitMtime.isra.4
                0x00131240       0xd0 c:/devkitPro/libctru/lib\libctru.a(romfs_dev.o)
 .text.searchForFile.constprop.7
                0x00131310       0xb4 c:/devkitPro/libctru/lib\libctru.a(romfs_dev.o)
 .text.searchForDir.constprop.8
                0x001313c4       0xb8 c:/devkitPro/libctru/lib\libctru.a(romfs_dev.o)
 .text.navigateToDir.constprop.6
                0x0013147c      0x1b8 c:/devkitPro/libctru/lib\libctru.a(romfs_dev.o)
 .text.romfs_open
                0x00131634      0x130 c:/devkitPro/libctru/lib\libctru.a(romfs_dev.o)
 .text.romfs_stat
                0x00131764      0x210 c:/devkitPro/libctru/lib\libctru.a(romfs_dev.o)
 .text.romfs_chdir
                0x00131974       0x54 c:/devkitPro/libctru/lib\libctru.a(romfs_dev.o)
 .text.romfs_diropen
                0x001319c8       0x78 c:/devkitPro/libctru/lib\libctru.a(romfs_dev.o)
 .text.romfs_dirclose
                0x00131a40        0x8 c:/devkitPro/libctru/lib\libctru.a(romfs_dev.o)
 .text.romfsMount
                0x00131a48      0x344 c:/devkitPro/libctru/lib\libctru.a(romfs_dev.o)
                0x00131a48                romfsMount
 .text.srvExit  0x00131d8c       0x58 c:/devkitPro/libctru/lib\libctru.a(srv.o)
                0x00131d8c                srvExit
 .text.srvRegisterClient
                0x00131de4       0x38 c:/devkitPro/libctru/lib\libctru.a(srv.o)
                0x00131de4                srvRegisterClient
 .text.srvInit  0x00131e1c       0xc4 c:/devkitPro/libctru/lib\libctru.a(srv.o)
                0x00131e1c                srvInit
 .text.srvGetServiceHandleDirect
                0x00131ee0       0x6c c:/devkitPro/libctru/lib\libctru.a(srv.o)
                0x00131ee0                srvGetServiceHandleDirect
 .text.srvGetServiceHandle
                0x00131f4c       0x38 c:/devkitPro/libctru/lib\libctru.a(srv.o)
                0x00131f4c                srvGetServiceHandle
 .text.gxCmdQueueAdd
                0x00131f84        0x4 c:/devkitPro/libctru/lib\libctru.a(gx.o)
                0x00131f84                gxCmdQueueAdd
 .text.submitGxCommand
                0x00131f88       0x38 c:/devkitPro/libctru/lib\libctru.a(gx.o)
 .text.GX_TextureCopy
                0x00131fc0       0x4c c:/devkitPro/libctru/lib\libctru.a(gx.o)
                0x00131fc0                GX_TextureCopy
 .text.ACU_GetWifiStatus
                0x0013200c       0x38 c:/devkitPro/libctru/lib\libctru.a(ac.o)
                0x0013200c                ACU_GetWifiStatus
 .text.acWaitInternetConnection
                0x00132044       0x3c c:/devkitPro/libctru/lib\libctru.a(ac.o)
                0x00132044                acWaitInternetConnection
 .text.amInit   0x00132080       0xa4 c:/devkitPro/libctru/lib\libctru.a(am.o)
                0x00132080                amInit
 .text.amExit   0x00132124       0x3c c:/devkitPro/libctru/lib\libctru.a(am.o)
                0x00132124                amExit
 .text.AM_StartCiaInstall
                0x00132160       0x48 c:/devkitPro/libctru/lib\libctru.a(am.o)
                0x00132160                AM_StartCiaInstall
 .text.AM_FinishCiaInstall
                0x001321a8       0x3c c:/devkitPro/libctru/lib\libctru.a(am.o)
                0x001321a8                AM_FinishCiaInstall
 .text.AM_InitializeExternalTitleDatabase
                0x001321e4       0x3c c:/devkitPro/libctru/lib\libctru.a(am.o)
                0x001321e4                AM_InitializeExternalTitleDatabase
 .text._aptDebug
                0x00132220        0x4 c:/devkitPro/libctru/lib\libctru.a(apt.o)
                0x00132220                _aptDebug
 .text.aptSendCommand
                0x00132224      0x15c c:/devkitPro/libctru/lib\libctru.a(apt.o)
                0x00132224                aptSendCommand
 .text.aptExitProcess
                0x00132380       0x3c c:/devkitPro/libctru/lib\libctru.a(apt.o)
 .text.APT_InquireNotification
                0x001323bc       0x4c c:/devkitPro/libctru/lib\libctru.a(apt.o)
                0x001323bc                APT_InquireNotification
 .text.aptEventHandler
                0x00132408      0x19c c:/devkitPro/libctru/lib\libctru.a(apt.o)
 .text.APT_AppletUtility
                0x001325a4       0x74 c:/devkitPro/libctru/lib\libctru.a(apt.o)
                0x001325a4                APT_AppletUtility
 .text.aptSetSleepAllowed
                0x00132618       0xb0 c:/devkitPro/libctru/lib\libctru.a(apt.o)
                0x00132618                aptSetSleepAllowed
 .text.APT_GlanceParameter
                0x001326c8       0xb0 c:/devkitPro/libctru/lib\libctru.a(apt.o)
                0x001326c8                APT_GlanceParameter
 .text.APT_ReceiveParameter
                0x00132778       0xc4 c:/devkitPro/libctru/lib\libctru.a(apt.o)
                0x00132778                APT_ReceiveParameter
 .text.aptReceiveParameter.constprop.1
                0x0013283c       0xbc c:/devkitPro/libctru/lib\libctru.a(apt.o)
 .text.aptScreenTransfer
                0x001328f8      0x1e8 c:/devkitPro/libctru/lib\libctru.a(apt.o)
 .text.aptWaitForWakeUp
                0x00132ae0      0x210 c:/devkitPro/libctru/lib\libctru.a(apt.o)
 .text.APT_CancelParameter
                0x00132cf0       0x70 c:/devkitPro/libctru/lib\libctru.a(apt.o)
                0x00132cf0                APT_CancelParameter
 .text.aptInit  0x00132d60      0x270 c:/devkitPro/libctru/lib\libctru.a(apt.o)
                0x00132d60                aptInit
 .text.aptClearParamQueue
                0x00132fd0       0x88 c:/devkitPro/libctru/lib\libctru.a(apt.o)
 .text.aptMainLoop.part.0
                0x00133058      0x1e4 c:/devkitPro/libctru/lib\libctru.a(apt.o)
 .text.aptMainLoop
                0x0013323c       0x1c c:/devkitPro/libctru/lib\libctru.a(apt.o)
                0x0013323c                aptMainLoop
 .text.aptExit  0x00133258      0x24c c:/devkitPro/libctru/lib\libctru.a(apt.o)
                0x00133258                aptExit
 .text.APT_CheckNew3DS
                0x001334a4       0x7c c:/devkitPro/libctru/lib\libctru.a(apt.o)
                0x001334a4                APT_CheckNew3DS
 .text.fsSessionForArchive.part.0
                0x00133520       0x28 c:/devkitPro/libctru/lib\libctru.a(fs.o)
 .text.fsInit   0x00133548       0xd0 c:/devkitPro/libctru/lib\libctru.a(fs.o)
                0x00133548                fsInit
 .text.fsExit   0x00133618       0x3c c:/devkitPro/libctru/lib\libctru.a(fs.o)
                0x00133618                fsExit
 .text.fsExemptFromSession
                0x00133654       0x74 c:/devkitPro/libctru/lib\libctru.a(fs.o)
                0x00133654                fsExemptFromSession
 .text.fsUnexemptFromSession
                0x001336c8       0x50 c:/devkitPro/libctru/lib\libctru.a(fs.o)
                0x001336c8                fsUnexemptFromSession
 .text.fsMakePath
                0x00133718       0x88 c:/devkitPro/libctru/lib\libctru.a(fs.o)
                0x00133718                fsMakePath
 .text.FSUSER_OpenFile
                0x001337a0       0xc0 c:/devkitPro/libctru/lib\libctru.a(fs.o)
                0x001337a0                FSUSER_OpenFile
 .text.FSUSER_OpenFileDirectly
                0x00133860       0xd4 c:/devkitPro/libctru/lib\libctru.a(fs.o)
                0x00133860                FSUSER_OpenFileDirectly
 .text.FSUSER_DeleteFile
                0x00133934       0xa8 c:/devkitPro/libctru/lib\libctru.a(fs.o)
                0x00133934                FSUSER_DeleteFile
 .text.FSUSER_RenameFile
                0x001339dc       0xe0 c:/devkitPro/libctru/lib\libctru.a(fs.o)
                0x001339dc                FSUSER_RenameFile
 .text.FSUSER_DeleteDirectory
                0x00133abc       0xa8 c:/devkitPro/libctru/lib\libctru.a(fs.o)
                0x00133abc                FSUSER_DeleteDirectory
 .text.FSUSER_CreateFile
                0x00133b64       0xc0 c:/devkitPro/libctru/lib\libctru.a(fs.o)
                0x00133b64                FSUSER_CreateFile
 .text.FSUSER_CreateDirectory
                0x00133c24       0xb0 c:/devkitPro/libctru/lib\libctru.a(fs.o)
                0x00133c24                FSUSER_CreateDirectory
 .text.FSUSER_RenameDirectory
                0x00133cd4       0xe0 c:/devkitPro/libctru/lib\libctru.a(fs.o)
                0x00133cd4                FSUSER_RenameDirectory
 .text.FSUSER_OpenDirectory
                0x00133db4       0xa4 c:/devkitPro/libctru/lib\libctru.a(fs.o)
                0x00133db4                FSUSER_OpenDirectory
 .text.FSUSER_OpenArchive
                0x00133e58       0x98 c:/devkitPro/libctru/lib\libctru.a(fs.o)
                0x00133e58                FSUSER_OpenArchive
 .text.FSUSER_ControlArchive
                0x00133ef0       0x9c c:/devkitPro/libctru/lib\libctru.a(fs.o)
                0x00133ef0                FSUSER_ControlArchive
 .text.FSUSER_CloseArchive
                0x00133f8c       0x74 c:/devkitPro/libctru/lib\libctru.a(fs.o)
                0x00133f8c                FSUSER_CloseArchive
 .text.FSUSER_GetSdmcArchiveResource
                0x00134000       0x78 c:/devkitPro/libctru/lib\libctru.a(fs.o)
                0x00134000                FSUSER_GetSdmcArchiveResource
 .text.FSUSER_IsSdmcWritable
                0x00134078       0x64 c:/devkitPro/libctru/lib\libctru.a(fs.o)
                0x00134078                FSUSER_IsSdmcWritable
 .text.FSFILE_Read
                0x001340dc       0x58 c:/devkitPro/libctru/lib\libctru.a(fs.o)
                0x001340dc                FSFILE_Read
 .text.FSFILE_Write
                0x00134134       0x64 c:/devkitPro/libctru/lib\libctru.a(fs.o)
                0x00134134                FSFILE_Write
 .text.FSFILE_GetSize
                0x00134198       0x38 c:/devkitPro/libctru/lib\libctru.a(fs.o)
                0x00134198                FSFILE_GetSize
 .text.FSFILE_SetSize
                0x001341d0       0x28 c:/devkitPro/libctru/lib\libctru.a(fs.o)
                0x001341d0                FSFILE_SetSize
 .text.FSFILE_Close
                0x001341f8       0x3c c:/devkitPro/libctru/lib\libctru.a(fs.o)
                0x001341f8                FSFILE_Close
 .text.FSFILE_Flush
                0x00134234       0x24 c:/devkitPro/libctru/lib\libctru.a(fs.o)
                0x00134234                FSFILE_Flush
 .text.FSDIR_Read
                0x00134258       0x54 c:/devkitPro/libctru/lib\libctru.a(fs.o)
                0x00134258                FSDIR_Read
 .text.FSDIR_Close
                0x001342ac       0x3c c:/devkitPro/libctru/lib\libctru.a(fs.o)
                0x001342ac                FSDIR_Close
 .text.gspInit  0x001342e8       0x74 c:/devkitPro/libctru/lib\libctru.a(gspgpu.o)
                0x001342e8                gspInit
 .text.gspExit  0x0013435c       0x3c c:/devkitPro/libctru/lib\libctru.a(gspgpu.o)
                0x0013435c                gspExit
 .text.gspInitEventHandler
                0x00134398       0xa0 c:/devkitPro/libctru/lib\libctru.a(gspgpu.o)
                0x00134398                gspInitEventHandler
 .text.gspExitEventHandler
                0x00134438       0x40 c:/devkitPro/libctru/lib\libctru.a(gspgpu.o)
                0x00134438                gspExitEventHandler
 .text.gspWaitForEvent
                0x00134478       0x44 c:/devkitPro/libctru/lib\libctru.a(gspgpu.o)
                0x00134478                gspWaitForEvent
 .text.gxCmdQueueInterrupt
                0x001344bc        0x4 c:/devkitPro/libctru/lib\libctru.a(gspgpu.o)
                0x001344bc                gxCmdQueueInterrupt
 .text.gspEventThreadMain
                0x001344c0      0x174 c:/devkitPro/libctru/lib\libctru.a(gspgpu.o)
 .text.gspSubmitGxCommand
                0x00134634      0x124 c:/devkitPro/libctru/lib\libctru.a(gspgpu.o)
                0x00134634                gspSubmitGxCommand
 .text.GSPGPU_WriteHWRegs
                0x00134758       0x68 c:/devkitPro/libctru/lib\libctru.a(gspgpu.o)
                0x00134758                GSPGPU_WriteHWRegs
 .text.GSPGPU_ReadHWRegs
                0x001347c0       0x68 c:/devkitPro/libctru/lib\libctru.a(gspgpu.o)
                0x001347c0                GSPGPU_ReadHWRegs
 .text.GSPGPU_SetBufferSwap
                0x00134828       0x6c c:/devkitPro/libctru/lib\libctru.a(gspgpu.o)
                0x00134828                GSPGPU_SetBufferSwap
 .text.GSPGPU_FlushDataCache
                0x00134894       0x4c c:/devkitPro/libctru/lib\libctru.a(gspgpu.o)
                0x00134894                GSPGPU_FlushDataCache
 .text.GSPGPU_InvalidateDataCache
                0x001348e0       0x4c c:/devkitPro/libctru/lib\libctru.a(gspgpu.o)
                0x001348e0                GSPGPU_InvalidateDataCache
 .text.GSPGPU_SetLcdForceBlack
                0x0013492c       0x34 c:/devkitPro/libctru/lib\libctru.a(gspgpu.o)
                0x0013492c                GSPGPU_SetLcdForceBlack
 .text.GSPGPU_RegisterInterruptRelayQueue
                0x00134960       0x64 c:/devkitPro/libctru/lib\libctru.a(gspgpu.o)
                0x00134960                GSPGPU_RegisterInterruptRelayQueue
 .text.GSPGPU_UnregisterInterruptRelayQueue
                0x001349c4       0x2c c:/devkitPro/libctru/lib\libctru.a(gspgpu.o)
                0x001349c4                GSPGPU_UnregisterInterruptRelayQueue
 .text.GSPGPU_AcquireRight
                0x001349f0       0x48 c:/devkitPro/libctru/lib\libctru.a(gspgpu.o)
                0x001349f0                GSPGPU_AcquireRight
 .text.GSPGPU_ReleaseRight
                0x00134a38       0x2c c:/devkitPro/libctru/lib\libctru.a(gspgpu.o)
                0x00134a38                GSPGPU_ReleaseRight
 .text.GSPGPU_ImportDisplayCaptureInfo
                0x00134a64       0x80 c:/devkitPro/libctru/lib\libctru.a(gspgpu.o)
                0x00134a64                GSPGPU_ImportDisplayCaptureInfo
 .text.GSPGPU_SaveVramSysArea
                0x00134ae4       0x2c c:/devkitPro/libctru/lib\libctru.a(gspgpu.o)
                0x00134ae4                GSPGPU_SaveVramSysArea
 .text.GSPGPU_RestoreVramSysArea
                0x00134b10       0x2c c:/devkitPro/libctru/lib\libctru.a(gspgpu.o)
                0x00134b10                GSPGPU_RestoreVramSysArea
 .text.hidExit  0x00134b3c       0xd0 c:/devkitPro/libctru/lib\libctru.a(hid.o)
                0x00134b3c                hidExit
 .text.hidScanInput
                0x00134c0c      0x26c c:/devkitPro/libctru/lib\libctru.a(hid.o)
                0x00134c0c                hidScanInput
 .text.hidKeysDown
                0x00134e78       0x10 c:/devkitPro/libctru/lib\libctru.a(hid.o)
                0x00134e78                hidKeysDown
 .text.HIDUSER_GetHandles
                0x00134e88       0x90 c:/devkitPro/libctru/lib\libctru.a(hid.o)
                0x00134e88                HIDUSER_GetHandles
 .text.hidInit  0x00134f18      0x1a8 c:/devkitPro/libctru/lib\libctru.a(hid.o)
                0x00134f18                hidInit
 .text.httpcInit
                0x001350c0      0x19c c:/devkitPro/libctru/lib\libctru.a(httpc.o)
                0x001350c0                httpcInit
 .text.httpcExit
                0x0013525c       0x94 c:/devkitPro/libctru/lib\libctru.a(httpc.o)
                0x0013525c                httpcExit
 .text.httpcOpenContext
                0x001352f0      0x138 c:/devkitPro/libctru/lib\libctru.a(httpc.o)
                0x001352f0                httpcOpenContext
 .text.httpcCloseContext
                0x00135428       0x44 c:/devkitPro/libctru/lib\libctru.a(httpc.o)
                0x00135428                httpcCloseContext
 .text.httpcAddRequestHeaderField
                0x0013546c       0x80 c:/devkitPro/libctru/lib\libctru.a(httpc.o)
                0x0013546c                httpcAddRequestHeaderField
 .text.httpcBeginRequest
                0x001354ec       0x30 c:/devkitPro/libctru/lib\libctru.a(httpc.o)
                0x001354ec                httpcBeginRequest
 .text.httpcReceiveData
                0x0013551c       0x44 c:/devkitPro/libctru/lib\libctru.a(httpc.o)
                0x0013551c                httpcReceiveData
 .text.httpcDownloadData
                0x00135560      0x100 c:/devkitPro/libctru/lib\libctru.a(httpc.o)
                0x00135560                httpcDownloadData
 .text.httpcGetDownloadSizeState
                0x00135660       0x54 c:/devkitPro/libctru/lib\libctru.a(httpc.o)
                0x00135660                httpcGetDownloadSizeState
 .text.httpcGetResponseHeader
                0x001356b4       0x78 c:/devkitPro/libctru/lib\libctru.a(httpc.o)
                0x001356b4                httpcGetResponseHeader
 .text.httpcGetResponseStatusCode
                0x0013572c       0x3c c:/devkitPro/libctru/lib\libctru.a(httpc.o)
                0x0013572c                httpcGetResponseStatusCode
 .text.httpcSetSSLOpt
                0x00135768       0x34 c:/devkitPro/libctru/lib\libctru.a(httpc.o)
                0x00135768                httpcSetSSLOpt
 .text.irrstScanInput
                0x0013579c       0xac c:/devkitPro/libctru/lib\libctru.a(irrst.o)
                0x0013579c                irrstScanInput
 .text.irrstKeysHeld
                0x00135848       0x24 c:/devkitPro/libctru/lib\libctru.a(irrst.o)
                0x00135848                irrstKeysHeld
 .text.IRRST_GetHandles
                0x0013586c       0x50 c:/devkitPro/libctru/lib\libctru.a(irrst.o)
                0x0013586c                IRRST_GetHandles
 .text.irrstInit
                0x001358bc      0x158 c:/devkitPro/libctru/lib\libctru.a(irrst.o)
                0x001358bc                irrstInit
 .text.IRRST_Shutdown
                0x00135a14       0x2c c:/devkitPro/libctru/lib\libctru.a(irrst.o)
                0x00135a14                IRRST_Shutdown
 .text.irrstExit
                0x00135a40       0xac c:/devkitPro/libctru/lib\libctru.a(irrst.o)
                0x00135a40                irrstExit
 .text.pmInit   0x00135aec       0x74 c:/devkitPro/libctru/lib\libctru.a(pm.o)
                0x00135aec                pmInit
 .text.pmExit   0x00135b60       0x3c c:/devkitPro/libctru/lib\libctru.a(pm.o)
                0x00135b60                pmExit
 .text.PM_LaunchFIRMSetParams
                0x00135b9c       0x44 c:/devkitPro/libctru/lib\libctru.a(pm.o)
                0x00135b9c                PM_LaunchFIRMSetParams
 .text.ptmSysmInit
                0x00135be0       0x74 c:/devkitPro/libctru/lib\libctru.a(ptmsysm.o)
                0x00135be0                ptmSysmInit
 .text.ptmSysmExit
                0x00135c54       0x3c c:/devkitPro/libctru/lib\libctru.a(ptmsysm.o)
                0x00135c54                ptmSysmExit
 .text.PTMSYSM_ConfigureNew3DSCPU
                0x00135c90       0x34 c:/devkitPro/libctru/lib\libctru.a(ptmsysm.o)
                0x00135c90                PTMSYSM_ConfigureNew3DSCPU
 .text.srvPmGetSessionHandle
                0x00135cc4        0xc c:/devkitPro/libctru/lib\libctru.a(srvpm.o)
                0x00135cc4                srvPmGetSessionHandle
 .text.fcntl    0x00135cd0      0x15c c:/devkitPro/libctru/lib\libctru.a(soc_fcntl.o)
                0x00135cd0                fcntl
 .text.rbtree_find
                0x00135e2c       0x6c c:/devkitPro/libctru/lib\libctru.a(rbtree_find.o)
                0x00135e2c                rbtree_find
 .text.rbtree_init
                0x00135e98       0x14 c:/devkitPro/libctru/lib\libctru.a(rbtree_init.o)
                0x00135e98                rbtree_init
 .text.do_insert
                0x00135eac      0x18c c:/devkitPro/libctru/lib\libctru.a(rbtree_insert.o)
 .text.rbtree_insert
                0x00136038        0x8 c:/devkitPro/libctru/lib\libctru.a(rbtree_insert.o)
                0x00136038                rbtree_insert
 .text.rbtree_remove
                0x00136040      0x32c c:/devkitPro/libctru/lib\libctru.a(rbtree_remove.o)
                0x00136040                rbtree_remove
 .text.rbtree_rotate
                0x0013636c       0x94 c:/devkitPro/libctru/lib\libctru.a(rbtree_rotate.o)
                0x0013636c                rbtree_rotate
 .text.utf16_to_utf8
                0x00136400       0xe8 c:/devkitPro/libctru/lib\libctru.a(utf16_to_utf8.o)
                0x00136400                utf16_to_utf8
 .text.utf8_to_utf16
                0x001364e8       0xc0 c:/devkitPro/libctru/lib\libctru.a(utf8_to_utf16.o)
                0x001364e8                utf8_to_utf16
 .text.__system_initArgv
                0x001365a8       0xec c:/devkitPro/libctru/lib\libctru.a(initArgv.o)
                0x001365a8                __system_initArgv
 .text.__libctru_init
                0x00136694       0x38 c:/devkitPro/libctru/lib\libctru.a(initSystem.o)
                0x00136694                __libctru_init
 .text.__ctru_get_reent
                0x001366cc       0x30 c:/devkitPro/libctru/lib\libctru.a(syscalls.o)
 .text.__system_initSyscalls
                0x001366fc       0xe4 c:/devkitPro/libctru/lib\libctru.a(syscalls.o)
                0x001366fc                __system_initSyscalls
 .text.svcControlMemory
                0x001367e0       0x20 c:/devkitPro/libctru/lib\libctru.a(svc.o)
                0x001367e0                svcControlMemory
 .text.svcExitProcess
                0x00136800        0x8 c:/devkitPro/libctru/lib\libctru.a(svc.o)
                0x00136800                svcExitProcess
 .text.svcCreateThread
                0x00136808       0x20 c:/devkitPro/libctru/lib\libctru.a(svc.o)
                0x00136808                svcCreateThread
 .text.svcExitThread
                0x00136828        0x8 c:/devkitPro/libctru/lib\libctru.a(svc.o)
                0x00136828                svcExitThread
 .text.svcSleepThread
                0x00136830        0x8 c:/devkitPro/libctru/lib\libctru.a(svc.o)
                0x00136830                svcSleepThread
 .text.svcReleaseMutex
                0x00136838        0x8 c:/devkitPro/libctru/lib\libctru.a(svc.o)
                0x00136838                svcReleaseMutex
 .text.svcCreateEvent
                0x00136840       0x14 c:/devkitPro/libctru/lib\libctru.a(svc.o)
                0x00136840                svcCreateEvent
 .text.svcSignalEvent
                0x00136854        0x8 c:/devkitPro/libctru/lib\libctru.a(svc.o)
                0x00136854                svcSignalEvent
 .text.svcClearEvent
                0x0013685c        0x8 c:/devkitPro/libctru/lib\libctru.a(svc.o)
                0x0013685c                svcClearEvent
 .text.svcCreateMemoryBlock
                0x00136864       0x18 c:/devkitPro/libctru/lib\libctru.a(svc.o)
                0x00136864                svcCreateMemoryBlock
 .text.svcMapMemoryBlock
                0x0013687c        0x8 c:/devkitPro/libctru/lib\libctru.a(svc.o)
                0x0013687c                svcMapMemoryBlock
 .text.svcUnmapMemoryBlock
                0x00136884        0x8 c:/devkitPro/libctru/lib\libctru.a(svc.o)
                0x00136884                svcUnmapMemoryBlock
 .text.svcCreateAddressArbiter
                0x0013688c       0x14 c:/devkitPro/libctru/lib\libctru.a(svc.o)
                0x0013688c                svcCreateAddressArbiter
 .text.svcArbitrateAddress
                0x001368a0       0x18 c:/devkitPro/libctru/lib\libctru.a(svc.o)
                0x001368a0                svcArbitrateAddress
 .text.svcCloseHandle
                0x001368b8        0x8 c:/devkitPro/libctru/lib\libctru.a(svc.o)
                0x001368b8                svcCloseHandle
 .text.svcWaitSynchronization
                0x001368c0        0x8 c:/devkitPro/libctru/lib\libctru.a(svc.o)
                0x001368c0                svcWaitSynchronization
 .text.svcWaitSynchronizationN
                0x001368c8       0x28 c:/devkitPro/libctru/lib\libctru.a(svc.o)
                0x001368c8                svcWaitSynchronizationN
 .text.svcDuplicateHandle
                0x001368f0       0x14 c:/devkitPro/libctru/lib\libctru.a(svc.o)
                0x001368f0                svcDuplicateHandle
 .text.svcGetSystemTick
                0x00136904        0x8 c:/devkitPro/libctru/lib\libctru.a(svc.o)
                0x00136904                svcGetSystemTick
 .text.svcGetSystemInfo
                0x0013690c       0x18 c:/devkitPro/libctru/lib\libctru.a(svc.o)
                0x0013690c                svcGetSystemInfo
 .text.svcConnectToPort
                0x00136924       0x14 c:/devkitPro/libctru/lib\libctru.a(svc.o)
                0x00136924                svcConnectToPort
 .text.svcSendSyncRequest
                0x00136938        0x8 c:/devkitPro/libctru/lib\libctru.a(svc.o)
                0x00136938                svcSendSyncRequest
 .text.svcBreak
                0x00136940        0x8 c:/devkitPro/libctru/lib\libctru.a(svc.o)
                0x00136940                svcBreak
 .text.svcBackdoor
                0x00136948        0x8 c:/devkitPro/libctru/lib\libctru.a(svc.o)
                0x00136948                svcBackdoor
 .text._ZL21addrMapNodeComparatorPK11rbtree_nodeS1_
                0x00136950       0x24 c:/devkitPro/libctru/lib\libctru.a(mappable.o)
 .text._ZL21addrMapNodeDestructorP11rbtree_node
                0x00136974        0x4 c:/devkitPro/libctru/lib\libctru.a(mappable.o)
 .text.mappableAlloc
                0x00136978       0xe4 c:/devkitPro/libctru/lib\libctru.a(mappable.o)
                0x00136978                mappableAlloc
 .text.mappableFree
                0x00136a5c       0x50 c:/devkitPro/libctru/lib\libctru.a(mappable.o)
                0x00136a5c                mappableFree
 .text._ZL21addrMapNodeComparatorPK11rbtree_nodeS1_
                0x00136aac       0x24 c:/devkitPro/libctru/lib\libctru.a(vram.o)
 .text._ZL21addrMapNodeDestructorP11rbtree_node
                0x00136ad0        0x4 c:/devkitPro/libctru/lib\libctru.a(vram.o)
 .text.vramMemAlign
                0x00136ad4      0x110 c:/devkitPro/libctru/lib\libctru.a(vram.o)
                0x00136ad4                vramMemAlign
 .text.vramAlloc
                0x00136be4        0x8 c:/devkitPro/libctru/lib\libctru.a(vram.o)
                0x00136be4                vramAlloc
 .text.vramFree
                0x00136bec       0x50 c:/devkitPro/libctru/lib\libctru.a(vram.o)
                0x00136bec                vramFree
 .text.envGetHandle
                0x00136c3c       0x84 c:/devkitPro/libctru/lib\libctru.a(env.o)
                0x00136c3c                envGetHandle
 .text.envDestroyHandles
                0x00136cc0       0x4c c:/devkitPro/libctru/lib\libctru.a(env.o)
                0x00136cc0                envDestroyHandles
 .text.LightLock_Unlock.part.1
                0x00136d0c       0x34 c:/devkitPro/libctru/lib\libctru.a(synchronization.o)
 .text.__sync_init
                0x00136d40        0xc c:/devkitPro/libctru/lib\libctru.a(synchronization.o)
                0x00136d40                __sync_init
 .text.__sync_fini
                0x00136d4c       0x18 c:/devkitPro/libctru/lib\libctru.a(synchronization.o)
                0x00136d4c                __sync_fini
 .text.__sync_get_arbiter
                0x00136d64       0x10 c:/devkitPro/libctru/lib\libctru.a(synchronization.o)
                0x00136d64                __sync_get_arbiter
 .text.LightLock_Init
                0x00136d74       0x18 c:/devkitPro/libctru/lib\libctru.a(synchronization.o)
                0x00136d74                LightLock_Init
 .text.LightLock_Lock
                0x00136d8c       0x9c c:/devkitPro/libctru/lib\libctru.a(synchronization.o)
                0x00136d8c                LightLock_Lock
 .text.LightLock_TryLock
                0x00136e28       0x34 c:/devkitPro/libctru/lib\libctru.a(synchronization.o)
                0x00136e28                LightLock_TryLock
 .text.LightLock_Unlock
                0x00136e5c       0x20 c:/devkitPro/libctru/lib\libctru.a(synchronization.o)
                0x00136e5c                LightLock_Unlock
 .text.RecursiveLock_Init
                0x00136e7c       0x24 c:/devkitPro/libctru/lib\libctru.a(synchronization.o)
                0x00136e7c                RecursiveLock_Init
 .text.RecursiveLock_Lock
                0x00136ea0       0x30 c:/devkitPro/libctru/lib\libctru.a(synchronization.o)
                0x00136ea0                RecursiveLock_Lock
 .text.RecursiveLock_TryLock
                0x00136ed0       0x58 c:/devkitPro/libctru/lib\libctru.a(synchronization.o)
                0x00136ed0                RecursiveLock_TryLock
 .text.RecursiveLock_Unlock
                0x00136f28       0x38 c:/devkitPro/libctru/lib\libctru.a(synchronization.o)
                0x00136f28                RecursiveLock_Unlock
 .text.LightEvent_Init
                0x00136f60       0x38 c:/devkitPro/libctru/lib\libctru.a(synchronization.o)
                0x00136f60                LightEvent_Init
 .text.LightEvent_Clear
                0x00136f98       0x7c c:/devkitPro/libctru/lib\libctru.a(synchronization.o)
                0x00136f98                LightEvent_Clear
 .text.LightEvent_Signal
                0x00137014       0xdc c:/devkitPro/libctru/lib\libctru.a(synchronization.o)
                0x00137014                LightEvent_Signal
 .text.LightEvent_Wait
                0x001370f0       0xbc c:/devkitPro/libctru/lib\libctru.a(synchronization.o)
                0x001370f0                LightEvent_Wait
 .text.threadFree.part.0
                0x001371ac       0x1c c:/devkitPro/libctru/lib\libctru.a(thread.o)
 .text.threadCreate
                0x001371c8      0x1ac c:/devkitPro/libctru/lib\libctru.a(thread.o)
                0x001371c8                threadCreate
 .text.threadJoin
                0x00137374       0x24 c:/devkitPro/libctru/lib\libctru.a(thread.o)
                0x00137374                threadJoin
 .text.threadExit
                0x00137398       0x64 c:/devkitPro/libctru/lib\libctru.a(thread.o)
                0x00137398                threadExit
 .text._thread_begin
                0x001373fc       0x40 c:/devkitPro/libctru/lib\libctru.a(thread.o)
 .text._net_convert_error
                0x0013743c       0x3c c:/devkitPro/libctru/lib\libctru.a(soc_common.o)
                0x0013743c                _net_convert_error
 .text.rbtree_node_next
                0x00137478       0x74 c:/devkitPro/libctru/lib\libctru.a(rbtree_iterator.o)
                0x00137478                rbtree_node_next
 .text.decode_utf16
                0x001374ec       0x60 c:/devkitPro/libctru/lib\libctru.a(decode_utf16.o)
                0x001374ec                decode_utf16
 .text.decode_utf8
                0x0013754c      0x138 c:/devkitPro/libctru/lib\libctru.a(decode_utf8.o)
                0x0013754c                decode_utf8
 .text.encode_utf16
                0x00137684       0x68 c:/devkitPro/libctru/lib\libctru.a(encode_utf16.o)
                0x00137684                encode_utf16
 .text.encode_utf8
                0x001376ec      0x104 c:/devkitPro/libctru/lib\libctru.a(encode_utf8.o)
                0x001376ec                encode_utf8
 .text.__appExit
                0x001377f0       0x1c c:/devkitPro/libctru/lib\libctru.a(appExit.o)
                0x001377f0                __appExit
 .text.__appInit
                0x0013780c       0x1c c:/devkitPro/libctru/lib\libctru.a(appInit.o)
                0x0013780c                __appInit
 .text.__libctru_exit
                0x00137828       0xa4 c:/devkitPro/libctru/lib\libctru.a(ctru_exit.o)
                0x00137828                __libctru_exit
 .text.sdmc_link
                0x001378cc       0x10 c:/devkitPro/libctru/lib\libctru.a(sdmc_dev.o)
 .text.sdmc_dirreset
                0x001378dc       0x10 c:/devkitPro/libctru/lib\libctru.a(sdmc_dev.o)
 .text.sdmc_chmod
                0x001378ec       0x10 c:/devkitPro/libctru/lib\libctru.a(sdmc_dev.o)
 .text.error_cmp
                0x001378fc       0x24 c:/devkitPro/libctru/lib\libctru.a(sdmc_dev.o)
 .text.sdmc_translate_error
                0x00137920       0x50 c:/devkitPro/libctru/lib\libctru.a(sdmc_dev.o)
 .text.sdmc_fsync
                0x00137970       0x34 c:/devkitPro/libctru/lib\libctru.a(sdmc_dev.o)
 .text.sdmc_ftruncate
                0x001379a4       0x54 c:/devkitPro/libctru/lib\libctru.a(sdmc_dev.o)
 .text.sdmc_statvfs
                0x001379f8       0xb8 c:/devkitPro/libctru/lib\libctru.a(sdmc_dev.o)
 .text.sdmc_dirclose